###############################################################################
#
# IAR ANSI C/C++ Compiler V9.20.1.318/W64 for ARM         08/Feb/2022  20:54:23
# Copyright 1999-2021 IAR Systems AB.
#
#    Cpu mode                     =  thumb
#    Endian                       =  little
#    Source file                  =
#        D:\99_Project\GitHub\TouchGFX\MyApplication\TouchGFX\gui\src\screen1_screen\Screen1View.cpp
#        [UTF-8]
#    Command line                 =
#        -f
#        D:\99_Project\GitHub\TouchGFX\MyApplication\EWARM\STM32H7B3I-DK\Obj\TouchGFX\gui\screen1_screen\Screen1View.o.rsp
#        (D:\99_Project\GitHub\TouchGFX\MyApplication\TouchGFX\gui\src\screen1_screen\Screen1View.cpp
#        -D USE_HAL_DRIVER -D STM32H7B3xxQ -D USE_BPP=24 -lC
#        D:\99_Project\GitHub\TouchGFX\MyApplication\EWARM\STM32H7B3I-DK\List\TouchGFX\gui\screen1_screen
#        -lA
#        D:\99_Project\GitHub\TouchGFX\MyApplication\EWARM\STM32H7B3I-DK\List\TouchGFX\gui\screen1_screen
#        -o
#        D:\99_Project\GitHub\TouchGFX\MyApplication\EWARM\STM32H7B3I-DK\Obj\TouchGFX\gui\screen1_screen
#        --no_cse --no_unroll --no_inline --no_code_motion --no_tbaa
#        --no_clustering --no_scheduling --debug --endian=little
#        --cpu=Cortex-M7 -e --fpu=VFPv5_d16 --dlib_config "C:\Program Files\IAR
#        Systems\Embedded Workbench 9.0\arm\inc\c\DLib_Config_Full.h" -I
#        D:\99_Project\GitHub\TouchGFX\MyApplication\EWARM/../Core/Inc\ -I
#        D:\99_Project\GitHub\TouchGFX\MyApplication\EWARM/../TouchGFX/App\ -I
#        D:\99_Project\GitHub\TouchGFX\MyApplication\EWARM/../TouchGFX/target/generated\
#        -I
#        D:\99_Project\GitHub\TouchGFX\MyApplication\EWARM/../TouchGFX/target\
#        -I
#        D:\99_Project\GitHub\TouchGFX\MyApplication\EWARM/../Drivers/STM32H7xx_HAL_Driver/Inc\
#        -I
#        D:\99_Project\GitHub\TouchGFX\MyApplication\EWARM/../Drivers/STM32H7xx_HAL_Driver/Inc/Legacy\
#        -I
#        D:\99_Project\GitHub\TouchGFX\MyApplication\EWARM/../Middlewares/Third_Party/FreeRTOS/Source/include\
#        -I
#        D:\99_Project\GitHub\TouchGFX\MyApplication\EWARM/../Middlewares/Third_Party/FreeRTOS/Source/CMSIS_RTOS_V2\
#        -I
#        D:\99_Project\GitHub\TouchGFX\MyApplication\EWARM/../Middlewares/Third_Party/FreeRTOS/Source/portable/IAR/ARM_CM4F\
#        -I
#        D:\99_Project\GitHub\TouchGFX\MyApplication\EWARM/../Drivers/CMSIS/Device/ST/STM32H7xx/Include\
#        -I
#        D:\99_Project\GitHub\TouchGFX\MyApplication\EWARM/../Drivers/CMSIS/Include\
#        -I
#        D:\99_Project\GitHub\TouchGFX\MyApplication\EWARM/../Drivers/BSP/Components/Common\
#        -I
#        D:\99_Project\GitHub\TouchGFX\MyApplication\EWARM/../Drivers/BSP/STM32H7B3I-DK\
#        -I
#        D:\99_Project\GitHub\TouchGFX\MyApplication\EWARM/../Middlewares/ST/touchgfx/framework/include\
#        -I
#        D:\99_Project\GitHub\TouchGFX\MyApplication\EWARM/../TouchGFX/generated/fonts/include\
#        -I
#        D:\99_Project\GitHub\TouchGFX\MyApplication\EWARM/../TouchGFX/generated/gui_generated/include\
#        -I
#        D:\99_Project\GitHub\TouchGFX\MyApplication\EWARM/../TouchGFX/generated/images/include\
#        -I
#        D:\99_Project\GitHub\TouchGFX\MyApplication\EWARM/../TouchGFX/generated/texts/include\
#        -I
#        D:\99_Project\GitHub\TouchGFX\MyApplication\EWARM/../TouchGFX/gui/include\
#        -I
#        D:\99_Project\GitHub\TouchGFX\MyApplication\EWARM/../TouchGFX/generated/videos/include\
#        -Ol --c++ --no_exceptions --no_rtti --no_static_destruction
#        --source_encoding utf8 --text_out utf8 --utf8_text_in)
#        --dependencies=n
#        D:\99_Project\GitHub\TouchGFX\MyApplication\EWARM\STM32H7B3I-DK\Obj\TouchGFX\gui\screen1_screen\Screen1View.o.d
#    Locale                       =  C
#    List file                    =
#        D:\99_Project\GitHub\TouchGFX\MyApplication\EWARM\STM32H7B3I-DK\List\TouchGFX\gui\screen1_screen\Screen1View.lst
#    Object file                  =
#        D:\99_Project\GitHub\TouchGFX\MyApplication\EWARM\STM32H7B3I-DK\Obj\TouchGFX\gui\screen1_screen\Screen1View.o
#    Runtime model:                  
#      __CPP_Exceptions           =  Disabled
#      __CPP_Language             =  C++14
#      __CPP_Library              =  DLib
#      __CPP_Runtime              =  1
#      __SystemLibrary            =  DLib
#      __dlib_full_locale_support =  1
#      __dlib_version             =  6
#
###############################################################################

D:\99_Project\GitHub\TouchGFX\MyApplication\TouchGFX\gui\src\screen1_screen\Screen1View.cpp
      1          #include <gui/screen1_screen/Screen1View.hpp>

   \                                 In section .text, align 2
   \   __vfp void touchgfx::Screen::afterTransition()
   \                     _ZN8touchgfx6Screen15afterTransitionEv: (+1)
   \        0x0   0x4770             BX       LR

   \                                 In section .text, align 2
   \   __vfp void touchgfx::Screen::tearDownScreen()
   \                     _ZN8touchgfx6Screen14tearDownScreenEv: (+1)
   \        0x0   0x4770             BX       LR

   \                                 In section .text, align 2
   \   __vfp void touchgfx::Screen::handleTickEvent()
   \                     _ZN8touchgfx6Screen15handleTickEventEv: (+1)
   \        0x0   0x4770             BX       LR

   \                                 In section .text, align 2
   \   __vfp void touchgfx::Screen::handleKeyEvent(uint8_t)
   \                     _ZN8touchgfx6Screen14handleKeyEventEh: (+1)
   \        0x0   0x4770             BX       LR

   \                                 In section .text, align 2
   \   __vfp Screen1View::~Screen1View() noexcept
   \                     _ZN11Screen1ViewD1Ev: (+1)
   \        0x0   0x4770             BX       LR

   \                                 In section .text, align 2
   \   __vfp Screen1View::deleter ~Screen1View() noexcept
   \                     _ZN11Screen1ViewD0Ev: (+1)
   \        0x0   0xB510             PUSH     {R4,LR}
   \        0x2   0x0004             MOVS     R4,R0
   \        0x4   0x0020             MOVS     R0,R4
   \        0x6   0x.... 0x....      BL       _ZN11Screen1ViewD1Ev
   \        0xA   0xF44F 0x7196      MOV      R1,#+300
   \        0xE   0x0020             MOVS     R0,R4
   \       0x10   0x.... 0x....      BL       _ZdlPvj
   \       0x14   0xBD10             POP      {R4,PC}
      2          

   \                                 In section .text, align 2, keep-with-next
   \   __vfp Screen1View::subobject Screen1View()
   \                     _ZN11Screen1ViewC2Ev: (+1)
   \        0x0   0xB580             PUSH     {R7,LR}
   \        0x2   0x.... 0x....      BL       _ZN11Screen1ViewC1Ev
   \        0x6   0xBD02             POP      {R1,PC}

   \                                 In section .text, align 2, keep-with-next
      3          Screen1View::Screen1View()
      4          {
   \                     _ZN11Screen1ViewC1Ev: (+1)
   \        0x0   0xB510             PUSH     {R4,LR}
   \        0x2   0x0004             MOVS     R4,R0
   \        0x4   0x0020             MOVS     R0,R4
   \        0x6   0x.... 0x....      BL       _ZN15Screen1ViewBaseC2Ev
   \        0xA   0x....             LDR.N    R0,??DataTable1
   \        0xC   0x6020             STR      R0,[R4, #+0]
      5          
      6          }
   \        0xE   0x0020             MOVS     R0,R4
   \       0x10   0xBD10             POP      {R4,PC}
      7          

   \                                 In section .text, align 2, keep-with-next
      8          void Screen1View::setupScreen()
      9          {
   \                     _ZN11Screen1View11setupScreenEv: (+1)
   \        0x0   0xB580             PUSH     {R7,LR}
     10              Screen1ViewBase::setupScreen();
   \        0x2   0x.... 0x....      BL       _ZN15Screen1ViewBase11setupScreenEv
     11          }
   \        0x6   0xBD01             POP      {R0,PC}
     12          

   \                                 In section .text, align 2, keep-with-next
     13          void Screen1View::tearDownScreen()
     14          {
   \                     _ZN11Screen1View14tearDownScreenEv: (+1)
   \        0x0   0xB580             PUSH     {R7,LR}
     15              Screen1ViewBase::tearDownScreen();
   \        0x2   0x.... 0x....      BL       _ZN8touchgfx6Screen14tearDownScreenEv
     16          }
   \        0x6   0xBD01             POP      {R0,PC}

   \                                 In section .text, align 4, keep-with-next
   \                     ??DataTable1:
   \        0x0   0x....'....        DC32     _ZTV11Screen1View+0x8

   Maximum stack usage in bytes:

   .cstack Function
   ------- --------
       8   Screen1View::Screen1View()
         8   -> Screen1ViewBase::subobject Screen1ViewBase()
       8   Screen1View::deleter ~Screen1View() noexcept
         8   -> Screen1View::~Screen1View() noexcept
         8   -> operator delete(void *, unsigned int) noexcept
       8   Screen1View::setupScreen()
         8   -> Screen1ViewBase::setupScreen()
       8   Screen1View::subobject Screen1View()
         8   -> Screen1View::Screen1View()
       8   Screen1View::tearDownScreen()
         8   -> touchgfx::Screen::tearDownScreen()
       0   Screen1View::~Screen1View() noexcept
       0   touchgfx::Screen::afterTransition()
       0   touchgfx::Screen::handleKeyEvent(uint8_t)
       0   touchgfx::Screen::handleTickEvent()
       0   touchgfx::Screen::tearDownScreen()


   Section sizes:

   Bytes  Function/Label
   -----  --------------
       4  ??DataTable1
      18  Screen1View::Screen1View()
      22  Screen1View::deleter ~Screen1View() noexcept
       8  Screen1View::setupScreen()
       8  Screen1View::subobject Screen1View()
       8  Screen1View::tearDownScreen()
       2  Screen1View::~Screen1View() noexcept
       2  touchgfx::Screen::afterTransition()
       2  touchgfx::Screen::handleKeyEvent(uint8_t)
       2  touchgfx::Screen::handleTickEvent()
       2  touchgfx::Screen::tearDownScreen()
     132  -- Other

 
 132 bytes in section .rodata
  78 bytes in section .text
 
 46 bytes of CODE  memory (+  32 bytes shared)
  0 bytes of CONST memory (+ 132 bytes shared)

Errors: none
Warnings: none
