###############################################################################
#
# IAR ELF Linker V9.20.1.318/W64 for ARM                  05/Feb/2022  17:09:48
# Copyright 2007-2021 IAR Systems AB.
#
#    Output file  =
#        D:\99_Project\GitHub\TouchGFX\MyApplication\EWARM\STM32H7B3I-DK\Exe\STM32H7B3I-DK.out
#    Map file     =
#        D:\99_Project\GitHub\TouchGFX\MyApplication\EWARM\STM32H7B3I-DK\List\STM32H7B3I-DK.map
#    Command line =
#        -f
#        D:\99_Project\GitHub\TouchGFX\MyApplication\EWARM\STM32H7B3I-DK\Exe\STM32H7B3I-DK.out.rsp
#        (D:\99_Project\GitHub\TouchGFX\MyApplication\EWARM\STM32H7B3I-DK\Obj\Application\User\TouchGFX\App\app_touchgfx.o
#        D:\99_Project\GitHub\TouchGFX\MyApplication\EWARM\STM32H7B3I-DK\Obj\TouchGFX\generated\fonts\ApplicationFontProvider.o
#        D:\99_Project\GitHub\TouchGFX\MyApplication\EWARM\STM32H7B3I-DK\Obj\TouchGFX\generated\images\BitmapDatabase.o
#        D:\99_Project\GitHub\TouchGFX\MyApplication\EWARM\STM32H7B3I-DK\Obj\TouchGFX\generated\fonts\CachedFont.o
#        D:\99_Project\GitHub\TouchGFX\MyApplication\EWARM\STM32H7B3I-DK\Obj\Middlewares\FreeRTOS\cmsis_os2.o
#        D:\99_Project\GitHub\TouchGFX\MyApplication\EWARM\STM32H7B3I-DK\Obj\Middlewares\FreeRTOS\croutine.o
#        D:\99_Project\GitHub\TouchGFX\MyApplication\EWARM\STM32H7B3I-DK\Obj\Middlewares\FreeRTOS\event_groups.o
#        D:\99_Project\GitHub\TouchGFX\MyApplication\EWARM\STM32H7B3I-DK\Obj\TouchGFX\generated\fonts\Font_verdana_10_4bpp_0.o
#        D:\99_Project\GitHub\TouchGFX\MyApplication\EWARM\STM32H7B3I-DK\Obj\TouchGFX\generated\fonts\Font_verdana_20_4bpp_0.o
#        D:\99_Project\GitHub\TouchGFX\MyApplication\EWARM\STM32H7B3I-DK\Obj\TouchGFX\generated\fonts\Font_verdana_40_4bpp_0.o
#        D:\99_Project\GitHub\TouchGFX\MyApplication\EWARM\STM32H7B3I-DK\Obj\TouchGFX\generated\fonts\FontCache.o
#        D:\99_Project\GitHub\TouchGFX\MyApplication\EWARM\STM32H7B3I-DK\Obj\Application\User\Core\freertos.o
#        D:\99_Project\GitHub\TouchGFX\MyApplication\EWARM\STM32H7B3I-DK\Obj\TouchGFX\gui\common\FrontendApplication.o
#        D:\99_Project\GitHub\TouchGFX\MyApplication\EWARM\STM32H7B3I-DK\Obj\TouchGFX\generated\gui_generated\FrontendApplicationBase.o
#        D:\99_Project\GitHub\TouchGFX\MyApplication\EWARM\STM32H7B3I-DK\Obj\Drivers\BSP\Components\ft5336.o
#        D:\99_Project\GitHub\TouchGFX\MyApplication\EWARM\STM32H7B3I-DK\Obj\Drivers\BSP\Components\ft5336_reg.o
#        D:\99_Project\GitHub\TouchGFX\MyApplication\EWARM\STM32H7B3I-DK\Obj\TouchGFX\generated\fonts\GeneratedFont.o
#        D:\99_Project\GitHub\TouchGFX\MyApplication\EWARM\STM32H7B3I-DK\Obj\Middlewares\FreeRTOS\heap_4.o
#        D:\99_Project\GitHub\TouchGFX\MyApplication\EWARM\STM32H7B3I-DK\Obj\TouchGFX\generated\images\image_Blue_Buttons_Round_icon_button.o
#        D:\99_Project\GitHub\TouchGFX\MyApplication\EWARM\STM32H7B3I-DK\Obj\TouchGFX\generated\images\image_Blue_Buttons_Round_icon_button_pressed.o
#        D:\99_Project\GitHub\TouchGFX\MyApplication\EWARM\STM32H7B3I-DK\Obj\TouchGFX\generated\fonts\Kerning_verdana_10_4bpp.o
#        D:\99_Project\GitHub\TouchGFX\MyApplication\EWARM\STM32H7B3I-DK\Obj\TouchGFX\generated\fonts\Kerning_verdana_20_4bpp.o
#        D:\99_Project\GitHub\TouchGFX\MyApplication\EWARM\STM32H7B3I-DK\Obj\TouchGFX\generated\fonts\Kerning_verdana_40_4bpp.o
#        D:\99_Project\GitHub\TouchGFX\MyApplication\EWARM\STM32H7B3I-DK\Obj\TouchGFX\generated\texts\LanguageGb.o
#        D:\99_Project\GitHub\TouchGFX\MyApplication\EWARM\STM32H7B3I-DK\Obj\Middlewares\FreeRTOS\list.o
#        D:\99_Project\GitHub\TouchGFX\MyApplication\EWARM\STM32H7B3I-DK\Obj\Application\User\Core\main.o
#        D:\99_Project\GitHub\TouchGFX\MyApplication\EWARM\STM32H7B3I-DK\Obj\TouchGFX\gui\model\Model.o
#        D:\99_Project\GitHub\TouchGFX\MyApplication\EWARM\STM32H7B3I-DK\Obj\Drivers\BSP\Components\mx25lm51245g.o
#        D:\99_Project\GitHub\TouchGFX\MyApplication\EWARM\STM32H7B3I-DK\Obj\Application\User\TouchGFX\target\generated\OSWrappers.o
#        D:\99_Project\GitHub\TouchGFX\MyApplication\EWARM\STM32H7B3I-DK\Obj\Middlewares\FreeRTOS\port.o
#        D:\99_Project\GitHub\TouchGFX\MyApplication\EWARM\STM32H7B3I-DK\Obj\Middlewares\FreeRTOS\portasm.o
#        D:\99_Project\GitHub\TouchGFX\MyApplication\EWARM\STM32H7B3I-DK\Obj\Middlewares\FreeRTOS\queue.o
#        D:\99_Project\GitHub\TouchGFX\MyApplication\EWARM\STM32H7B3I-DK\Obj\TouchGFX\gui\screen1_screen\Screen1Presenter.o
#        D:\99_Project\GitHub\TouchGFX\MyApplication\EWARM\STM32H7B3I-DK\Obj\TouchGFX\gui\screen1_screen\Screen1View.o
#        D:\99_Project\GitHub\TouchGFX\MyApplication\EWARM\STM32H7B3I-DK\Obj\TouchGFX\generated\gui_generated\Screen1ViewBase.o
#        D:\99_Project\GitHub\TouchGFX\MyApplication\EWARM\STM32H7B3I-DK\Obj\TouchGFX\gui\screen2_screen\Screen2Presenter.o
#        D:\99_Project\GitHub\TouchGFX\MyApplication\EWARM\STM32H7B3I-DK\Obj\TouchGFX\gui\screen2_screen\Screen2View.o
#        D:\99_Project\GitHub\TouchGFX\MyApplication\EWARM\STM32H7B3I-DK\Obj\TouchGFX\generated\gui_generated\Screen2ViewBase.o
#        D:\99_Project\GitHub\TouchGFX\MyApplication\EWARM\STM32H7B3I-DK\Obj\Application\EWARM\startup_stm32h7b3xxq.o
#        D:\99_Project\GitHub\TouchGFX\MyApplication\EWARM\STM32H7B3I-DK\Obj\Application\User\TouchGFX\target\generated\STM32DMA.o
#        D:\99_Project\GitHub\TouchGFX\MyApplication\EWARM\STM32H7B3I-DK\Obj\Drivers\BSP\STM32H7B3I-DK\stm32h7b3i_discovery.o
#        D:\99_Project\GitHub\TouchGFX\MyApplication\EWARM\STM32H7B3I-DK\Obj\Drivers\BSP\STM32H7B3I-DK\stm32h7b3i_discovery_bus.o
#        D:\99_Project\GitHub\TouchGFX\MyApplication\EWARM\STM32H7B3I-DK\Obj\Drivers\BSP\STM32H7B3I-DK\stm32h7b3i_discovery_ospi.o
#        D:\99_Project\GitHub\TouchGFX\MyApplication\EWARM\STM32H7B3I-DK\Obj\Drivers\BSP\STM32H7B3I-DK\stm32h7b3i_discovery_ts.o
#        D:\99_Project\GitHub\TouchGFX\MyApplication\EWARM\STM32H7B3I-DK\Obj\Drivers\STM32H7xx_HAL_Driver\stm32h7xx_hal.o
#        D:\99_Project\GitHub\TouchGFX\MyApplication\EWARM\STM32H7B3I-DK\Obj\Drivers\STM32H7xx_HAL_Driver\stm32h7xx_hal_cortex.o
#        D:\99_Project\GitHub\TouchGFX\MyApplication\EWARM\STM32H7B3I-DK\Obj\Drivers\STM32H7xx_HAL_Driver\stm32h7xx_hal_crc.o
#        D:\99_Project\GitHub\TouchGFX\MyApplication\EWARM\STM32H7B3I-DK\Obj\Drivers\STM32H7xx_HAL_Driver\stm32h7xx_hal_crc_ex.o
#        D:\99_Project\GitHub\TouchGFX\MyApplication\EWARM\STM32H7B3I-DK\Obj\Drivers\STM32H7xx_HAL_Driver\stm32h7xx_hal_dma.o
#        D:\99_Project\GitHub\TouchGFX\MyApplication\EWARM\STM32H7B3I-DK\Obj\Drivers\STM32H7xx_HAL_Driver\stm32h7xx_hal_dma2d.o
#        D:\99_Project\GitHub\TouchGFX\MyApplication\EWARM\STM32H7B3I-DK\Obj\Drivers\STM32H7xx_HAL_Driver\stm32h7xx_hal_dma_ex.o
#        D:\99_Project\GitHub\TouchGFX\MyApplication\EWARM\STM32H7B3I-DK\Obj\Drivers\STM32H7xx_HAL_Driver\stm32h7xx_hal_exti.o
#        D:\99_Project\GitHub\TouchGFX\MyApplication\EWARM\STM32H7B3I-DK\Obj\Drivers\STM32H7xx_HAL_Driver\stm32h7xx_hal_flash.o
#        D:\99_Project\GitHub\TouchGFX\MyApplication\EWARM\STM32H7B3I-DK\Obj\Drivers\STM32H7xx_HAL_Driver\stm32h7xx_hal_flash_ex.o
#        D:\99_Project\GitHub\TouchGFX\MyApplication\EWARM\STM32H7B3I-DK\Obj\Drivers\STM32H7xx_HAL_Driver\stm32h7xx_hal_gpio.o
#        D:\99_Project\GitHub\TouchGFX\MyApplication\EWARM\STM32H7B3I-DK\Obj\Drivers\STM32H7xx_HAL_Driver\stm32h7xx_hal_hsem.o
#        D:\99_Project\GitHub\TouchGFX\MyApplication\EWARM\STM32H7B3I-DK\Obj\Drivers\STM32H7xx_HAL_Driver\stm32h7xx_hal_i2c.o
#        D:\99_Project\GitHub\TouchGFX\MyApplication\EWARM\STM32H7B3I-DK\Obj\Drivers\STM32H7xx_HAL_Driver\stm32h7xx_hal_i2c_ex.o
#        D:\99_Project\GitHub\TouchGFX\MyApplication\EWARM\STM32H7B3I-DK\Obj\Drivers\STM32H7xx_HAL_Driver\stm32h7xx_hal_ltdc.o
#        D:\99_Project\GitHub\TouchGFX\MyApplication\EWARM\STM32H7B3I-DK\Obj\Drivers\STM32H7xx_HAL_Driver\stm32h7xx_hal_ltdc_ex.o
#        D:\99_Project\GitHub\TouchGFX\MyApplication\EWARM\STM32H7B3I-DK\Obj\Drivers\STM32H7xx_HAL_Driver\stm32h7xx_hal_mdma.o
#        D:\99_Project\GitHub\TouchGFX\MyApplication\EWARM\STM32H7B3I-DK\Obj\Application\User\Core\stm32h7xx_hal_msp.o
#        D:\99_Project\GitHub\TouchGFX\MyApplication\EWARM\STM32H7B3I-DK\Obj\Drivers\STM32H7xx_HAL_Driver\stm32h7xx_hal_ospi.o
#        D:\99_Project\GitHub\TouchGFX\MyApplication\EWARM\STM32H7B3I-DK\Obj\Drivers\STM32H7xx_HAL_Driver\stm32h7xx_hal_pwr.o
#        D:\99_Project\GitHub\TouchGFX\MyApplication\EWARM\STM32H7B3I-DK\Obj\Drivers\STM32H7xx_HAL_Driver\stm32h7xx_hal_pwr_ex.o
#        D:\99_Project\GitHub\TouchGFX\MyApplication\EWARM\STM32H7B3I-DK\Obj\Drivers\STM32H7xx_HAL_Driver\stm32h7xx_hal_rcc.o
#        D:\99_Project\GitHub\TouchGFX\MyApplication\EWARM\STM32H7B3I-DK\Obj\Drivers\STM32H7xx_HAL_Driver\stm32h7xx_hal_rcc_ex.o
#        D:\99_Project\GitHub\TouchGFX\MyApplication\EWARM\STM32H7B3I-DK\Obj\Drivers\STM32H7xx_HAL_Driver\stm32h7xx_hal_tim.o
#        D:\99_Project\GitHub\TouchGFX\MyApplication\EWARM\STM32H7B3I-DK\Obj\Drivers\STM32H7xx_HAL_Driver\stm32h7xx_hal_tim_ex.o
#        D:\99_Project\GitHub\TouchGFX\MyApplication\EWARM\STM32H7B3I-DK\Obj\Application\User\Core\stm32h7xx_hal_timebase_tim.o
#        D:\99_Project\GitHub\TouchGFX\MyApplication\EWARM\STM32H7B3I-DK\Obj\Drivers\STM32H7xx_HAL_Driver\stm32h7xx_hal_uart.o
#        D:\99_Project\GitHub\TouchGFX\MyApplication\EWARM\STM32H7B3I-DK\Obj\Drivers\STM32H7xx_HAL_Driver\stm32h7xx_hal_uart_ex.o
#        D:\99_Project\GitHub\TouchGFX\MyApplication\EWARM\STM32H7B3I-DK\Obj\Application\User\Core\stm32h7xx_it.o
#        D:\99_Project\GitHub\TouchGFX\MyApplication\EWARM\STM32H7B3I-DK\Obj\Application\User\TouchGFX\target\STM32TouchController.o
#        D:\99_Project\GitHub\TouchGFX\MyApplication\EWARM\STM32H7B3I-DK\Obj\Middlewares\FreeRTOS\stream_buffer.o
#        D:\99_Project\GitHub\TouchGFX\MyApplication\EWARM\STM32H7B3I-DK\Obj\Drivers\CMSIS\system_stm32h7xx.o
#        D:\99_Project\GitHub\TouchGFX\MyApplication\EWARM\STM32H7B3I-DK\Obj\TouchGFX\generated\fonts\Table_verdana_10_4bpp.o
#        D:\99_Project\GitHub\TouchGFX\MyApplication\EWARM\STM32H7B3I-DK\Obj\TouchGFX\generated\fonts\Table_verdana_20_4bpp.o
#        D:\99_Project\GitHub\TouchGFX\MyApplication\EWARM\STM32H7B3I-DK\Obj\TouchGFX\generated\fonts\Table_verdana_40_4bpp.o
#        D:\99_Project\GitHub\TouchGFX\MyApplication\EWARM\STM32H7B3I-DK\Obj\Middlewares\FreeRTOS\tasks.o
#        D:\99_Project\GitHub\TouchGFX\MyApplication\EWARM\STM32H7B3I-DK\Obj\TouchGFX\generated\texts\Texts.o
#        D:\99_Project\GitHub\TouchGFX\MyApplication\EWARM\STM32H7B3I-DK\Obj\Middlewares\FreeRTOS\timers.o
#        D:\99_Project\GitHub\TouchGFX\MyApplication\Middlewares\ST\touchgfx\lib\core\cortex_m7\IAR8.x\touchgfx_core.a
#        D:\99_Project\GitHub\TouchGFX\MyApplication\EWARM\STM32H7B3I-DK\Obj\Application\User\TouchGFX\target\generated\TouchGFXConfiguration.o
#        D:\99_Project\GitHub\TouchGFX\MyApplication\EWARM\STM32H7B3I-DK\Obj\Application\User\TouchGFX\target\generated\TouchGFXGeneratedHAL.o
#        D:\99_Project\GitHub\TouchGFX\MyApplication\EWARM\STM32H7B3I-DK\Obj\Application\User\TouchGFX\target\TouchGFXGPIO.o
#        D:\99_Project\GitHub\TouchGFX\MyApplication\EWARM\STM32H7B3I-DK\Obj\Application\User\TouchGFX\target\TouchGFXHAL.o
#        D:\99_Project\GitHub\TouchGFX\MyApplication\EWARM\STM32H7B3I-DK\Obj\TouchGFX\generated\texts\TypedTextDatabase.o
#        D:\99_Project\GitHub\TouchGFX\MyApplication\EWARM\STM32H7B3I-DK\Obj\TouchGFX\generated\fonts\UnmappedDataFont.o
#        D:\99_Project\GitHub\TouchGFX\MyApplication\EWARM\STM32H7B3I-DK\Obj\Application\User\Core\User_Usart.o
#        --redirect _Printf=_PrintfFullNoMb --redirect _Scanf=_ScanfFullNoMb
#        --no_out_extension -o
#        D:\99_Project\GitHub\TouchGFX\MyApplication\EWARM\STM32H7B3I-DK\Exe\STM32H7B3I-DK.out
#        --map
#        D:\99_Project\GitHub\TouchGFX\MyApplication\EWARM\STM32H7B3I-DK\List\STM32H7B3I-DK.map
#        --log
#        libraries,initialization,modules,redirects,sections,veneers,unused_fragments,call_graph,crt_routine_selection,fragment_info,inlining,merging,demangle
#        --log_file
#        D:\99_Project\GitHub\TouchGFX\MyApplication\EWARM\STM32H7B3I-DK\List\STM32H7B3I-DK.log
#        --config
#        D:\99_Project\GitHub\TouchGFX\MyApplication\EWARM/stm32h7b3xxq_flash.icf
#        --semihosting --entry __iar_program_start --vfe --text_out locale)
#
###############################################################################

*******************************************************************************
*** RUNTIME MODEL ATTRIBUTES
***

CppFlavor                     = *
__CPP_Exceptions              = Disabled
__CPP_Language                = C++14
__CPP_Library                 = DLib
__CPP_Runtime                 = 1
__Heap_Handler                = Basic
__SystemLibrary               = DLib
__dlib_dynamic_initialization = normal
__dlib_version                = 6


*******************************************************************************
*** HEAP SELECTION
***

The basic heap was selected because no calls to memory allocation
functions were found in the application outside of system library
functions, and there are calls to deallocation functions in the
application.


*******************************************************************************
*** PLACEMENT SUMMARY
***

"A0":  place at address 0x800'0000 { ro section .intvec };
"P1":  place in [from 0x800'0000 to 0x81f'ffff] {
          ro, last section IntFlashSection };
define block CSTACK with size = 4K, alignment = 8 { };
define block HEAP with size = 4K, alignment = 8 { };
"P2":  place in [from 0x2400'0000 to 0x2403'ffff] {
          rw, block CSTACK, block HEAP };
"P3":  place in [from 0x2404'0000 to 0x240f'ffff] {
          first section TouchGFX_Framebuffer };
"P4":  place in [from 0x9000'0000 to 0x93ff'ffff] {
          section ExtFlashSection, section FontFlashSection,
          section TextFlashSection };
initialize by copy { rw };

No sections matched the following patterns:

  section IntFlashSection  in "P1"


  Section                 Kind         Address      Size  Object
  -------                 ----         -------      ----  ------
"A0":                                              0x2ac
  .intvec                 ro code   0x800'0000     0x2ac  startup_stm32h7b3xxq.o [1]
                                  - 0x800'02ac     0x2ac

"P1":                                           0x1'8d7a
  .rodata                 const     0x800'02ac      0x14  ApplicationFontProvider.o [11]
  .rodata                 const     0x800'02c0      0x28  BitmapDatabase.o [13]
  .rodata                 const     0x800'02e8      0x10  FontCache.o [11]
  .rodata                 const     0x800'02f8      0x44  FontCache.o [11]
  .rodata                 const     0x800'033c      0x78  FontCache.o [11]
  .rodata                 const     0x800'03b4      0x54  FontCache.o [11]
  .rodata                 const     0x800'0408      0x44  FrontendApplication.o [15]
  .rodata                 const     0x800'044c      0x24  FrontendApplicationBase.o [12]
  .rodata                 const     0x800'0470      0x44  FrontendApplicationBase.o [12]
  .rodata                 const     0x800'04b4      0x18  FrontendApplicationBase.o [12]
  .rodata                 const     0x800'04cc      0x44  FrontendApplicationBase.o [12]
  .rodata                 const     0x800'0510      0x24  FrontendApplicationBase.o [12]
  .rodata                 const     0x800'0534      0x90  FrontendApplicationBase.o [12]
  .rodata                 const     0x800'05c4      0x78  FrontendApplicationBase.o [12]
  .rodata                 const     0x800'063c      0xa4  FrontendApplicationBase.o [12]
  .rodata                 const     0x800'06e0      0xa4  FrontendApplicationBase.o [12]
  .rodata                 const     0x800'0784      0x18  FrontendApplicationBase.o [12]
  .rodata                 const     0x800'079c      0x2c  FrontendApplicationBase.o [12]
  .rodata                 const     0x800'07c8      0x90  FrontendApplicationBase.o [12]
  .rodata                 const     0x800'0858      0x78  FrontendApplicationBase.o [12]
  .rodata                 const     0x800'08d0      0xa4  FrontendApplicationBase.o [12]
  .rodata                 const     0x800'0974      0xa4  FrontendApplicationBase.o [12]
  .rodata                 const     0x800'0a18      0x18  FrontendApplicationBase.o [12]
  .rodata                 const     0x800'0a30      0x2c  FrontendApplicationBase.o [12]
  .rodata                 const     0x800'0a5c      0x90  FrontendApplicationBase.o [12]
  .rodata                 const     0x800'0aec      0x78  FrontendApplicationBase.o [12]
  .rodata                 const     0x800'0b64      0xa4  FrontendApplicationBase.o [12]
  .rodata                 const     0x800'0c08      0xa4  FrontendApplicationBase.o [12]
  .rodata                 const     0x800'0cac       0x8  FrontendApplicationBase.o [12]
  .rodata                 const     0x800'0cb4       0x8  FrontendApplicationBase.o [12]
  .rodata                 const     0x800'0cbc       0x8  FrontendApplicationBase.o [12]
  .rodata                 const     0x800'0cc4       0x8  FrontendApplicationBase.o [12]
  .rodata                 const     0x800'0ccc       0x8  FrontendApplicationBase.o [12]
  .rodata                 const     0x800'0cd4       0x8  FrontendApplicationBase.o [12]
  .rodata                 const     0x800'0cdc       0x8  FrontendApplicationBase.o [12]
  .rodata                 const     0x800'0ce4       0x8  FrontendApplicationBase.o [12]
  .rodata                 const     0x800'0cec      0x58  GeneratedFont.o [11]
  .rodata                 const     0x800'0d44       0x4  heap_4.o [10]
  .rodata                 const     0x800'0d48       0xc  main.o [2]
  .rodata                 const     0x800'0d54       0xc  main.o [2]
  .rodata                 const     0x800'0d60       0xc  main.o [2]
  .rodata                 const     0x800'0d6c       0x8  main.o [2]
  .rodata                 const     0x800'0d74      0x24  main.o [2]
  .rodata                 const     0x800'0d98      0x24  main.o [2]
  .rodata                 const     0x800'0dbc      0x10  main.o [2]
  .rodata                 const     0x800'0dcc      0x48  OSWrappers.o [5]
  .rodata                 const     0x800'0e14      0x58  OSWrappers.o [5]
  .rodata                 const     0x800'0e6c      0x40  OSWrappers.o [5]
  .rodata                 const     0x800'0eac       0x4  port.o [10]
  .rodata                 const     0x800'0eb0      0x18  Screen1Presenter.o [17]
  .rodata                 const     0x800'0ec8      0x10  Screen1Presenter.o [17]
  .rodata                 const     0x800'0ed8      0x28  Screen1Presenter.o [17]
  .rodata                 const     0x800'0f00      0x34  Screen1View.o [17]
  .rodata                 const     0x800'0f34      0x34  Screen1ViewBase.o [12]
  .rodata                 const     0x800'0f68      0x18  Screen1ViewBase.o [12]
  .rodata                 const     0x800'0f80      0x34  Screen1ViewBase.o [12]
  .rodata                 const     0x800'0fb4       0x8  Screen1ViewBase.o [12]
  .rodata                 const     0x800'0fbc      0x28  Screen2Presenter.o [18]
  .rodata                 const     0x800'0fe4      0x34  Screen2View.o [18]
  .rodata                 const     0x800'1018      0x34  Screen2ViewBase.o [12]
  .rodata                 const     0x800'104c      0x18  Screen2ViewBase.o [12]
  .rodata                 const     0x800'1064      0x34  Screen2ViewBase.o [12]
  .rodata                 const     0x800'1098       0x8  Screen2ViewBase.o [12]
  .rodata                 const     0x800'10a0      0x50  STM32DMA.o [5]
  .rodata                 const     0x800'10f0      0x1c  STM32DMA.o [5]
  .rodata                 const     0x800'110c      0x54  STM32DMA.o [5]
  .rodata                 const     0x800'1160      0x1c  STM32DMA.o [5]
  .rodata                 const     0x800'117c      0x54  STM32DMA.o [5]
  .rodata                 const     0x800'11d0      0x1c  STM32DMA.o [5]
  .rodata                 const     0x800'11ec      0x54  STM32DMA.o [5]
  .rodata                 const     0x800'1240      0x84  stm32h7b3i_discovery_bus.o [7]
  .rodata                 const     0x800'12c4      0x18  stm32h7xx_hal_uart.o [9]
  .rodata                 const     0x800'12dc       0x8  stm32h7xx_hal_uart_ex.o [9]
  .rodata                 const     0x800'12e4       0x8  stm32h7xx_hal_uart_ex.o [9]
  .rodata                 const     0x800'12ec      0x18  STM32TouchController.o [4]
  .rodata                 const     0x800'1304      0x10  system_stm32h7xx.o [8]
  .rodata                 const     0x800'1314       0x8  tasks.o [10]
  .rodata                 const     0x800'131c       0xc  Texts.o [14]
  .rodata                 const     0x800'1328      0x7c  Texts.o [14]
  .rodata                 const     0x800'13a4      0x10  Texts.o [14]
  .rodata                 const     0x800'13b4      0x7c  Texts.o [14]
  .rodata                 const     0x800'1430       0xc  Texts.o [14]
  .rodata                 const     0x800'143c      0x7c  Texts.o [14]
  .rodata                 const     0x800'14b8       0x4  Texts.o [14]
  .rodata                 const     0x800'14bc       0x8  timers.o [10]
  .rodata                 const     0x800'14c4       0x8  timers.o [10]
  .rodata                 const     0x800'14cc      0x10  TouchGFXConfiguration.o [5]
  .rodata                 const     0x800'14dc      0x14  TouchGFXConfiguration.o [5]
  .rodata                 const     0x800'14f0      0x34  TouchGFXConfiguration.o [5]
  .rodata                 const     0x800'1524      0x34  TouchGFXConfiguration.o [5]
  .rodata                 const     0x800'1558      0x34  TouchGFXConfiguration.o [5]
  .rodata                 const     0x800'158c      0x14  TouchGFXConfiguration.o [5]
  .rodata                 const     0x800'15a0      0x38  TouchGFXGeneratedHAL.o [5]
  .rodata                 const     0x800'15d8      0x74  TouchGFXGeneratedHAL.o [5]
  .rodata                 const     0x800'164c      0xd0  TouchGFXGeneratedHAL.o [5]
  .rodata                 const     0x800'171c      0xd0  TouchGFXHAL.o [4]
  .rodata                 const     0x800'17ec       0xc  TextProvider.o [24]
  .rodata                 const     0x800'17f8      0x9c  TextProvider.o [24]
  .rodata                 const     0x800'1894       0xc  TextProvider.o [24]
  .rodata                 const     0x800'18a0      0x9c  TextProvider.o [24]
  .rodata                 const     0x800'193c      0x14  TextProvider.o [24]
  .rodata                 const     0x800'1950      0x9c  TextProvider.o [24]
  .rodata                 const     0x800'19ec       0xc  TextProvider.o [24]
  .rodata                 const     0x800'19f8      0x9c  TextProvider.o [24]
  .rodata                 const     0x800'1a94      0x14  TextProvider.o [24]
  .rodata                 const     0x800'1aa8      0x9c  TextProvider.o [24]
  .rodata                 const     0x800'1b44      0x10  TextProvider.o [24]
  .rodata                 const     0x800'1b54      0x9c  TextProvider.o [24]
  .rodata                 const     0x800'1bf0       0xc  TextProvider.o [24]
  .rodata                 const     0x800'1bfc      0x9c  TextProvider.o [24]
  .rodata                 const     0x800'1c98      0x10  TextProvider.o [24]
  .rodata                 const     0x800'1ca8      0x9c  TextProvider.o [24]
  .rodata                 const     0x800'1d44      0x28  Application.o [24]
  .rodata                 const     0x800'1d6c      0x44  Application.o [24]
  .rodata                 const     0x800'1db0      0x10  Application.o [24]
  .rodata                 const     0x800'1dc0      0x98  Application.o [24]
  .rodata                 const     0x800'1e58      0x30  Application.o [24]
  .rodata                 const     0x800'1e88      0x98  Application.o [24]
  .rodata                 const     0x800'1f20      0x10  Application.o [24]
  .rodata                 const     0x800'1f30      0x98  Application.o [24]
  .rodata                 const     0x800'1fc8      0x6c  SnapshotWidget.o [24]
  .rodata                 const     0x800'2034     0x2b0  HAL.o [24]
  .rodata                 const     0x800'22e4      0x14  Screen.o [24]
  .rodata                 const     0x800'22f8      0x14  Screen.o [24]
  .rodata                 const     0x800'230c      0x14  Screen.o [24]
  .rodata                 const     0x800'2320      0x34  Screen.o [24]
  .rodata                 const     0x800'2354      0x50  LCD24bpp.o [24]
  .rodata                 const     0x800'23a4      0x44  LCD24bpp.o [24]
  .rodata                 const     0x800'23e8      0xa4  LCD24bpp.o [24]
  .rodata                 const     0x800'248c      0x14  LCD24bpp.o [24]
  .rodata                 const     0x800'24a0      0x14  LCD24bpp.o [24]
  .rodata                 const     0x800'24b4      0x14  LCD24bpp.o [24]
  .rodata                 const     0x800'24c8      0x14  LCD24bpp.o [24]
  .rodata                 const     0x800'24dc      0x14  LCD24bpp.o [24]
  .rodata                 const     0x800'24f0      0x14  LCD24bpp.o [24]
  .rodata                 const     0x800'2504      0x14  LCD24bpp.o [24]
  .rodata                 const     0x800'2518      0x14  LCD24bpp.o [24]
  .rodata                 const     0x800'252c      0x14  LCD24bpp.o [24]
  .rodata                 const     0x800'2540      0x14  LCD24bpp.o [24]
  .rodata                 const     0x800'2554      0x14  LCD24bpp.o [24]
  .rodata                 const     0x800'2568      0x14  LCD24bpp.o [24]
  .rodata                 const     0x800'257c      0x14  LCD24bpp.o [24]
  .rodata                 const     0x800'2590      0x14  LCD24bpp.o [24]
  .rodata                 const     0x800'25a4      0x14  LCD24bpp.o [24]
  .rodata                 const     0x800'25b8      0x14  LCD24bpp.o [24]
  .rodata                 const     0x800'25cc      0x14  LCD24bpp.o [24]
  .rodata                 const     0x800'25e0      0x14  LCD24bpp.o [24]
  .rodata                 const     0x800'25f4      0x14  LCD24bpp.o [24]
  .rodata                 const     0x800'2608      0x14  LCD24bpp.o [24]
  .rodata                 const     0x800'261c     0x3b4  LCD24bpp.o [24]
  .rodata                 const     0x800'29d0      0x70  ButtonWithLabel.o [24]
  .rodata                 const     0x800'2a40      0x3c  Button.o [24]
  .rodata                 const     0x800'2a7c      0x98  Button.o [24]
  .rodata                 const     0x800'2b14      0x70  Button.o [24]
  .rodata                 const     0x800'2b84      0x78  TextArea.o [24]
  .rodata                 const     0x800'2bfc      0x8c  Container.o [24]
  .rodata                 const     0x800'2c88     0x110  Container.o [24]
  .rodata                 const     0x800'2d98      0x40  Container.o [24]
  .rodata                 const     0x800'2dd8      0x64  Box.o [24]
  .rodata                 const     0x800'2e3c      0x24  DMA.o [24]
  .rodata                 const     0x800'2e60      0xe4  DMA.o [24]
  .rodata                 const     0x800'2f44     0x578  Bitmap.o [24]
  .rodata                 const     0x800'34bc      0x6c  AbstractButton.o [24]
  .text                   ro code   0x800'3528       0xc  BitmapDatabase.o [13]
  .text                   ro code   0x800'3534     0x5b0  cmsis_os2.o [10]
  .text                   ro code   0x800'3ae4     0xaf8  tasks.o [10]
  .text                   ro code   0x800'45dc     0x224  port.o [10]
  .text                   ro code   0x800'4800     0x578  timers.o [10]
  .text                   ro code   0x800'4d78     0x278  heap_4.o [10]
  .text                   ro code   0x800'4ff0     0xb2a  queue.o [10]
  .rodata                 const     0x800'5b1a       0x2  xlocale_c.o [19]
  .text                   ro code   0x800'5b1c      0x66  ABImemset.o [22]
  .text                   ro code   0x800'5b82      0x98  list.o [10]
  .text                   ro code   0x800'5c1a      0x26  CachedFont.o [11]
  .text                   ro code   0x800'5c40      0x18  cmsis_os2.o [10]
  .text                   ro code   0x800'5c58      0x34  port.o [10]
  CODE                    ro code   0x800'5c8c      0xb0  portasm.o [10]
  .text                   ro code   0x800'5d3c      0x18  cmsis_os2.o [10]
  .text                   ro code   0x800'5d54      0xa6  ABImemcpy.o [22]
  .text                   ro code   0x800'5dfa       0xa  CachedFont.o [11]
  .text                   ro code   0x800'5e04      0x18  FrontendApplication.o [15]
  .text                   ro code   0x800'5e1c     0x120  FrontendApplicationBase.o [12]
  .text                   ro code   0x800'5f3c       0x8  FrontendApplicationBase.o [12]
  .text                   ro code   0x800'5f44      0x28  FrontendApplicationBase.o [12]
  .text                   ro code   0x800'5f6c       0xc  FrontendApplicationBase.o [12]
  .text                   ro code   0x800'5f78     0x1cc  Texts.o [14]
  .text                   ro code   0x800'6144      0x24  FrontendApplicationBase.o [12]
  LCD24bpp_enableTextureMapperAll
                          ro code   0x800'6168      0x24  LCD24bpp.o [24]
  .text                   ro code   0x800'618c      0x24  FrontendApplicationBase.o [12]
  .text                   ro code   0x800'61b0      0x1e  FrontendApplicationBase.o [12]
  .text                   ro code   0x800'61ce      0x22  FrontendApplicationBase.o [12]
  .text                   ro code   0x800'61f0     0x1c8  FrontendApplicationBase.o [12]
  .text                   ro code   0x800'63b8     0x1cc  FrontendApplicationBase.o [12]
  .text                   ro code   0x800'6584     0x1cc  FrontendApplicationBase.o [12]
  .text                   ro code   0x800'6750      0x2c  FrontendApplicationBase.o [12]
  .text                   ro code   0x800'677c       0x8  FrontendApplicationBase.o [12]
  .text                   ro code   0x800'6784     0x206  Font.o [24]
  .text                   ro code   0x800'698a       0x2  FrontendApplicationBase.o [12]
  .text                   ro code   0x800'698c      0x24  ABIassert.o [23]
  .text                   ro code   0x800'69b0     0xb42  TextProvider.o [24]
  .text                   ro code   0x800'74f2       0x2  FrontendApplicationBase.o [12]
  .text                   ro code   0x800'74f4     0x88a  LCD.o [24]
  .text                   ro code   0x800'7d7e       0x2  FrontendApplicationBase.o [12]
  .text                   ro code   0x800'7d80      0x24  TypedTextDatabase.o [14]
  .text                   ro code   0x800'7da4      0x1c  Texts.o [14]
  LCD24bpp_enableTextureMapperA4
                          ro code   0x800'7dc0      0x12  LCD24bpp.o [24]
  LCD24bpp_enableTextureMapperARGB8888
                          ro code   0x800'7dd2      0x12  LCD24bpp.o [24]
  LCD24bpp_enableTextureMapperL8_ARGB8888
                          ro code   0x800'7de4      0x12  LCD24bpp.o [24]
  LCD24bpp_enableTextureMapperL8_RGB888
                          ro code   0x800'7df6      0x12  LCD24bpp.o [24]
  LCD24bpp_enableTextureMapperRGB888
                          ro code   0x800'7e08      0x12  LCD24bpp.o [24]
  .text                   ro code   0x800'7e1a       0x2  FrontendApplicationBase.o [12]
  .text                   ro code   0x800'7e1c     0xf6c  Application.o [24]
  .text                   ro code   0x800'8d88       0xc  FrontendApplicationBase.o [12]
  .text                   ro code   0x800'8d94       0x4  FrontendApplicationBase.o [12]
  .text                   ro code   0x800'8d98      0x18  FrontendApplicationBase.o [12]
  .text                   ro code   0x800'8db0       0xc  FrontendApplicationBase.o [12]
  .text                   ro code   0x800'8dbc      0x28  Screen1View.o [17]
  .text                   ro code   0x800'8de4       0xc  FrontendApplicationBase.o [12]
  .text                   ro code   0x800'8df0      0x2c  Screen1Presenter.o [17]
  .text                   ro code   0x800'8e1c       0x4  FrontendApplicationBase.o [12]
  .text                   ro code   0x800'8e20       0x4  FrontendApplicationBase.o [12]
  .text                   ro code   0x800'8e24       0x4  FrontendApplicationBase.o [12]
  .text                   ro code   0x800'8e28     0x574  Screen.o [24]
  .text                   ro code   0x800'939c       0xc  FrontendApplicationBase.o [12]
  .text                   ro code   0x800'93a8      0x90  FrontendApplicationBase.o [12]
  .text                   ro code   0x800'9438       0xc  FrontendApplicationBase.o [12]
  .text                   ro code   0x800'9444      0x90  FrontendApplicationBase.o [12]
  .text                   ro code   0x800'94d4       0xc  FrontendApplicationBase.o [12]
  .text                   ro code   0x800'94e0      0x28  Screen2View.o [18]
  .text                   ro code   0x800'9508       0xc  FrontendApplicationBase.o [12]
  .text                   ro code   0x800'9514      0x2c  Screen2Presenter.o [18]
  .text                   ro code   0x800'9540       0x4  FrontendApplicationBase.o [12]
  .text                   ro code   0x800'9544       0x2  FrontendApplicationBase.o [12]
  .text                   ro code   0x800'9546       0x6  abort.o [19]
  .text                   ro code   0x800'954c      0x14  memset.o [22]
  .text                   ro code   0x800'9560      0x74  LCD.o [24]
  .text                   ro code   0x800'95d4      0x64  Table_verdana_20_4bpp.o [11]
  .text                   ro code   0x800'9638      0x64  Table_verdana_40_4bpp.o [11]
  .text                   ro code   0x800'969c      0x64  Table_verdana_10_4bpp.o [11]
  LCD24bpp_enableTextureMapperA4_BilinearInterpolation
                          ro code   0x800'9700      0x20  LCD24bpp.o [24]
  LCD24bpp_enableTextureMapperA4_NearestNeighbor
                          ro code   0x800'9720      0x20  LCD24bpp.o [24]
  LCD24bpp_enableTextureMapperARGB8888_BilinearInterpolation
                          ro code   0x800'9740      0x20  LCD24bpp.o [24]
  LCD24bpp_enableTextureMapperARGB8888_NearestNeighbor
                          ro code   0x800'9760      0x20  LCD24bpp.o [24]
  LCD24bpp_enableTextureMapperL8_ARGB8888_BilinearInterpolation
                          ro code   0x800'9780      0x20  LCD24bpp.o [24]
  LCD24bpp_enableTextureMapperL8_ARGB8888_NearestNeighbor
                          ro code   0x800'97a0      0x20  LCD24bpp.o [24]
  LCD24bpp_enableTextureMapperL8_RGB888_BilinearInterpolation
                          ro code   0x800'97c0      0x20  LCD24bpp.o [24]
  LCD24bpp_enableTextureMapperL8_RGB888_NearestNeighbor
                          ro code   0x800'97e0      0x20  LCD24bpp.o [24]
  LCD24bpp_enableTextureMapperRGB888_BilinearInterpolation
                          ro code   0x800'9800      0x20  LCD24bpp.o [24]
  LCD24bpp_enableTextureMapperRGB888_NearestNeighbor
                          ro code   0x800'9820      0x20  LCD24bpp.o [24]
  .text                   ro code   0x800'9840      0x1c  Application.o [24]
  .text                   ro code   0x800'985c      0xac  stm32_crc_lock.o [24]
  .text                   ro code   0x800'9908      0x90  Application.o [24]
  .text                   ro code   0x800'9998      0x18  Application.o [24]
  .text                   ro code   0x800'99b0      0x90  Application.o [24]
  .text                   ro code   0x800'9a40      0x4c  Application.o [24]
  .text                   ro code   0x800'9a8c      0x44  Application.o [24]
  .text                   ro code   0x800'9ad0      0x44  Application.o [24]
  .text                   ro code   0x800'9b14      0x4c  Application.o [24]
  .text                   ro code   0x800'9b60       0x6  ABImemclr4.o [22]
  .text                   ro code   0x800'9b66       0x6  FrontendApplicationBase.o [12]
  .text                   ro code   0x800'9b6c      0xe0  DisplayTransformation.o [24]
  .text                   ro code   0x800'9c4c       0x8  FrontendApplicationBase.o [12]
  .text                   ro code   0x800'9c54     0x1f6  Screen1ViewBase.o [12]
  .text                   ro code   0x800'9e4a       0x2  Screen1View.o [17]
  .text                   ro code   0x800'9e4c       0x8  Screen1Presenter.o [17]
  .text                   ro code   0x800'9e54       0x8  Screen1Presenter.o [17]
  .text                   ro code   0x800'9e5c      0x38  Screen.o [24]
  .text                   ro code   0x800'9e94     0x148  Drawable.o [24]
  .text                   ro code   0x800'9fdc     0x416  Container.o [24]
  .text                   ro code   0x800'a3f2      0x14  Screen.o [24]
  .text                   ro code   0x800'a406      0x3e  Screen.o [24]
  .text                   ro code   0x800'a444      0x28  Screen.o [24]
  .text                   ro code   0x800'a46c      0x28  Screen.o [24]
  .text                   ro code   0x800'a494      0x20  Screen.o [24]
  .text                   ro code   0x800'a4b4      0x1c  Screen.o [24]
  .text                   ro code   0x800'a4d0     0x160  SnapshotWidget.o [24]
  .text                   ro code   0x800'a630      0x24  FrontendApplicationBase.o [12]
  .text                   ro code   0x800'a654      0x24  FrontendApplicationBase.o [12]
  .text                   ro code   0x800'a678      0x24  FrontendApplicationBase.o [12]
  .text                   ro code   0x800'a69c     0x1f6  Screen2ViewBase.o [12]
  .text                   ro code   0x800'a892       0x2  FrontendApplicationBase.o [12]
  .text                   ro code   0x800'a894      0x14  exit.o [23]
  .text                   ro code   0x800'a8a8      0xd0  GeneratedFont.o [11]
  .text                   ro code   0x800'a978      0x28  cxxabi.o [20]
  .text                   ro code   0x800'a9a0      0x32  ABImemset48.o [22]
  .text                   ro code   0x800'a9d2       0x2  FrontendApplicationBase.o [12]
  .text                   ro code   0x800'a9d4      0x14  FrontendApplicationBase.o [12]
  .text                   ro code   0x800'a9e8       0x8  Screen1ViewBase.o [12]
  .text                   ro code   0x800'a9f0      0x30  Screen1ViewBase.o [12]
  .text                   ro code   0x800'aa20      0x54  Screen1ViewBase.o [12]
  .text                   ro code   0x800'aa74     0x2a4  ButtonWithLabel.o [24]
  .text                   ro code   0x800'ad18      0x24  Screen1ViewBase.o [12]
  .text                   ro code   0x800'ad3c       0x4  Screen1ViewBase.o [12]
  .text                   ro code   0x800'ad40       0x4  Screen1ViewBase.o [12]
  .text                   ro code   0x800'ad44      0x1e  FrontendApplicationBase.o [12]
  .text                   ro code   0x800'ad62      0x1a  FrontendApplicationBase.o [12]
  .text                   ro code   0x800'ad7c       0xc  Screen1ViewBase.o [12]
  .text                   ro code   0x800'ad88     0x490  TextArea.o [24]
  .text                   ro code   0x800'b218       0x4  Screen1ViewBase.o [12]
  .text                   ro code   0x800'b21c     0x12c  Button.o [24]
  .text                   ro code   0x800'b348      0x14  Screen1ViewBase.o [12]
  .text                   ro code   0x800'b35c       0x4  Screen1ViewBase.o [12]
  .text                   ro code   0x800'b360       0x4  Screen1ViewBase.o [12]
  .text                   ro code   0x800'b364       0x4  Screen1ViewBase.o [12]
  .text                   ro code   0x800'b368       0xa  Screen1ViewBase.o [12]
  .text                   ro code   0x800'b372       0x8  Screen1ViewBase.o [12]
  .text                   ro code   0x800'b37a      0x1a  FrontendApplicationBase.o [12]
  .text                   ro code   0x800'b394       0xc  Screen1Presenter.o [17]
  .text                   ro code   0x800'b3a0      0x10  Screen1Presenter.o [17]
  .text                   ro code   0x800'b3b0      0x30  Container.o [24]
  .text                   ro code   0x800'b3e0     0x3f4  Bitmap.o [24]
  .text                   ro code   0x800'b7d4       0x8  FrontendApplicationBase.o [12]
  .text                   ro code   0x800'b7dc      0x1e  FrontendApplicationBase.o [12]
  .text                   ro code   0x800'b7fa       0x8  Screen2ViewBase.o [12]
  .text                   ro code   0x800'b802       0x2  Screen1Presenter.o [17]
  .text                   ro code   0x800'b804      0x24  Screen2ViewBase.o [12]
  .text                   ro code   0x800'b828       0x8  Screen2ViewBase.o [12]
  .text                   ro code   0x800'b830     0x12c  ConstFont.o [24]
  .text                   ro code   0x800'b95c      0x1c  Screen1ViewBase.o [12]
  .text                   ro code   0x800'b978       0x8  Screen1ViewBase.o [12]
  .text                   ro code   0x800'b980       0x8  Screen1ViewBase.o [12]
  .text                   ro code   0x800'b988      0x2a  TextArea.o [24]
  .text                   ro code   0x800'b9b2       0x6  Screen1ViewBase.o [12]
  .text                   ro code   0x800'b9b8     0x100  Screen1ViewBase.o [12]
  .text                   ro code   0x800'bab8       0x2  FrontendApplicationBase.o [12]
  .text                   ro code   0x800'baba       0x2  Screen1Presenter.o [17]
  .text                   ro code   0x800'babc      0x1c  Screen2ViewBase.o [12]
  .text                   ro code   0x800'bad8       0xe  Screen1ViewBase.o [12]
  .text                   ro code   0x800'bae6       0x2  Screen1ViewBase.o [12]
  .text                   ro code   0x800'bae8       0x8  Screen1ViewBase.o [12]
  .text                   ro code   0x800'baf0      0x36  Screen1ViewBase.o [12]
  .text                   ro code   0x800'bb26      0x12  Screen1ViewBase.o [12]
  .text                   ro code   0x800'bb38      0xb4  FrontendApplicationBase.o [12]
  .text                   ro code   0x800'bbec       0x2  FrontendApplicationBase.o [12]
  .text                   ro code   0x800'bbee       0x2  Screen1Presenter.o [17]
  .text                   ro code   0x800'bbf0      0xf0  EasingEquations.o [24]
  .text                   ro code   0x800'bce0       0x6  FrontendApplicationBase.o [12]
  .text                   ro code   0x800'bce6       0x2  Screen1Presenter.o [17]
  .text                   ro code   0x800'bce8      0xb4  FrontendApplicationBase.o [12]
  .text                   ro code   0x800'bd9c      0x28  FrontendApplicationBase.o [12]
  .text                   ro code   0x800'bdc4      0x28  FrontendApplicationBase.o [12]
  .text                   ro code   0x800'bdec      0x44  FrontendApplicationBase.o [12]
  .text                   ro code   0x800'be30       0x2  FrontendApplicationBase.o [12]
  .text                   ro code   0x800'be32       0x2  Screen1View.o [17]
  .text                   ro code   0x800'be34      0x44  FrontendApplicationBase.o [12]
  .text                   ro code   0x800'be78      0x1c  FrontendApplicationBase.o [12]
  .text                   ro code   0x800'be94      0x1c  FrontendApplicationBase.o [12]
  .text                   ro code   0x800'beb0     0x286  ft5336.o [6]
  .text                   ro code   0x800'c136      0xcc  ft5336_reg.o [6]
  .text                   ro code   0x800'c202       0x2  Screen1View.o [17]
  .text                   ro code   0x800'c204     0x7da  main.o [2]
  .text                   ro code   0x800'c9de       0x2  Screen1View.o [17]
  .text                   ro code   0x800'c9e0      0x64  stm32h7xx_hal.o [9]
  .text                   ro code   0x800'ca44      0x10  app_touchgfx.o [3]
  .text                   ro code   0x800'ca54      0x8c  stm32h7xx_hal_pwr_ex.o [9]
  .text                   ro code   0x800'cae0     0x60c  stm32h7xx_hal_rcc.o [9]
  .text                   ro code   0x800'd0ec     0x584  stm32h7xx_hal_rcc.o [9]
  .text                   ro code   0x800'd670      0x8c  stm32h7xx_hal_crc.o [9]
  .text                   ro code   0x800'd6fc     0x2c4  stm32h7xx_hal_dma2d.o [9]
  .text                   ro code   0x800'd9c0     0x83c  stm32h7xx_hal_i2c.o [9]
  .text                   ro code   0x800'e1fc      0xbe  stm32h7xx_hal_i2c_ex.o [9]
  .text                   ro code   0x800'e2ba       0x2  Screen1View.o [17]
  .text                   ro code   0x800'e2bc     0x4c4  stm32h7xx_hal_ltdc.o [9]
  .text                   ro code   0x800'e780    0x1244  stm32h7xx_hal_ospi.o [9]
  .text                   ro code   0x800'f9c4     0x8c0  stm32h7b3i_discovery_ospi.o [7]
  .text                   ro code   0x801'0284     0x998  stm32h7xx_hal_uart.o [9]
  .text                   ro code   0x801'0c1c     0x154  stm32h7xx_hal_uart_ex.o [9]
  .text                   ro code   0x801'0d70     0x410  stm32h7xx_hal_gpio.o [9]
  .text                   ro code   0x801'1180     0x1b8  stm32h7xx_hal_cortex.o [9]
  .text                   ro code   0x801'1338      0x28  printf.o [19]
  .text                   ro code   0x801'1360      0x18  stm32h7xx_hal.o [9]
  .text                   ro code   0x801'1378      0x9c  stm32h7xx_hal_timebase_tim.o [2]
  .text                   ro code   0x801'1414     0x57c  stm32h7xx_hal_msp.o [2]
  .text                   ro code   0x801'1990      0x90  TouchGFXConfiguration.o [5]
  .text                   ro code   0x801'1a20       0xc  stm32h7xx_hal.o [9]
  .text                   ro code   0x801'1a2c      0x6c  stm32h7xx_hal_crc_ex.o [9]
  .text                   ro code   0x801'1a98       0x2  stm32h7xx_hal_dma2d.o [9]
  .text                   ro code   0x801'1a9a       0x2  stm32h7xx_hal_dma2d.o [9]
  .text                   ro code   0x801'1a9c       0x2  stm32h7xx_hal_ltdc.o [9]
  .text                   ro code   0x801'1a9e      0x22  Screen1ViewBase.o [12]
  .text                   ro code   0x801'1ac0     0x298  TouchGFXGeneratedHAL.o [5]
  .text                   ro code   0x801'1d58       0x2  stm32h7xx_hal_ltdc.o [9]
  .text                   ro code   0x801'1d5a       0x2  stm32h7xx_hal_ospi.o [9]
  .text                   ro code   0x801'1d5c       0x2  stm32h7xx_hal_ospi.o [9]
  .text                   ro code   0x801'1d5e       0x2  stm32h7xx_hal_ospi.o [9]
  .text                   ro code   0x801'1d60       0x2  stm32h7xx_hal_ospi.o [9]
  .text                   ro code   0x801'1d62       0x2  stm32h7xx_hal_ospi.o [9]
  .text                   ro code   0x801'1d64       0x2  stm32h7xx_hal_ospi.o [9]
  .text                   ro code   0x801'1d66       0x2  stm32h7xx_hal_ospi.o [9]
  .text                   ro code   0x801'1d68      0xae  stm32h7xx_hal_mdma.o [9]
  .text                   ro code   0x801'1e16       0x2  stm32h7xx_hal_ospi.o [9]
  .text                   ro code   0x801'1e18     0x8d0  mx25lm51245g.o [6]
  .text                   ro code   0x801'26e8      0x58  stm32h7b3i_discovery_ospi.o [7]
  .text                   ro code   0x801'2740      0x28  stm32h7xx_hal.o [9]
  .text                   ro code   0x801'2768    0x1074  stm32h7xx_hal_rcc_ex.o [9]
  .text                   ro code   0x801'37dc     0x230  I64DivMod.o [22]
  .text                   ro code   0x801'3a0c       0x2  stm32h7xx_hal_gpio.o [9]
  .text                   ro code   0x801'3a0e       0x2  Screen1ViewBase.o [12]
  .text                   ro code   0x801'3a10     0xf2e  xprintffull_nomb.o [19]
  .text                   ro code   0x801'493e       0x2  Screen1ViewBase.o [12]
  .text                   ro code   0x801'4940     0x3b4  stm32h7xx_hal_tim.o [9]
  .text                   ro code   0x801'4cf4      0x18  TouchGFXConfiguration.o [5]
  .text                   ro code   0x801'4d0c     0x394  STM32DMA.o [5]
  .text                   ro code   0x801'50a0    0x1320  LCD24bpp.o [24]
  .text                   ro code   0x801'63c0      0x24  TouchGFXConfiguration.o [5]
  .text                   ro code   0x801'63e4       0xc  TouchGFXConfiguration.o [5]
  .text                   ro code   0x801'63f0       0xc  FontManager.o [24]
  .text                   ro code   0x801'63fc      0x20  TouchGFXConfiguration.o [5]
  .text                   ro code   0x801'641c      0xe0  TouchGFXHAL.o [4]
  .text                   ro code   0x801'64fc     0x99e  HAL.o [24]
  .text                   ro code   0x801'6e9a       0xc  TouchGFXGeneratedHAL.o [5]
  .text                   ro code   0x801'6ea6       0x2  Screen1ViewBase.o [12]
  .text                   ro code   0x801'6ea8      0xcc  OSWrappers.o [5]
  .text                   ro code   0x801'6f74      0xf0  TouchGFXGPIO.o [4]
  .text                   ro code   0x801'7064       0xa  TouchGFXGeneratedHAL.o [5]
  .text                   ro code   0x801'706e       0x2  Screen2Presenter.o [18]
  .text                   ro code   0x801'7070       0x2  I64DivZer.o [22]
  .text                   ro code   0x801'7072       0x2  Screen2View.o [18]
  .text                   ro code   0x801'7074      0x16  strchr.o [22]
  .text                   ro code   0x801'708a      0x22  Screen2ViewBase.o [12]
  .text                   ro code   0x801'70ac      0x40  xfail_s.o [19]
  .text                   ro code   0x801'70ec      0x36  strlen.o [22]
  .text                   ro code   0x801'7122       0x2  Screen2ViewBase.o [12]
  .text                   ro code   0x801'7124      0x58  memchr.o [22]
  .text                   ro code   0x801'717c      0x70  frexp.o [21]
  .text                   ro code   0x801'71ec      0x34  DblCmpLe.o [21]
  .text                   ro code   0x801'7220      0x34  DblCmpGe.o [21]
  .text                   ro code   0x801'7254     0x104  ldexp.o [21]
  .text                   ro code   0x801'7358       0xe  DblToS32.o [21]
  .text                   ro code   0x801'7366       0xe  S32ToDbl.o [21]
  .text                   ro code   0x801'7374      0x12  DblSub.o [21]
  .text                   ro code   0x801'7386      0x12  DblDiv.o [21]
  .text                   ro code   0x801'7398       0xe  DblToU32.o [21]
  .text                   ro code   0x801'73a6       0xe  U32ToDbl.o [21]
  .text                   ro code   0x801'73b4      0x12  DblMul.o [21]
  .text                   ro code   0x801'73c6       0x2  Screen2ViewBase.o [12]
  .text                   ro code   0x801'73c8       0x8  xlocale_c.o [19]
  .text                   ro code   0x801'73d0       0x2  stm32h7xx_hal_tim.o [9]
  .text                   ro code   0x801'73d2       0x2  stm32h7xx_hal_tim.o [9]
  .text                   ro code   0x801'73d4       0x2  stm32h7xx_hal_tim.o [9]
  .text                   ro code   0x801'73d6       0x2  stm32h7xx_hal_tim.o [9]
  .text                   ro code   0x801'73d8       0x2  stm32h7xx_hal_tim_ex.o [9]
  .text                   ro code   0x801'73da       0x2  stm32h7xx_hal_tim_ex.o [9]
  .text                   ro code   0x801'73dc       0x2  stm32h7xx_hal_tim.o [9]
  .text                   ro code   0x801'73de       0x2  stm32h7xx_hal_tim_ex.o [9]
  .text                   ro code   0x801'73e0       0x8  TouchGFXConfiguration.o [5]
  .text                   ro code   0x801'73e8      0x10  STM32DMA.o [5]
  .text                   ro code   0x801'73f8       0x8  STM32DMA.o [5]
  .text                   ro code   0x801'7400     0x256  DMA.o [24]
  .text                   ro code   0x801'7656       0xa  STM32DMA.o [5]
  .text                   ro code   0x801'7660      0x44  STM32DMA.o [5]
  .text                   ro code   0x801'76a4      0x40  STM32DMA.o [5]
  .text                   ro code   0x801'76e4       0x4  STM32DMA.o [5]
  .text                   ro code   0x801'76e8      0x14  TouchGFXConfiguration.o [5]
  .text                   ro code   0x801'76fc      0x60  TouchGFXConfiguration.o [5]
  .text                   ro code   0x801'775c     0x178  Gestures.o [24]
  .text                   ro code   0x801'78d4      0x24  HAL.o [24]
  .text                   ro code   0x801'78f8     0x1f4  TouchCalibration.o [24]
  .text                   ro code   0x801'7aec       0x2  TouchGFXConfiguration.o [5]
  .text                   ro code   0x801'7aee       0xc  STM32DMA.o [5]
  .text                   ro code   0x801'7afa       0xa  STM32DMA.o [5]
  .text                   ro code   0x801'7b04      0x24  TouchGFXConfiguration.o [5]
  .text                   ro code   0x801'7b28       0xc  TouchGFXConfiguration.o [5]
  .text                   ro code   0x801'7b34      0x18  TouchGFXConfiguration.o [5]
  .text                   ro code   0x801'7b4c      0x18  TouchGFXConfiguration.o [5]
  .text                   ro code   0x801'7b64      0x18  TouchGFXConfiguration.o [5]
  .text                   ro code   0x801'7b7c       0x8  Model.o [16]
  .text                   ro code   0x801'7b84       0xa  TouchGFXConfiguration.o [5]
  .text                   ro code   0x801'7b8e      0x14  TouchGFXConfiguration.o [5]
  .text                   ro code   0x801'7ba2       0x6  TouchGFXConfiguration.o [5]
  .text                   ro code   0x801'7ba8      0x1c  TouchGFXConfiguration.o [5]
  .text                   ro code   0x801'7bc4       0x8  AbstractPartition.o [24]
  .text                   ro code   0x801'7bcc     0x10c  TouchGFXConfiguration.o [5]
  .text                   ro code   0x801'7cd8       0xc  TouchGFXConfiguration.o [5]
  .text                   ro code   0x801'7ce4      0x16  TouchGFXConfiguration.o [5]
  .text                   ro code   0x801'7cfa       0xa  TouchGFXConfiguration.o [5]
  .text                   ro code   0x801'7d04      0x18  TouchGFXConfiguration.o [5]
  .text                   ro code   0x801'7d1c      0x22  TouchGFXConfiguration.o [5]
  .text                   ro code   0x801'7d3e       0xe  TouchGFXConfiguration.o [5]
  .text                   ro code   0x801'7d4c      0x10  startup_stm32h7b3xxq.o [1]
  .text                   ro code   0x801'7d5c     0x550  stm32h7b3i_discovery_bus.o [7]
  .text                   ro code   0x801'82ac      0x56  stm32h7b3i_discovery_bus.o [7]
  .text                   ro code   0x801'8302       0x6  TouchGFXGeneratedHAL.o [5]
  .text                   ro code   0x801'8308     0x2b0  stm32h7b3i_discovery_ts.o [7]
  .text                   ro code   0x801'85b8      0x50  stm32h7xx_it.o [2]
  .text                   ro code   0x801'8608      0x6e  STM32TouchController.o [4]
  .text                   ro code   0x801'8676       0x2  Application.o [24]
  .text                   ro code   0x801'8678      0xdc  system_stm32h7xx.o [8]
  .text                   ro code   0x801'8754      0x5c  TouchGFXGeneratedHAL.o [5]
  .text                   ro code   0x801'87b0      0x50  TouchGFXGeneratedHAL.o [5]
  .text                   ro code   0x801'8800      0x40  User_Usart.o [2]
  .text                   ro code   0x801'8840      0x2c  LCD24bpp.o [24]
  .text                   ro code   0x801'886c      0x64  Box.o [24]
  .text                   ro code   0x801'88d0      0x1c  cstartup_M.o [22]
  .text                   ro code   0x801'88ec      0x22  fpinit_M.o [21]
  .text                   ro code   0x801'890e       0x2  Application.o [24]
  .text                   ro code   0x801'8910      0x1e  cmain.o [22]
  .text                   ro code   0x801'892e       0x4  low_level_init.o [19]
  .text                   ro code   0x801'8932       0x2  Application.o [24]
  .text                   ro code   0x801'8934      0x28  data_init.o [22]
  .text                   ro code   0x801'895c       0x4  exit.o [19]
  .text                   ro code   0x801'8960       0xa  cexit.o [22]
  .text                   ro code   0x801'896a       0x2  Application.o [24]
  .text                   ro code   0x801'896c      0x18  cppinit.o [19]
  .text                   ro code   0x801'8984      0x44  putchar.o [19]
  .text                   ro code   0x801'89c8      0x20  cmain_call_ctors.o [22]
  FontSearchFlashSection  const     0x801'89e8       0x4  Kerning_verdana_10_4bpp.o [11]
  FontSearchFlashSection  const     0x801'89ec       0x4  Kerning_verdana_20_4bpp.o [11]
  FontSearchFlashSection  const     0x801'89f0       0x4  Kerning_verdana_40_4bpp.o [11]
  FontSearchFlashSection  const     0x801'89f4       0x4  Table_verdana_10_4bpp.o [11]
  FontSearchFlashSection  const     0x801'89f8       0x4  Table_verdana_20_4bpp.o [11]
  FontSearchFlashSection  const     0x801'89fc       0x4  Table_verdana_40_4bpp.o [11]
  SHT$$PREINIT_ARRAY                0x801'8a00       0x0  <Block>
  SHT$$INIT_ARRAY                   0x801'8a00       0x8  <Block>
    .init_array           const     0x801'8a00       0x4  TouchGFXConfiguration.o [5]
    .init_array           const     0x801'8a04       0x4  TypedTextDatabase.o [14]
  __iar_tls$$INIT_ARRAY             0x801'8a08       0x0  <Block>
  .text                   ro code   0x801'8a08       0x4  CachedFont.o [11]
  .text                   ro code   0x801'8a0c       0x4  CachedFont.o [11]
  .text                   ro code   0x801'8a10       0x4  CachedFont.o [11]
  .text                   ro code   0x801'8a14       0x8  CachedFont.o [11]
  .text                   ro code   0x801'8a1c       0x8  CachedFont.o [11]
  .text                   ro code   0x801'8a24       0x8  FrontendApplication.o [15]
  .text                   ro code   0x801'8a2c      0x34  FrontendApplication.o [15]
  .text                   ro code   0x801'8a60      0x14  FrontendApplication.o [15]
  .text                   ro code   0x801'8a74      0x20  FrontendApplicationBase.o [12]
  .text                   ro code   0x801'8a94      0x20  FrontendApplicationBase.o [12]
  .text                   ro code   0x801'8ab4      0x20  FrontendApplicationBase.o [12]
  .text                   ro code   0x801'8ad4       0xe  FrontendApplicationBase.o [12]
  .text                   ro code   0x801'8ae2       0x4  FrontendApplicationBase.o [12]
  .text                   ro code   0x801'8ae6       0x4  GeneratedFont.o [11]
  .text                   ro code   0x801'8aea       0x4  GeneratedFont.o [11]
  .text                   ro code   0x801'8aee      0x20  Screen1ViewBase.o [12]
  .text                   ro code   0x801'8b0e      0x20  Screen2ViewBase.o [12]
  .text                   ro code   0x801'8b2e       0x4  startup_stm32h7b3xxq.o [1]
  .text                   ro code   0x801'8b32       0x4  startup_stm32h7b3xxq.o [1]
  .text                   ro code   0x801'8b36       0x4  startup_stm32h7b3xxq.o [1]
  .text                   ro code   0x801'8b3a       0x4  startup_stm32h7b3xxq.o [1]
  .text                   ro code   0x801'8b3e       0x4  startup_stm32h7b3xxq.o [1]
  .text                   ro code   0x801'8b42       0x4  startup_stm32h7b3xxq.o [1]
  .text                   ro code   0x801'8b46       0x4  startup_stm32h7b3xxq.o [1]
  .text                   ro code   0x801'8b4a       0x4  startup_stm32h7b3xxq.o [1]
  .text                   ro code   0x801'8b4e       0x4  startup_stm32h7b3xxq.o [1]
  .text                   ro code   0x801'8b52       0x4  startup_stm32h7b3xxq.o [1]
  .text                   ro code   0x801'8b56       0x4  startup_stm32h7b3xxq.o [1]
  .text                   ro code   0x801'8b5a       0x4  startup_stm32h7b3xxq.o [1]
  .text                   ro code   0x801'8b5e       0x4  startup_stm32h7b3xxq.o [1]
  .text                   ro code   0x801'8b62       0x4  startup_stm32h7b3xxq.o [1]
  .text                   ro code   0x801'8b66       0x4  startup_stm32h7b3xxq.o [1]
  .text                   ro code   0x801'8b6a       0x4  startup_stm32h7b3xxq.o [1]
  .text                   ro code   0x801'8b6e       0x4  startup_stm32h7b3xxq.o [1]
  .text                   ro code   0x801'8b72       0x4  startup_stm32h7b3xxq.o [1]
  .text                   ro code   0x801'8b76       0x4  startup_stm32h7b3xxq.o [1]
  .text                   ro code   0x801'8b7a       0x4  startup_stm32h7b3xxq.o [1]
  .text                   ro code   0x801'8b7e       0x4  startup_stm32h7b3xxq.o [1]
  .text                   ro code   0x801'8b82       0x4  startup_stm32h7b3xxq.o [1]
  .text                   ro code   0x801'8b86       0x4  startup_stm32h7b3xxq.o [1]
  .text                   ro code   0x801'8b8a       0x4  startup_stm32h7b3xxq.o [1]
  .text                   ro code   0x801'8b8e       0x4  startup_stm32h7b3xxq.o [1]
  .text                   ro code   0x801'8b92       0x4  startup_stm32h7b3xxq.o [1]
  .text                   ro code   0x801'8b96       0x4  startup_stm32h7b3xxq.o [1]
  .text                   ro code   0x801'8b9a       0x4  startup_stm32h7b3xxq.o [1]
  .text                   ro code   0x801'8b9e       0x4  startup_stm32h7b3xxq.o [1]
  .text                   ro code   0x801'8ba2       0x4  startup_stm32h7b3xxq.o [1]
  .text                   ro code   0x801'8ba6       0x4  startup_stm32h7b3xxq.o [1]
  .text                   ro code   0x801'8baa       0x4  startup_stm32h7b3xxq.o [1]
  .text                   ro code   0x801'8bae       0x4  startup_stm32h7b3xxq.o [1]
  .text                   ro code   0x801'8bb2       0x4  startup_stm32h7b3xxq.o [1]
  .text                   ro code   0x801'8bb6       0x4  startup_stm32h7b3xxq.o [1]
  .text                   ro code   0x801'8bba       0x4  startup_stm32h7b3xxq.o [1]
  .text                   ro code   0x801'8bbe       0x4  startup_stm32h7b3xxq.o [1]
  .text                   ro code   0x801'8bc2       0x4  startup_stm32h7b3xxq.o [1]
  .text                   ro code   0x801'8bc6       0x4  startup_stm32h7b3xxq.o [1]
  .text                   ro code   0x801'8bca       0x4  startup_stm32h7b3xxq.o [1]
  .text                   ro code   0x801'8bce       0x4  startup_stm32h7b3xxq.o [1]
  .text                   ro code   0x801'8bd2       0x4  startup_stm32h7b3xxq.o [1]
  .text                   ro code   0x801'8bd6       0x4  startup_stm32h7b3xxq.o [1]
  .text                   ro code   0x801'8bda       0x4  startup_stm32h7b3xxq.o [1]
  .text                   ro code   0x801'8bde       0x4  startup_stm32h7b3xxq.o [1]
  .text                   ro code   0x801'8be2       0x4  startup_stm32h7b3xxq.o [1]
  .text                   ro code   0x801'8be6       0x4  startup_stm32h7b3xxq.o [1]
  .text                   ro code   0x801'8bea       0x4  startup_stm32h7b3xxq.o [1]
  .text                   ro code   0x801'8bee       0x4  startup_stm32h7b3xxq.o [1]
  .text                   ro code   0x801'8bf2       0x4  startup_stm32h7b3xxq.o [1]
  .text                   ro code   0x801'8bf6       0x4  startup_stm32h7b3xxq.o [1]
  .text                   ro code   0x801'8bfa       0x4  startup_stm32h7b3xxq.o [1]
  .text                   ro code   0x801'8bfe       0x4  startup_stm32h7b3xxq.o [1]
  .text                   ro code   0x801'8c02       0x4  startup_stm32h7b3xxq.o [1]
  .text                   ro code   0x801'8c06       0x4  startup_stm32h7b3xxq.o [1]
  .text                   ro code   0x801'8c0a       0x4  startup_stm32h7b3xxq.o [1]
  .text                   ro code   0x801'8c0e       0x4  startup_stm32h7b3xxq.o [1]
  .text                   ro code   0x801'8c12       0x4  startup_stm32h7b3xxq.o [1]
  .text                   ro code   0x801'8c16       0x4  startup_stm32h7b3xxq.o [1]
  .text                   ro code   0x801'8c1a       0x4  startup_stm32h7b3xxq.o [1]
  .text                   ro code   0x801'8c1e       0x4  startup_stm32h7b3xxq.o [1]
  .text                   ro code   0x801'8c22       0x4  startup_stm32h7b3xxq.o [1]
  .text                   ro code   0x801'8c26       0x4  startup_stm32h7b3xxq.o [1]
  .text                   ro code   0x801'8c2a       0x4  startup_stm32h7b3xxq.o [1]
  .text                   ro code   0x801'8c2e       0x4  startup_stm32h7b3xxq.o [1]
  .text                   ro code   0x801'8c32       0x4  startup_stm32h7b3xxq.o [1]
  .text                   ro code   0x801'8c36       0x4  startup_stm32h7b3xxq.o [1]
  .text                   ro code   0x801'8c3a       0x4  startup_stm32h7b3xxq.o [1]
  .text                   ro code   0x801'8c3e       0x4  startup_stm32h7b3xxq.o [1]
  .text                   ro code   0x801'8c42       0x4  startup_stm32h7b3xxq.o [1]
  .text                   ro code   0x801'8c46       0x4  startup_stm32h7b3xxq.o [1]
  .text                   ro code   0x801'8c4a       0x4  startup_stm32h7b3xxq.o [1]
  .text                   ro code   0x801'8c4e       0x4  startup_stm32h7b3xxq.o [1]
  .text                   ro code   0x801'8c52       0x4  startup_stm32h7b3xxq.o [1]
  .text                   ro code   0x801'8c56       0x4  startup_stm32h7b3xxq.o [1]
  .text                   ro code   0x801'8c5a       0x4  startup_stm32h7b3xxq.o [1]
  .text                   ro code   0x801'8c5e       0x4  startup_stm32h7b3xxq.o [1]
  .text                   ro code   0x801'8c62       0x4  startup_stm32h7b3xxq.o [1]
  .text                   ro code   0x801'8c66       0x4  startup_stm32h7b3xxq.o [1]
  .text                   ro code   0x801'8c6a       0x4  startup_stm32h7b3xxq.o [1]
  .text                   ro code   0x801'8c6e       0x4  startup_stm32h7b3xxq.o [1]
  .text                   ro code   0x801'8c72       0x4  startup_stm32h7b3xxq.o [1]
  .text                   ro code   0x801'8c76       0x4  startup_stm32h7b3xxq.o [1]
  .text                   ro code   0x801'8c7a       0x4  startup_stm32h7b3xxq.o [1]
  .text                   ro code   0x801'8c7e       0x4  startup_stm32h7b3xxq.o [1]
  .text                   ro code   0x801'8c82       0x4  startup_stm32h7b3xxq.o [1]
  .text                   ro code   0x801'8c86       0x4  startup_stm32h7b3xxq.o [1]
  .text                   ro code   0x801'8c8a       0x4  startup_stm32h7b3xxq.o [1]
  .text                   ro code   0x801'8c8e       0x4  startup_stm32h7b3xxq.o [1]
  .text                   ro code   0x801'8c92       0x4  startup_stm32h7b3xxq.o [1]
  .text                   ro code   0x801'8c96       0x4  startup_stm32h7b3xxq.o [1]
  .text                   ro code   0x801'8c9a       0x4  startup_stm32h7b3xxq.o [1]
  .text                   ro code   0x801'8c9e       0x4  startup_stm32h7b3xxq.o [1]
  .text                   ro code   0x801'8ca2       0x4  startup_stm32h7b3xxq.o [1]
  .text                   ro code   0x801'8ca6       0x4  startup_stm32h7b3xxq.o [1]
  .text                   ro code   0x801'8caa       0x4  startup_stm32h7b3xxq.o [1]
  .text                   ro code   0x801'8cae       0x4  startup_stm32h7b3xxq.o [1]
  .text                   ro code   0x801'8cb2       0x4  startup_stm32h7b3xxq.o [1]
  .text                   ro code   0x801'8cb6       0x4  startup_stm32h7b3xxq.o [1]
  .text                   ro code   0x801'8cba       0x4  startup_stm32h7b3xxq.o [1]
  .text                   ro code   0x801'8cbe       0x4  startup_stm32h7b3xxq.o [1]
  .text                   ro code   0x801'8cc2       0x4  startup_stm32h7b3xxq.o [1]
  .text                   ro code   0x801'8cc6       0x4  startup_stm32h7b3xxq.o [1]
  .text                   ro code   0x801'8cca       0x4  startup_stm32h7b3xxq.o [1]
  .text                   ro code   0x801'8cce       0x4  startup_stm32h7b3xxq.o [1]
  .text                   ro code   0x801'8cd2       0x4  startup_stm32h7b3xxq.o [1]
  .text                   ro code   0x801'8cd6       0x4  startup_stm32h7b3xxq.o [1]
  .text                   ro code   0x801'8cda       0x4  startup_stm32h7b3xxq.o [1]
  .text                   ro code   0x801'8cde       0x4  startup_stm32h7b3xxq.o [1]
  .text                   ro code   0x801'8ce2       0x4  startup_stm32h7b3xxq.o [1]
  .text                   ro code   0x801'8ce6       0x4  startup_stm32h7b3xxq.o [1]
  .text                   ro code   0x801'8cea       0x4  startup_stm32h7b3xxq.o [1]
  .text                   ro code   0x801'8cee       0x4  startup_stm32h7b3xxq.o [1]
  .text                   ro code   0x801'8cf2       0x4  startup_stm32h7b3xxq.o [1]
  .text                   ro code   0x801'8cf6       0x4  startup_stm32h7b3xxq.o [1]
  .text                   ro code   0x801'8cfa       0x4  startup_stm32h7b3xxq.o [1]
  .text                   ro code   0x801'8cfe       0x4  startup_stm32h7b3xxq.o [1]
  .text                   ro code   0x801'8d02       0x4  startup_stm32h7b3xxq.o [1]
  .text                   ro code   0x801'8d06       0x4  startup_stm32h7b3xxq.o [1]
  .text                   ro code   0x801'8d0a       0x4  startup_stm32h7b3xxq.o [1]
  .text                   ro code   0x801'8d0e       0x4  startup_stm32h7b3xxq.o [1]
  .text                   ro code   0x801'8d12       0x4  startup_stm32h7b3xxq.o [1]
  .text                   ro code   0x801'8d16       0x4  startup_stm32h7b3xxq.o [1]
  .text                   ro code   0x801'8d1a       0x4  startup_stm32h7b3xxq.o [1]
  .text                   ro code   0x801'8d1e       0x4  startup_stm32h7b3xxq.o [1]
  .text                   ro code   0x801'8d22       0x4  startup_stm32h7b3xxq.o [1]
  .text                   ro code   0x801'8d26       0x4  startup_stm32h7b3xxq.o [1]
  .text                   ro code   0x801'8d2a       0x4  startup_stm32h7b3xxq.o [1]
  .text                   ro code   0x801'8d2e       0x4  startup_stm32h7b3xxq.o [1]
  .text                   ro code   0x801'8d32       0x4  startup_stm32h7b3xxq.o [1]
  .text                   ro code   0x801'8d36       0x4  startup_stm32h7b3xxq.o [1]
  .text                   ro code   0x801'8d3a       0x6  STM32DMA.o [5]
  .text                   ro code   0x801'8d40      0x10  STM32DMA.o [5]
  .text                   ro code   0x801'8d50       0x4  TouchGFXConfiguration.o [5]
  .text                   ro code   0x801'8d54       0x4  TouchGFXConfiguration.o [5]
  .text                   ro code   0x801'8d58       0xc  TouchGFXConfiguration.o [5]
  .text                   ro code   0x801'8d64       0xc  TouchGFXGeneratedHAL.o [5]
  .text                   ro code   0x801'8d70      0x1c  TouchGFXGeneratedHAL.o [5]
  .text                   ro code   0x801'8d8c      0x16  TouchGFXGeneratedHAL.o [5]
  .text                   ro code   0x801'8da2      0x14  TouchGFXGeneratedHAL.o [5]
  .text                   ro code   0x801'8db6       0x2  Application.o [24]
  .text                   ro code   0x801'8db8       0x4  SnapshotWidget.o [24]
  .text                   ro code   0x801'8dbc       0x4  SnapshotWidget.o [24]
  .text                   ro code   0x801'8dc0       0x4  SnapshotWidget.o [24]
  .text                   ro code   0x801'8dc4       0x4  SnapshotWidget.o [24]
  .text                   ro code   0x801'8dc8       0x2  SnapshotWidget.o [24]
  .text                   ro code   0x801'8dca       0x2  SnapshotWidget.o [24]
  .text                   ro code   0x801'8dcc       0x2  SnapshotWidget.o [24]
  .text                   ro code   0x801'8dce       0x2  SnapshotWidget.o [24]
  .text                   ro code   0x801'8dd0      0x12  SnapshotWidget.o [24]
  .text                   ro code   0x801'8de2      0x12  SnapshotWidget.o [24]
  .text                   ro code   0x801'8df4       0x2  Screen.o [24]
  .text                   ro code   0x801'8df6       0x4  LCD24bpp.o [24]
  .text                   ro code   0x801'8dfa      0x20  ButtonWithLabel.o [24]
  .text                   ro code   0x801'8e1a      0x14  TextArea.o [24]
  .text                   ro code   0x801'8e2e      0x3c  AbstractButton.o [24]
  .text                   ro code   0x801'8e6a       0x4  xpurevirtual.o [19]
  .text                   ro code   0x801'8e6e      0x16  xprout.o [19]
  .text                   ro code   0x801'8e84      0x38  zero_init3.o [22]
  .text                   ro code   0x801'8ebc      0x78  lz77_init_single.o [22]
  .iar.init_table         const     0x801'8f34      0x2c  - Linker created -
  .rodata                 const     0x801'8f60       0x1  unwind_debug.o [23]
  .rodata                 const     0x801'8f61       0x1  xlocale_c.o [19]
  .rodata                 const     0x801'8f62       0x0  zero_init3.o [22]
  .rodata                 const     0x801'8f62       0x0  lz77_init_single.o [22]
  Initializer bytes       const     0x801'8f62      0xc4  <for P2-1>
                                  - 0x801'9026  0x1'8d7a

"P2", part 1 of 3:                                 0x15d
  P2-1                             0x2400'0000     0x15d  <Init block>
    .data                 inited   0x2400'0000      0x30  ft5336.o [6]
    .data                 inited   0x2400'0030       0x4  OSWrappers.o [5]
    .data                 inited   0x2400'0034       0x4  port.o [10]
    .data                 inited   0x2400'0038       0x4  stm32h7xx_hal.o [9]
    .data                 inited   0x2400'003c       0x4  system_stm32h7xx.o [8]
    .data                 inited   0x2400'0040       0x4  system_stm32h7xx.o [8]
    .data                 inited   0x2400'0044       0x4  TouchGFXConfiguration.o [5]
    .data                 inited   0x2400'0048      0x1c  Application.o [24]
    .data                 inited   0x2400'0064       0xc  LCD24bpp.o [24]
    .data                 inited   0x2400'0070       0xc  LCD24bpp.o [24]
    .data                 inited   0x2400'007c       0xc  LCD24bpp.o [24]
    .data                 inited   0x2400'0088       0xc  LCD24bpp.o [24]
    .data                 inited   0x2400'0094       0xc  LCD24bpp.o [24]
    .data                 inited   0x2400'00a0       0xc  LCD24bpp.o [24]
    .data                 inited   0x2400'00ac       0xc  LCD24bpp.o [24]
    .data                 inited   0x2400'00b8       0xc  LCD24bpp.o [24]
    .data                 inited   0x2400'00c4       0xc  LCD24bpp.o [24]
    .data                 inited   0x2400'00d0       0xc  LCD24bpp.o [24]
    .data                 inited   0x2400'00dc      0x38  xlocale_c.o [19]
    .data                 inited   0x2400'0114      0x48  xfiles.o [19]
    .data                 inited   0x2400'015c       0x1  stm32h7xx_hal.o [9]
                                 - 0x2400'015d     0x15d

"P2", part 2 of 3:                                0xaca0
  .bss                    zero     0x2400'0160    0x8000  heap_4.o [10]
  .bss                    zero     0x2400'8160     0xc20  TouchGFXConfiguration.o [5]
  .bss                    zero     0x2400'8d80     0xa00  stm32h7b3i_discovery_bus.o [7]
  .bss                    zero     0x2400'9780     0x460  tasks.o [10]
  .bss                    zero     0x2400'9be0     0x400  cmsis_os2.o [10]
  .bss                    zero     0x2400'9fe0     0x318  TouchGFXConfiguration.o [5]
  .bss                    zero     0x2400'a2f8     0x200  cmsis_os2.o [10]
  .bss                    zero     0x2400'a4f8      0xa8  main.o [2]
  .bss                    zero     0x2400'a5a0      0xa0  timers.o [10]
  .bss                    zero     0x2400'a640      0x90  main.o [2]
  .bss                    zero     0x2400'a6d0      0x7c  TouchGFXConfiguration.o [5]
  .bss                    zero     0x2400'a74c      0x68  main.o [2]
  .bss                    zero     0x2400'a7b4      0x60  main.o [2]
  .bss                    zero     0x2400'a814      0x60  stm32h7b3i_discovery_ospi.o [7]
  .bss                    zero     0x2400'a874      0x5c  cmsis_os2.o [10]
  .bss                    zero     0x2400'a8d0      0x5c  cmsis_os2.o [10]
  .bss                    zero     0x2400'a92c      0x58  TouchGFXConfiguration.o [5]
  .bss                    zero     0x2400'a984      0x50  timers.o [10]
  .bss                    zero     0x2400'a9d4      0x50  xfiles.o [19]
  .bss                    zero     0x2400'aa24      0x4c  main.o [2]
  .bss                    zero     0x2400'aa70      0x4c  stm32h7b3i_discovery_bus.o [7]
  .bss                    zero     0x2400'aabc      0x4c  stm32h7xx_hal_timebase_tim.o [2]
  .bss                    zero     0x2400'ab08      0x40  queue.o [10]
  .bss                    zero     0x2400'ab48      0x2c  TouchCalibration.o [24]
  .bss                    zero     0x2400'ab74      0x28  stm32h7b3i_discovery_ts.o [7]
  .bss                    zero     0x2400'ab9c      0x28  Table_verdana_10_4bpp.o [11]
  .bss                    zero     0x2400'abc4      0x28  Table_verdana_20_4bpp.o [11]
  .bss                    zero     0x2400'abec      0x28  Table_verdana_40_4bpp.o [11]
  .bss                    zero     0x2400'ac14      0x24  main.o [2]
  .bss                    zero     0x2400'ac38      0x24  Bitmap.o [24]
  .bss                    zero     0x2400'ac5c      0x20  stm32h7b3i_discovery_ts.o [7]
  .bss                    zero     0x2400'ac7c      0x14  tasks.o [10]
  .bss                    zero     0x2400'ac90      0x14  tasks.o [10]
  .bss                    zero     0x2400'aca4      0x14  tasks.o [10]
  .bss                    zero     0x2400'acb8      0x14  tasks.o [10]
  .bss                    zero     0x2400'accc      0x14  tasks.o [10]
  .bss                    zero     0x2400'ace0      0x14  timers.o [10]
  .bss                    zero     0x2400'acf4      0x14  timers.o [10]
  .bss                    zero     0x2400'ad08      0x10  HAL.o [24]
  .bss                    zero     0x2400'ad18       0xc  TypedTextDatabase.o [14]
  .bss                    zero     0x2400'ad24       0x8  heap_4.o [10]
  .bss                    zero     0x2400'ad2c       0x8  stm32h7b3i_discovery_ospi.o [7]
  .bss                    zero     0x2400'ad34       0x4  cmsis_os2.o [10]
  .bss                    zero     0x2400'ad38       0x4  heap_4.o [10]
  .bss                    zero     0x2400'ad3c       0x4  heap_4.o [10]
  .bss                    zero     0x2400'ad40       0x4  heap_4.o [10]
  .bss                    zero     0x2400'ad44       0x4  heap_4.o [10]
  .bss                    zero     0x2400'ad48       0x4  heap_4.o [10]
  .bss                    zero     0x2400'ad4c       0x4  heap_4.o [10]
  .bss                    zero     0x2400'ad50       0x4  main.o [2]
  .bss                    zero     0x2400'ad54       0x4  main.o [2]
  .bss                    zero     0x2400'ad58       0x4  main.o [2]
  .bss                    zero     0x2400'ad5c       0x4  OSWrappers.o [5]
  .bss                    zero     0x2400'ad60       0x4  OSWrappers.o [5]
  .bss                    zero     0x2400'ad64       0x4  port.o [10]
  .bss                    zero     0x2400'ad68       0x4  stm32h7b3i_discovery_bus.o [7]
  .bss                    zero     0x2400'ad6c       0x4  stm32h7b3i_discovery_bus.o [7]
  .bss                    zero     0x2400'ad70       0x4  stm32h7b3i_discovery_ts.o [7]
  .bss                    zero     0x2400'ad74       0x4  stm32h7b3i_discovery_ts.o [7]
  .bss                    zero     0x2400'ad78       0x4  stm32h7xx_hal.o [9]
  .bss                    zero     0x2400'ad7c       0x4  tasks.o [10]
  .bss                    zero     0x2400'ad80       0x4  tasks.o [10]
  .bss                    zero     0x2400'ad84       0x4  tasks.o [10]
  .bss                    zero     0x2400'ad88       0x4  tasks.o [10]
  .bss                    zero     0x2400'ad8c       0x4  tasks.o [10]
  .bss                    zero     0x2400'ad90       0x4  tasks.o [10]
  .bss                    zero     0x2400'ad94       0x4  tasks.o [10]
  .bss                    zero     0x2400'ad98       0x4  tasks.o [10]
  .bss                    zero     0x2400'ad9c       0x4  tasks.o [10]
  .bss                    zero     0x2400'ada0       0x4  tasks.o [10]
  .bss                    zero     0x2400'ada4       0x4  tasks.o [10]
  .bss                    zero     0x2400'ada8       0x4  tasks.o [10]
  .bss                    zero     0x2400'adac       0x4  tasks.o [10]
  .bss                    zero     0x2400'adb0       0x4  tasks.o [10]
  .bss                    zero     0x2400'adb4       0x4  tasks.o [10]
  .bss                    zero     0x2400'adb8       0x4  Texts.o [14]
  .bss                    zero     0x2400'adbc       0x4  Texts.o [14]
  .bss                    zero     0x2400'adc0       0x4  Texts.o [14]
  .bss                    zero     0x2400'adc4       0x4  timers.o [10]
  .bss                    zero     0x2400'adc8       0x4  timers.o [10]
  .bss                    zero     0x2400'adcc       0x4  timers.o [10]
  .bss                    zero     0x2400'add0       0x4  timers.o [10]
  .bss                    zero     0x2400'add4       0x4  timers.o [10]
[...]
                         0x800'13a4      0x10  Data  Wk  Texts.o [14]
touchgfx::TextProvider::circularBuffer<(unsigned int)10>::peekChar(unsigned short)::string (instance 2)
                         0x800'13b4      0x7c  Data  Wk  Texts.o [14]
touchgfx::TextProvider::circularBuffer<(unsigned int)10>::popBack()::string
                         0x800'19ec       0xc  Data  Gb  TextProvider.o [24]
touchgfx::TextProvider::circularBuffer<(unsigned int)10>::popBack()::string (instance 2)
                         0x800'19f8      0x9c  Data  Gb  TextProvider.o [24]
touchgfx::TextProvider::circularBuffer<(unsigned int)10>::popFront()::string
                         0x800'17ec       0xc  Data  Gb  TextProvider.o [24]
touchgfx::TextProvider::circularBuffer<(unsigned int)10>::popFront()::string (instance 2)
                         0x800'17f8      0x9c  Data  Gb  TextProvider.o [24]
touchgfx::TextProvider::circularBuffer<(unsigned int)10>::pushBack(unsigned short)::string
                         0x800'1bf0       0xc  Data  Gb  TextProvider.o [24]
touchgfx::TextProvider::circularBuffer<(unsigned int)10>::pushBack(unsigned short)::string (instance 2)
                         0x800'1bfc      0x9c  Data  Gb  TextProvider.o [24]
touchgfx::TextProvider::circularBuffer<(unsigned int)10>::replaceAt(unsigned short, unsigned short)::string
                         0x800'1b44      0x10  Data  Gb  TextProvider.o [24]
touchgfx::TextProvider::circularBuffer<(unsigned int)10>::replaceAt(unsigned short, unsigned short)::string (instance 2)
                         0x800'1b54      0x9c  Data  Gb  TextProvider.o [24]
touchgfx::TextProvider::circularBuffer<(unsigned int)2>::allocateFront(unsigned short)::string
                         0x800'193c      0x14  Data  Gb  TextProvider.o [24]
touchgfx::TextProvider::circularBuffer<(unsigned int)2>::allocateFront(unsigned short)::string (instance 2)
                         0x800'1950      0x9c  Data  Gb  TextProvider.o [24]
touchgfx::TextProvider::circularBuffer<(unsigned int)2>::peekChar(unsigned short)::string
                         0x800'1c98      0x10  Data  Gb  TextProvider.o [24]
touchgfx::TextProvider::circularBuffer<(unsigned int)2>::peekChar(unsigned short)::string (instance 2)
                         0x800'1ca8      0x9c  Data  Gb  TextProvider.o [24]
touchgfx::TextProvider::fillInputBuffer()
                         0x800'7209      0xe6  Code  Gb  TextProvider.o [24]
touchgfx::TextProvider::getNextChar()
                         0x800'69ff      0x5e  Code  Gb  TextProvider.o [24]
touchgfx::TextProvider::getNextCharInternal()
                         0x800'6bd5      0x60  Code  Gb  TextProvider.o [24]
touchgfx::TextProvider::getNextLigature(unsigned char)
                         0x800'5f8b      0xd6  Code  Gb  Texts.o [14]
touchgfx::TextProvider::getNextLigature(unsigned char, touchgfx::Font const *, touchgfx::GlyphNode const *&)
                         0x800'6a5d      0xb0  Code  Gb  TextProvider.o [24]
touchgfx::TextProvider::getNextLigature(unsigned char, touchgfx::Font const *, touchgfx::GlyphNode const *&, unsigned char const *&, unsigned char &)
                         0x800'6b0d      0xb8  Code  Gb  TextProvider.o [24]
touchgfx::TextProvider::gsubRuleMatch(unsigned short const *, unsigned short, unsigned short, unsigned short)
                         0x800'73b1      0xae  Code  Gb  TextProvider.o [24]
touchgfx::TextProvider::gsubTableBinarySearch(unsigned short, unsigned short const *, unsigned short) const
                         0x800'74ad      0x46  Code  Gb  TextProvider.o [24]
touchgfx::TextProvider::initialize(unsigned short const *, __va_list, unsigned short const *, touchgfx::FontContextualFormsTable const *)
                         0x800'6c35      0x2c  Code  Gb  TextProvider.o [24]
touchgfx::TextProvider::initializeInternal()
                         0x800'6061       0x8  Code  Gb  Texts.o [14]
touchgfx::TextProvider::replaceInputCharacters(unsigned short, unsigned short, unsigned short const *)
                         0x800'70ed     0x11c  Code  Gb  TextProvider.o [24]
touchgfx::TextProvider::substituteGlyphs()
                         0x800'72ef      0x58  Code  Gb  TextProvider.o [24]
touchgfx::TextProvider::thaiLookupGlyph(touchgfx::GlyphNode const *, touchgfx::Font const *, unsigned short) const
                         0x800'6c8f      0x16  Code  Gb  TextProvider.o [24]
touchgfx::Texts::currentLanguage
                        0x2400'adf0       0x2  Data  Gb  Texts.o [14]
touchgfx::Texts::getText(unsigned short) const
                         0x800'60fb      0x14  Code  Gb  Texts.o [14]
touchgfx::Texts::setLanguage(unsigned short)
                         0x800'6083      0x78  Code  Gb  Texts.o [14]
touchgfx::TouchCalibration::clzu(unsigned int)
                         0x801'7a39      0x3a  Code  Gb  TouchCalibration.o [24]
touchgfx::TouchCalibration::matrix
                        0x2400'ab48      0x2c  Data  Gb  TouchCalibration.o [24]
touchgfx::TouchCalibration::muldiv(int, int, int, int, int &)
                         0x801'78f9      0x90  Code  Gb  TouchCalibration.o [24]
touchgfx::TouchCalibration::muldivu(unsigned int, unsigned int, unsigned int, unsigned int, unsigned int, unsigned int &)
                         0x801'7989      0xa8  Code  Gb  TouchCalibration.o [24]
touchgfx::TouchCalibration::translatePoint(touchgfx::Point &)
                         0x801'7a73      0x74  Code  Gb  TouchCalibration.o [24]
touchgfx::Transition::handleTickEvent()
                         0x800'bbed       0x2  Code  Wk  FrontendApplicationBase.o [12]
touchgfx::Transition::setScreenContainer(touchgfx::Container &)
                         0x801'8ae3       0x4  Code  Wk  FrontendApplicationBase.o [12]
touchgfx::TypedText::TypedText(unsigned short)
                         0x800'ad7d       0xc  Code  Wk  Screen1ViewBase.o [12]
touchgfx::TypedText::assertValid() const::string (instance 2)
                         0x800'02f8      0x44  Data  Wk  FontCache.o [11]
touchgfx::TypedText::assertValid() const::string (instance 3)
                         0x800'033c      0x78  Data  Wk  FontCache.o [11]
touchgfx::TypedText::assertValid() const::string (instance 5)
                         0x800'03b4      0x54  Data  Wk  FontCache.o [11]
touchgfx::TypedText::fonts
                        0x2400'ade4       0x4  Data  Gb  TypedText.o [24]
touchgfx::TypedText::numberOfTypedTexts
                        0x2400'adf6       0x2  Data  Gb  TypedText.o [24]
touchgfx::TypedText::texts
                        0x2400'ade0       0x4  Data  Gb  TypedText.o [24]
touchgfx::TypedText::typedTexts
                        0x2400'addc       0x4  Data  Gb  TypedText.o [24]
touchgfx::UIEventListener::handleClickEvent(touchgfx::ClickEvent const &)
                         0x801'8677       0x2  Code  Gb  Application.o [24]
touchgfx::UIEventListener::handleDragEvent(touchgfx::DragEvent const &)
                         0x801'890f       0x2  Code  Gb  Application.o [24]
touchgfx::UIEventListener::handleGestureEvent(touchgfx::GestureEvent const &)
                         0x801'8933       0x2  Code  Gb  Application.o [24]
touchgfx::UIEventListener::handleKeyEvent(unsigned char)
                         0x801'896b       0x2  Code  Gb  Application.o [24]
touchgfx::UIEventListener::handleTickEvent()
                         0x801'8db7       0x2  Code  Gb  Application.o [24]
touchgfx::Vector<touchgfx::Drawable *, (unsigned short)32>::removeAt(unsigned short)::string
                         0x800'1f20      0x10  Data  Gb  Application.o [24]
touchgfx::Vector<touchgfx::Drawable *, (unsigned short)32>::removeAt(unsigned short)::string (instance 2)
                         0x800'1f30      0x98  Data  Gb  Application.o [24]
touchgfx::Vector<touchgfx::Rect, (unsigned short)8>::Vector()
                         0x800'9841      0x1c  Code  Gb  Application.o [24]
touchgfx::Vector<touchgfx::Rect, (unsigned short)8>::add(touchgfx::Rect)
                         0x800'9b15      0x4c  Code  Gb  Application.o [24]
touchgfx::Vector<touchgfx::Rect, (unsigned short)8>::add(touchgfx::Rect)::string (instance 2)
                         0x800'1e58      0x30  Data  Gb  Application.o [24]
touchgfx::Vector<touchgfx::Rect, (unsigned short)8>::add(touchgfx::Rect)::string (instance 3)
                         0x800'1e88      0x98  Data  Gb  Application.o [24]
touchgfx::Vector<touchgfx::Rect, (unsigned short)8>::quickRemoveAt(unsigned short)
                         0x800'9a41      0x4c  Code  Gb  Application.o [24]
touchgfx::Vector<touchgfx::Rect, (unsigned short)8>::quickRemoveAt(unsigned short)::string
                         0x800'1db0      0x10  Data  Gb  Application.o [24]
touchgfx::Vector<touchgfx::Rect, (unsigned short)8>::quickRemoveAt(unsigned short)::string (instance 2)
                         0x800'1dc0      0x98  Data  Gb  Application.o [24]
touchgfx::View<Screen1Presenter>::~View()
                         0x801'493f       0x2  Code  Wk  Screen1ViewBase.o [12]
touchgfx::View<Screen2Presenter>::~View()
                         0x801'7123       0x2  Code  Wk  Screen2ViewBase.o [12]
touchgfx::Widget::getLastChild(short, short, touchgfx::Drawable **)
                         0x801'8de3      0x12  Code  Gb  SnapshotWidget.o [24]
touchgfx::colortype::colortype(unsigned int)
                         0x800'ad3d       0x4  Code  Wk  Screen1ViewBase.o [12]
touchgfx_fonts          0x2400'ad18       0xc  Data  Gb  TypedTextDatabase.o [14]
touchgfx_init            0x801'19c3      0x3a  Code  Gb  TouchGFXConfiguration.o [5]
touchgfx_taskEntry       0x801'19fd       0xa  Code  Gb  TouchGFXConfiguration.o [5]
typedTextDatabaseArray  0x9000'753c       0x4  Data  Gb  TypedTextDatabase.o [14]
typedText_database_DEFAULT
                        0x9000'7534       0x8  Data  Gb  TypedTextDatabase.o [14]
ucHeap                  0x2400'0160    0x8000  Data  Lc  heap_4.o [10]
ucMaxSysCallPriority    0x2400'adfa       0x1  Data  Lc  port.o [10]
ulMaxPRIGROUPValue      0x2400'ad64       0x4  Data  Lc  port.o [10]
unicodes_verdana_10_4bpp
                         0x801'89f4       0x4  Data  Gb  Table_verdana_10_4bpp.o [11]
unicodes_verdana_10_4bpp_0
                        0x9000'74ec      0x18  Data  Gb  Font_verdana_10_4bpp_0.o [11]
unicodes_verdana_20_4bpp
                         0x801'89f8       0x4  Data  Gb  Table_verdana_20_4bpp.o [11]
unicodes_verdana_20_4bpp_0
                        0x9000'7080     0x2a0  Data  Gb  Font_verdana_20_4bpp_0.o [11]
unicodes_verdana_40_4bpp
                         0x801'89fc       0x4  Data  Gb  Table_verdana_40_4bpp.o [11]
unicodes_verdana_40_4bpp_0
                        0x9000'7320     0x118  Data  Gb  Font_verdana_40_4bpp_0.o [11]
uwTick                  0x2400'ad78       0x4  Data  Gb  stm32h7xx_hal.o [9]
uwTickFreq              0x2400'015c       0x1  Data  Gb  stm32h7xx_hal.o [9]
uwTickPrio              0x2400'0038       0x4  Data  Gb  stm32h7xx_hal.o [9]
uxCriticalNesting       0x2400'0034       0x4  Data  Lc  port.o [10]
uxCurrentNumberOfTasks  0x2400'ad8c       0x4  Data  Lc  tasks.o [10]
uxDeletedTasksWaitingCleanUp
                        0x2400'ad88       0x4  Data  Lc  tasks.o [10]
uxListRemove             0x800'5bf5      0x26  Code  Gb  list.o [10]
uxSchedulerSuspended    0x2400'adb4       0x4  Data  Lc  tasks.o [10]
uxTaskNumber            0x2400'ada8       0x4  Data  Lc  tasks.o [10]
uxTopReadyPriority      0x2400'ad94       0x4  Data  Lc  tasks.o [10]
vApplicationGetIdleTaskMemory
                         0x800'5c41      0x18  Code  Wk  cmsis_os2.o [10]
vApplicationGetIdleTaskMemory::Idle_Stack
                        0x2400'a2f8     0x200  Data  Lc  cmsis_os2.o [10]
vApplicationGetIdleTaskMemory::Idle_TCB
                        0x2400'a874      0x5c  Data  Lc  cmsis_os2.o [10]
vApplicationGetTimerTaskMemory
                         0x800'5d3d      0x18  Code  Wk  cmsis_os2.o [10]
vApplicationGetTimerTaskMemory::Timer_Stack
                        0x2400'9be0     0x400  Data  Lc  cmsis_os2.o [10]
vApplicationGetTimerTaskMemory::Timer_TCB
                        0x2400'a8d0      0x5c  Data  Lc  cmsis_os2.o [10]
vListInitialise          0x800'5b83      0x1e  Code  Gb  list.o [10]
vListInitialiseItem      0x800'5ba1       0x6  Code  Gb  list.o [10]
vListInsert              0x800'5bbf      0x36  Code  Gb  list.o [10]
vListInsertEnd           0x800'5ba7      0x18  Code  Gb  list.o [10]
vPortEnableVFP           0x800'5d21            Code  Gb  portasm.o [10]
vPortEnterCritical       0x800'46fd      0x34  Code  Gb  port.o [10]
vPortExitCritical        0x800'4731      0x2c  Code  Gb  port.o [10]
vPortFree                0x800'4e95      0x7a  Code  Gb  heap_4.o [10]
vPortStartFirstTask      0x800'5d01            Code  Gb  portasm.o [10]
vPortValidateInterruptPriority
                         0x800'4785      0x4a  Code  Gb  port.o [10]
vQueueAddToRegistry      0x800'5a81      0x24  Code  Gb  queue.o [10]
vQueueDelete             0x800'58e7      0x2e  Code  Gb  queue.o [10]
vQueueUnregisterQueue    0x800'5aa5      0x26  Code  Gb  queue.o [10]
vQueueWaitForMessageRestricted
                         0x800'5ad1      0x4a  Code  Gb  queue.o [10]
vTaskDelay               0x800'3d3b      0x4c  Code  Gb  tasks.o [10]
vTaskInternalSetTimeOutState
                         0x800'417d      0x12  Code  Gb  tasks.o [10]
vTaskMissedYield         0x800'4217       0xa  Code  Gb  tasks.o [10]
vTaskPlaceOnEventList    0x800'4077      0x2e  Code  Gb  tasks.o [10]
vTaskPlaceOnEventListRestricted
                         0x800'40a5      0x38  Code  Gb  tasks.o [10]
vTaskPriorityDisinheritAfterTimeout
                         0x800'447d      0x96  Code  Gb  tasks.o [10]
vTaskStartScheduler      0x800'3d87      0x96  Code  Gb  tasks.o [10]
vTaskSuspendAll          0x800'3e1d       0xc  Code  Gb  tasks.o [10]
vTaskSwitchContext       0x800'4005      0x72  Code  Gb  tasks.o [10]
vsync_queue             0x2400'ad60       0x4  Data  Lc  OSWrappers.o [5]
xActiveTimerList1       0x2400'ace0      0x14  Data  Lc  timers.o [10]
xActiveTimerList2       0x2400'acf4      0x14  Data  Lc  timers.o [10]
xBlockAllocatedBit      0x2400'ad4c       0x4  Data  Lc  heap_4.o [10]
xDelayedTaskList1       0x2400'ac7c      0x14  Data  Lc  tasks.o [10]
xDelayedTaskList2       0x2400'ac90      0x14  Data  Lc  tasks.o [10]
xFreeBytesRemaining     0x2400'ad3c       0x4  Data  Lc  heap_4.o [10]
xHeapStructSize          0x800'0d44       0x4  Data  Lc  heap_4.o [10]
xIdleTaskHandle         0x2400'adb0       0x4  Data  Lc  tasks.o [10]
xMinimumEverFreeBytesRemaining
                        0x2400'ad40       0x4  Data  Lc  heap_4.o [10]
xNextTaskUnblockTime    0x2400'adac       0x4  Data  Lc  tasks.o [10]
xNumOfOverflows         0x2400'ada4       0x4  Data  Lc  tasks.o [10]
xNumberOfSuccessfulAllocations
                        0x2400'ad44       0x4  Data  Lc  heap_4.o [10]
xNumberOfSuccessfulFrees
                        0x2400'ad48       0x4  Data  Lc  heap_4.o [10]
xPendedTicks            0x2400'ad9c       0x4  Data  Lc  tasks.o [10]
xPendingReadyList       0x2400'aca4      0x14  Data  Lc  tasks.o [10]
xPortStartScheduler      0x800'462f      0xce  Code  Gb  port.o [10]
xPortSysTickHandler      0x800'475d      0x28  Code  Gb  port.o [10]
xQueueCreateCountingSemaphore
                         0x800'51d9      0x3c  Code  Gb  queue.o [10]
xQueueCreateCountingSemaphoreStatic
                         0x800'5197      0x42  Code  Gb  queue.o [10]
xQueueGenericCreate      0x800'512b      0x4a  Code  Gb  queue.o [10]
xQueueGenericCreateStatic
                         0x800'5083      0xa8  Code  Gb  queue.o [10]
xQueueGenericReset       0x800'4ff1      0x92  Code  Gb  queue.o [10]
xQueueGenericSend        0x800'5215     0x196  Code  Gb  queue.o [10]
xQueueGenericSendFromISR
                         0x800'53ab      0xe0  Code  Gb  queue.o [10]
xQueueGiveFromISR        0x800'548b      0xb8  Code  Gb  queue.o [10]
xQueueReceive            0x800'5543     0x15c  Code  Gb  queue.o [10]
xQueueReceiveFromISR     0x800'5839      0xae  Code  Gb  queue.o [10]
xQueueRegistry          0x2400'ab08      0x40  Data  Gb  queue.o [10]
xQueueSemaphoreTake      0x800'569f     0x196  Code  Gb  queue.o [10]
xSchedulerRunning       0x2400'ad98       0x4  Data  Lc  tasks.o [10]
xStart                  0x2400'ad24       0x8  Data  Lc  heap_4.o [10]
xSuspendedTaskList      0x2400'accc      0x14  Data  Lc  tasks.o [10]
xTaskCheckForTimeOut     0x800'4195      0x82  Code  Gb  tasks.o [10]
xTaskCreate              0x800'3b69      0x72  Code  Gb  tasks.o [10]
xTaskCreateStatic        0x800'3ae5      0x84  Code  Gb  tasks.o [10]
xTaskGetSchedulerState   0x800'434d      0x20  Code  Gb  tasks.o [10]
xTaskGetTickCount        0x800'3f0d       0x8  Code  Gb  tasks.o [10]
xTaskIncrementTick       0x800'3f15      0xf0  Code  Gb  tasks.o [10]
xTaskPriorityDisinherit
                         0x800'43ef      0x8a  Code  Gb  tasks.o [10]
xTaskPriorityInherit     0x800'436d      0x82  Code  Gb  tasks.o [10]
xTaskRemoveFromEventList
                         0x800'40f9      0x80  Code  Gb  tasks.o [10]
xTaskResumeAll           0x800'3e29      0xe4  Code  Gb  tasks.o [10]
xTasksWaitingTermination
                        0x2400'acb8      0x14  Data  Lc  tasks.o [10]
xTickCount              0x2400'ad90       0x4  Data  Lc  tasks.o [10]
xTimerCreate             0x800'486b      0x36  Code  Gb  timers.o [10]
xTimerCreateStatic       0x800'48a1      0x4c  Code  Gb  timers.o [10]
xTimerCreateTimerTask    0x800'4801      0x6a  Code  Gb  timers.o [10]
xTimerGenericCommand     0x800'4941      0x64  Code  Gb  timers.o [10]
xTimerQueue             0x2400'adcc       0x4  Data  Lc  timers.o [10]
xTimerTaskHandle        0x2400'add0       0x4  Data  Lc  timers.o [10]
xYieldPending           0x2400'ada0       0x4  Data  Lc  tasks.o [10]


[1] = D:\99_Project\GitHub\TouchGFX\MyApplication\EWARM\STM32H7B3I-DK\Obj\Application\EWARM
[2] = D:\99_Project\GitHub\TouchGFX\MyApplication\EWARM\STM32H7B3I-DK\Obj\Application\User\Core
[3] = D:\99_Project\GitHub\TouchGFX\MyApplication\EWARM\STM32H7B3I-DK\Obj\Application\User\TouchGFX\App
[4] = D:\99_Project\GitHub\TouchGFX\MyApplication\EWARM\STM32H7B3I-DK\Obj\Application\User\TouchGFX\target
[5] = D:\99_Project\GitHub\TouchGFX\MyApplication\EWARM\STM32H7B3I-DK\Obj\Application\User\TouchGFX\target\generated
[6] = D:\99_Project\GitHub\TouchGFX\MyApplication\EWARM\STM32H7B3I-DK\Obj\Drivers\BSP\Components
[7] = D:\99_Project\GitHub\TouchGFX\MyApplication\EWARM\STM32H7B3I-DK\Obj\Drivers\BSP\STM32H7B3I-DK
[8] = D:\99_Project\GitHub\TouchGFX\MyApplication\EWARM\STM32H7B3I-DK\Obj\Drivers\CMSIS
[9] = D:\99_Project\GitHub\TouchGFX\MyApplication\EWARM\STM32H7B3I-DK\Obj\Drivers\STM32H7xx_HAL_Driver
[10] = D:\99_Project\GitHub\TouchGFX\MyApplication\EWARM\STM32H7B3I-DK\Obj\Middlewares\FreeRTOS
[11] = D:\99_Project\GitHub\TouchGFX\MyApplication\EWARM\STM32H7B3I-DK\Obj\TouchGFX\generated\fonts
[12] = D:\99_Project\GitHub\TouchGFX\MyApplication\EWARM\STM32H7B3I-DK\Obj\TouchGFX\generated\gui_generated
[13] = D:\99_Project\GitHub\TouchGFX\MyApplication\EWARM\STM32H7B3I-DK\Obj\TouchGFX\generated\images
[14] = D:\99_Project\GitHub\TouchGFX\MyApplication\EWARM\STM32H7B3I-DK\Obj\TouchGFX\generated\texts
[15] = D:\99_Project\GitHub\TouchGFX\MyApplication\EWARM\STM32H7B3I-DK\Obj\TouchGFX\gui\common
[16] = D:\99_Project\GitHub\TouchGFX\MyApplication\EWARM\STM32H7B3I-DK\Obj\TouchGFX\gui\model
[17] = D:\99_Project\GitHub\TouchGFX\MyApplication\EWARM\STM32H7B3I-DK\Obj\TouchGFX\gui\screen1_screen
[18] = D:\99_Project\GitHub\TouchGFX\MyApplication\EWARM\STM32H7B3I-DK\Obj\TouchGFX\gui\screen2_screen
[19] = dl7M_tlf.a
[20] = dlpprt7M_tl_fc.a
[21] = m7M_tlv.a
[22] = rt7M_tl.a
[23] = shb_l.a
[24] = touchgfx_core.a

   89'238 bytes of readonly  code memory
   43'216 bytes of readonly  data memory
  831'997 bytes of readwrite data memory

Errors: none
Warnings: none
