###############################################################################
#
# IAR ELF Linker V9.20.1.318/W64 for ARM                  09/Feb/2022  10:51:40
# Copyright 2007-2021 IAR Systems AB.
#
#    Output file  =
#        D:\001_Project\B_TouchGFX_Stm32\TouchGFX\MyApplication\EWARM\STM32H7B3I-DK\Exe\STM32H7B3I-DK.out
#    Map file     =
#        D:\001_Project\B_TouchGFX_Stm32\TouchGFX\MyApplication\EWARM\STM32H7B3I-DK\List\STM32H7B3I-DK.map
#    Command line =
#        -f
#        D:\001_Project\B_TouchGFX_Stm32\TouchGFX\MyApplication\EWARM\STM32H7B3I-DK\Exe\STM32H7B3I-DK.out.rsp
#        (D:\001_Project\B_TouchGFX_Stm32\TouchGFX\MyApplication\EWARM\STM32H7B3I-DK\Obj\Application\User\TouchGFX\App\app_touchgfx.o
#        D:\001_Project\B_TouchGFX_Stm32\TouchGFX\MyApplication\EWARM\STM32H7B3I-DK\Obj\TouchGFX\generated\fonts\ApplicationFontProvider.o
#        D:\001_Project\B_TouchGFX_Stm32\TouchGFX\MyApplication\EWARM\STM32H7B3I-DK\Obj\TouchGFX\generated\images\BitmapDatabase.o
#        D:\001_Project\B_TouchGFX_Stm32\TouchGFX\MyApplication\EWARM\STM32H7B3I-DK\Obj\TouchGFX\generated\fonts\CachedFont.o
#        D:\001_Project\B_TouchGFX_Stm32\TouchGFX\MyApplication\EWARM\STM32H7B3I-DK\Obj\Middlewares\FreeRTOS\cmsis_os2.o
#        D:\001_Project\B_TouchGFX_Stm32\TouchGFX\MyApplication\EWARM\STM32H7B3I-DK\Obj\Middlewares\FreeRTOS\croutine.o
#        D:\001_Project\B_TouchGFX_Stm32\TouchGFX\MyApplication\EWARM\STM32H7B3I-DK\Obj\Middlewares\FreeRTOS\event_groups.o
#        D:\001_Project\B_TouchGFX_Stm32\TouchGFX\MyApplication\EWARM\STM32H7B3I-DK\Obj\TouchGFX\generated\fonts\Font_verdana_10_4bpp_0.o
#        D:\001_Project\B_TouchGFX_Stm32\TouchGFX\MyApplication\EWARM\STM32H7B3I-DK\Obj\TouchGFX\generated\fonts\Font_verdana_20_4bpp_0.o
#        D:\001_Project\B_TouchGFX_Stm32\TouchGFX\MyApplication\EWARM\STM32H7B3I-DK\Obj\TouchGFX\generated\fonts\Font_verdana_40_4bpp_0.o
#        D:\001_Project\B_TouchGFX_Stm32\TouchGFX\MyApplication\EWARM\STM32H7B3I-DK\Obj\TouchGFX\generated\fonts\FontCache.o
#        D:\001_Project\B_TouchGFX_Stm32\TouchGFX\MyApplication\EWARM\STM32H7B3I-DK\Obj\Application\User\Core\freertos.o
#        D:\001_Project\B_TouchGFX_Stm32\TouchGFX\MyApplication\EWARM\STM32H7B3I-DK\Obj\TouchGFX\gui\common\FrontendApplication.o
#        D:\001_Project\B_TouchGFX_Stm32\TouchGFX\MyApplication\EWARM\STM32H7B3I-DK\Obj\TouchGFX\generated\gui_generated\FrontendApplicationBase.o
#        D:\001_Project\B_TouchGFX_Stm32\TouchGFX\MyApplication\EWARM\STM32H7B3I-DK\Obj\Drivers\BSP\Components\ft5336.o
#        D:\001_Project\B_TouchGFX_Stm32\TouchGFX\MyApplication\EWARM\STM32H7B3I-DK\Obj\Drivers\BSP\Components\ft5336_reg.o
#        D:\001_Project\B_TouchGFX_Stm32\TouchGFX\MyApplication\EWARM\STM32H7B3I-DK\Obj\TouchGFX\generated\fonts\GeneratedFont.o
#        D:\001_Project\B_TouchGFX_Stm32\TouchGFX\MyApplication\EWARM\STM32H7B3I-DK\Obj\Middlewares\FreeRTOS\heap_4.o
#        D:\001_Project\B_TouchGFX_Stm32\TouchGFX\MyApplication\EWARM\STM32H7B3I-DK\Obj\TouchGFX\generated\images\image_Blue_Buttons_Round_icon_button.o
#        D:\001_Project\B_TouchGFX_Stm32\TouchGFX\MyApplication\EWARM\STM32H7B3I-DK\Obj\TouchGFX\generated\images\image_Blue_Buttons_Round_icon_button_pressed.o
#        D:\001_Project\B_TouchGFX_Stm32\TouchGFX\MyApplication\EWARM\STM32H7B3I-DK\Obj\TouchGFX\generated\fonts\Kerning_verdana_10_4bpp.o
#        D:\001_Project\B_TouchGFX_Stm32\TouchGFX\MyApplication\EWARM\STM32H7B3I-DK\Obj\TouchGFX\generated\fonts\Kerning_verdana_20_4bpp.o
#        D:\001_Project\B_TouchGFX_Stm32\TouchGFX\MyApplication\EWARM\STM32H7B3I-DK\Obj\TouchGFX\generated\fonts\Kerning_verdana_40_4bpp.o
#        D:\001_Project\B_TouchGFX_Stm32\TouchGFX\MyApplication\EWARM\STM32H7B3I-DK\Obj\TouchGFX\generated\texts\LanguageGb.o
#        D:\001_Project\B_TouchGFX_Stm32\TouchGFX\MyApplication\EWARM\STM32H7B3I-DK\Obj\Middlewares\FreeRTOS\list.o
#        D:\001_Project\B_TouchGFX_Stm32\TouchGFX\MyApplication\EWARM\STM32H7B3I-DK\Obj\Application\User\Core\main.o
#        D:\001_Project\B_TouchGFX_Stm32\TouchGFX\MyApplication\EWARM\STM32H7B3I-DK\Obj\TouchGFX\gui\model\Model.o
#        D:\001_Project\B_TouchGFX_Stm32\TouchGFX\MyApplication\EWARM\STM32H7B3I-DK\Obj\Drivers\BSP\Components\mx25lm51245g.o
#        D:\001_Project\B_TouchGFX_Stm32\TouchGFX\MyApplication\EWARM\STM32H7B3I-DK\Obj\Application\User\TouchGFX\target\generated\OSWrappers.o
#        D:\001_Project\B_TouchGFX_Stm32\TouchGFX\MyApplication\EWARM\STM32H7B3I-DK\Obj\Middlewares\FreeRTOS\port.o
#        D:\001_Project\B_TouchGFX_Stm32\TouchGFX\MyApplication\EWARM\STM32H7B3I-DK\Obj\Middlewares\FreeRTOS\portasm.o
#        D:\001_Project\B_TouchGFX_Stm32\TouchGFX\MyApplication\EWARM\STM32H7B3I-DK\Obj\Middlewares\FreeRTOS\queue.o
#        D:\001_Project\B_TouchGFX_Stm32\TouchGFX\MyApplication\EWARM\STM32H7B3I-DK\Obj\TouchGFX\gui\screen1_screen\Screen1Presenter.o
#        D:\001_Project\B_TouchGFX_Stm32\TouchGFX\MyApplication\EWARM\STM32H7B3I-DK\Obj\TouchGFX\gui\screen1_screen\Screen1View.o
#        D:\001_Project\B_TouchGFX_Stm32\TouchGFX\MyApplication\EWARM\STM32H7B3I-DK\Obj\TouchGFX\generated\gui_generated\Screen1ViewBase.o
#        D:\001_Project\B_TouchGFX_Stm32\TouchGFX\MyApplication\EWARM\STM32H7B3I-DK\Obj\TouchGFX\gui\screen2_screen\Screen2Presenter.o
#        D:\001_Project\B_TouchGFX_Stm32\TouchGFX\MyApplication\EWARM\STM32H7B3I-DK\Obj\TouchGFX\gui\screen2_screen\Screen2View.o
#        D:\001_Project\B_TouchGFX_Stm32\TouchGFX\MyApplication\EWARM\STM32H7B3I-DK\Obj\TouchGFX\generated\gui_generated\Screen2ViewBase.o
#        D:\001_Project\B_TouchGFX_Stm32\TouchGFX\MyApplication\EWARM\STM32H7B3I-DK\Obj\Application\EWARM\startup_stm32h7b3xxq.o
#        D:\001_Project\B_TouchGFX_Stm32\TouchGFX\MyApplication\EWARM\STM32H7B3I-DK\Obj\Application\User\TouchGFX\target\generated\STM32DMA.o
#        D:\001_Project\B_TouchGFX_Stm32\TouchGFX\MyApplication\EWARM\STM32H7B3I-DK\Obj\Drivers\BSP\STM32H7B3I-DK\stm32h7b3i_discovery.o
#        D:\001_Project\B_TouchGFX_Stm32\TouchGFX\MyApplication\EWARM\STM32H7B3I-DK\Obj\Drivers\BSP\STM32H7B3I-DK\stm32h7b3i_discovery_bus.o
#        D:\001_Project\B_TouchGFX_Stm32\TouchGFX\MyApplication\EWARM\STM32H7B3I-DK\Obj\Drivers\BSP\STM32H7B3I-DK\stm32h7b3i_discovery_ospi.o
#        D:\001_Project\B_TouchGFX_Stm32\TouchGFX\MyApplication\EWARM\STM32H7B3I-DK\Obj\Drivers\BSP\STM32H7B3I-DK\stm32h7b3i_discovery_ts.o
#        D:\001_Project\B_TouchGFX_Stm32\TouchGFX\MyApplication\EWARM\STM32H7B3I-DK\Obj\Drivers\STM32H7xx_HAL_Driver\stm32h7xx_hal.o
#        D:\001_Project\B_TouchGFX_Stm32\TouchGFX\MyApplication\EWARM\STM32H7B3I-DK\Obj\Drivers\STM32H7xx_HAL_Driver\stm32h7xx_hal_cortex.o
#        D:\001_Project\B_TouchGFX_Stm32\TouchGFX\MyApplication\EWARM\STM32H7B3I-DK\Obj\Drivers\STM32H7xx_HAL_Driver\stm32h7xx_hal_crc.o
#        D:\001_Project\B_TouchGFX_Stm32\TouchGFX\MyApplication\EWARM\STM32H7B3I-DK\Obj\Drivers\STM32H7xx_HAL_Driver\stm32h7xx_hal_crc_ex.o
#        D:\001_Project\B_TouchGFX_Stm32\TouchGFX\MyApplication\EWARM\STM32H7B3I-DK\Obj\Drivers\STM32H7xx_HAL_Driver\stm32h7xx_hal_dma.o
#        D:\001_Project\B_TouchGFX_Stm32\TouchGFX\MyApplication\EWARM\STM32H7B3I-DK\Obj\Drivers\STM32H7xx_HAL_Driver\stm32h7xx_hal_dma2d.o
#        D:\001_Project\B_TouchGFX_Stm32\TouchGFX\MyApplication\EWARM\STM32H7B3I-DK\Obj\Drivers\STM32H7xx_HAL_Driver\stm32h7xx_hal_dma_ex.o
#        D:\001_Project\B_TouchGFX_Stm32\TouchGFX\MyApplication\EWARM\STM32H7B3I-DK\Obj\Drivers\STM32H7xx_HAL_Driver\stm32h7xx_hal_exti.o
#        D:\001_Project\B_TouchGFX_Stm32\TouchGFX\MyApplication\EWARM\STM32H7B3I-DK\Obj\Drivers\STM32H7xx_HAL_Driver\stm32h7xx_hal_flash.o
#        D:\001_Project\B_TouchGFX_Stm32\TouchGFX\MyApplication\EWARM\STM32H7B3I-DK\Obj\Drivers\STM32H7xx_HAL_Driver\stm32h7xx_hal_flash_ex.o
#        D:\001_Project\B_TouchGFX_Stm32\TouchGFX\MyApplication\EWARM\STM32H7B3I-DK\Obj\Drivers\STM32H7xx_HAL_Driver\stm32h7xx_hal_gpio.o
#        D:\001_Project\B_TouchGFX_Stm32\TouchGFX\MyApplication\EWARM\STM32H7B3I-DK\Obj\Drivers\STM32H7xx_HAL_Driver\stm32h7xx_hal_hsem.o
#        D:\001_Project\B_TouchGFX_Stm32\TouchGFX\MyApplication\EWARM\STM32H7B3I-DK\Obj\Drivers\STM32H7xx_HAL_Driver\stm32h7xx_hal_i2c.o
#        D:\001_Project\B_TouchGFX_Stm32\TouchGFX\MyApplication\EWARM\STM32H7B3I-DK\Obj\Drivers\STM32H7xx_HAL_Driver\stm32h7xx_hal_i2c_ex.o
#        D:\001_Project\B_TouchGFX_Stm32\TouchGFX\MyApplication\EWARM\STM32H7B3I-DK\Obj\Drivers\STM32H7xx_HAL_Driver\stm32h7xx_hal_ltdc.o
#        D:\001_Project\B_TouchGFX_Stm32\TouchGFX\MyApplication\EWARM\STM32H7B3I-DK\Obj\Drivers\STM32H7xx_HAL_Driver\stm32h7xx_hal_ltdc_ex.o
#        D:\001_Project\B_TouchGFX_Stm32\TouchGFX\MyApplication\EWARM\STM32H7B3I-DK\Obj\Drivers\STM32H7xx_HAL_Driver\stm32h7xx_hal_mdma.o
#        D:\001_Project\B_TouchGFX_Stm32\TouchGFX\MyApplication\EWARM\STM32H7B3I-DK\Obj\Application\User\Core\stm32h7xx_hal_msp.o
#        D:\001_Project\B_TouchGFX_Stm32\TouchGFX\MyApplication\EWARM\STM32H7B3I-DK\Obj\Drivers\STM32H7xx_HAL_Driver\stm32h7xx_hal_ospi.o
#        D:\001_Project\B_TouchGFX_Stm32\TouchGFX\MyApplication\EWARM\STM32H7B3I-DK\Obj\Drivers\STM32H7xx_HAL_Driver\stm32h7xx_hal_pwr.o
#        D:\001_Project\B_TouchGFX_Stm32\TouchGFX\MyApplication\EWARM\STM32H7B3I-DK\Obj\Drivers\STM32H7xx_HAL_Driver\stm32h7xx_hal_pwr_ex.o
#        D:\001_Project\B_TouchGFX_Stm32\TouchGFX\MyApplication\EWARM\STM32H7B3I-DK\Obj\Drivers\STM32H7xx_HAL_Driver\stm32h7xx_hal_rcc.o
#        D:\001_Project\B_TouchGFX_Stm32\TouchGFX\MyApplication\EWARM\STM32H7B3I-DK\Obj\Drivers\STM32H7xx_HAL_Driver\stm32h7xx_hal_rcc_ex.o
#        D:\001_Project\B_TouchGFX_Stm32\TouchGFX\MyApplication\EWARM\STM32H7B3I-DK\Obj\Drivers\STM32H7xx_HAL_Driver\stm32h7xx_hal_tim.o
#        D:\001_Project\B_TouchGFX_Stm32\TouchGFX\MyApplication\EWARM\STM32H7B3I-DK\Obj\Drivers\STM32H7xx_HAL_Driver\stm32h7xx_hal_tim_ex.o
#        D:\001_Project\B_TouchGFX_Stm32\TouchGFX\MyApplication\EWARM\STM32H7B3I-DK\Obj\Application\User\Core\stm32h7xx_hal_timebase_tim.o
#        D:\001_Project\B_TouchGFX_Stm32\TouchGFX\MyApplication\EWARM\STM32H7B3I-DK\Obj\Drivers\STM32H7xx_HAL_Driver\stm32h7xx_hal_uart.o
#        D:\001_Project\B_TouchGFX_Stm32\TouchGFX\MyApplication\EWARM\STM32H7B3I-DK\Obj\Drivers\STM32H7xx_HAL_Driver\stm32h7xx_hal_uart_ex.o
#        D:\001_Project\B_TouchGFX_Stm32\TouchGFX\MyApplication\EWARM\STM32H7B3I-DK\Obj\Application\User\Core\stm32h7xx_it.o
#        D:\001_Project\B_TouchGFX_Stm32\TouchGFX\MyApplication\EWARM\STM32H7B3I-DK\Obj\Application\User\TouchGFX\target\STM32TouchController.o
#        D:\001_Project\B_TouchGFX_Stm32\TouchGFX\MyApplication\EWARM\STM32H7B3I-DK\Obj\Middlewares\FreeRTOS\stream_buffer.o
#        D:\001_Project\B_TouchGFX_Stm32\TouchGFX\MyApplication\EWARM\STM32H7B3I-DK\Obj\Drivers\CMSIS\system_stm32h7xx.o
#        D:\001_Project\B_TouchGFX_Stm32\TouchGFX\MyApplication\EWARM\STM32H7B3I-DK\Obj\TouchGFX\generated\fonts\Table_verdana_10_4bpp.o
#        D:\001_Project\B_TouchGFX_Stm32\TouchGFX\MyApplication\EWARM\STM32H7B3I-DK\Obj\TouchGFX\generated\fonts\Table_verdana_20_4bpp.o
#        D:\001_Project\B_TouchGFX_Stm32\TouchGFX\MyApplication\EWARM\STM32H7B3I-DK\Obj\TouchGFX\generated\fonts\Table_verdana_40_4bpp.o
#        D:\001_Project\B_TouchGFX_Stm32\TouchGFX\MyApplication\EWARM\STM32H7B3I-DK\Obj\Middlewares\FreeRTOS\tasks.o
#        D:\001_Project\B_TouchGFX_Stm32\TouchGFX\MyApplication\EWARM\STM32H7B3I-DK\Obj\TouchGFX\generated\texts\Texts.o
#        D:\001_Project\B_TouchGFX_Stm32\TouchGFX\MyApplication\EWARM\STM32H7B3I-DK\Obj\Middlewares\FreeRTOS\timers.o
#        D:\001_Project\B_TouchGFX_Stm32\TouchGFX\MyApplication\Middlewares\ST\touchgfx\lib\core\cortex_m7\IAR8.x\touchgfx_core.a
#        D:\001_Project\B_TouchGFX_Stm32\TouchGFX\MyApplication\EWARM\STM32H7B3I-DK\Obj\Application\User\TouchGFX\target\generated\TouchGFXConfiguration.o
#        D:\001_Project\B_TouchGFX_Stm32\TouchGFX\MyApplication\EWARM\STM32H7B3I-DK\Obj\Application\User\TouchGFX\target\generated\TouchGFXGeneratedHAL.o
#        D:\001_Project\B_TouchGFX_Stm32\TouchGFX\MyApplication\EWARM\STM32H7B3I-DK\Obj\Application\User\TouchGFX\target\TouchGFXGPIO.o
#        D:\001_Project\B_TouchGFX_Stm32\TouchGFX\MyApplication\EWARM\STM32H7B3I-DK\Obj\Application\User\TouchGFX\target\TouchGFXHAL.o
#        D:\001_Project\B_TouchGFX_Stm32\TouchGFX\MyApplication\EWARM\STM32H7B3I-DK\Obj\TouchGFX\generated\texts\TypedTextDatabase.o
#        D:\001_Project\B_TouchGFX_Stm32\TouchGFX\MyApplication\EWARM\STM32H7B3I-DK\Obj\TouchGFX\generated\fonts\UnmappedDataFont.o
#        D:\001_Project\B_TouchGFX_Stm32\TouchGFX\MyApplication\EWARM\STM32H7B3I-DK\Obj\Application\User\Core\User_Button.o
#        D:\001_Project\B_TouchGFX_Stm32\TouchGFX\MyApplication\EWARM\STM32H7B3I-DK\Obj\Application\User\Core\User_Creation_Task.o
#        D:\001_Project\B_TouchGFX_Stm32\TouchGFX\MyApplication\EWARM\STM32H7B3I-DK\Obj\Application\User\Core\User_Timer.o
#        D:\001_Project\B_TouchGFX_Stm32\TouchGFX\MyApplication\EWARM\STM32H7B3I-DK\Obj\Application\User\Core\User_Usart.o
#        --redirect _Printf=_PrintfFullNoMb --redirect _Scanf=_ScanfFullNoMb
#        --no_out_extension -o
#        D:\001_Project\B_TouchGFX_Stm32\TouchGFX\MyApplication\EWARM\STM32H7B3I-DK\Exe\STM32H7B3I-DK.out
#        --map
#        D:\001_Project\B_TouchGFX_Stm32\TouchGFX\MyApplication\EWARM\STM32H7B3I-DK\List\STM32H7B3I-DK.map
#        --log
#        libraries,initialization,modules,redirects,sections,veneers,unused_fragments,call_graph,crt_routine_selection,fragment_info,inlining,merging,demangle
#        --log_file
#        D:\001_Project\B_TouchGFX_Stm32\TouchGFX\MyApplication\EWARM\STM32H7B3I-DK\List\STM32H7B3I-DK.log
#        --config
#        D:\001_Project\B_TouchGFX_Stm32\TouchGFX\MyApplication\EWARM/stm32h7b3xxq_flash.icf
#        --semihosting --entry __iar_program_start --vfe --text_out locale)
#
###############################################################################

*******************************************************************************
*** RUNTIME MODEL ATTRIBUTES
***

CppFlavor                     = *
__CPP_Exceptions              = Disabled
__CPP_Language                = C++14
__CPP_Library                 = DLib
__CPP_Runtime                 = 1
__Heap_Handler                = DLMalloc
__SystemLibrary               = DLib
__dlib_dynamic_initialization = normal
__dlib_version                = 6


*******************************************************************************
*** HEAP SELECTION
***

The advanced heap was selected because the application calls memory
allocation functions outside of system library functions, and there
are calls to deallocation functions in the application.


*******************************************************************************
*** PLACEMENT SUMMARY
***

"A0":  place at address 0x800'0000 { ro section .intvec };
"P1":  place in [from 0x800'0000 to 0x81f'ffff] {
          ro, last section IntFlashSection };
define block CSTACK with size = 4K, alignment = 8 { };
define block HEAP with size = 4K, alignment = 8 { };
"P2":  place in [from 0x2400'0000 to 0x2403'ffff] {
          rw, block CSTACK, block HEAP };
"P3":  place in [from 0x2404'0000 to 0x240f'ffff] {
          first section TouchGFX_Framebuffer };
"P4":  place in [from 0x9000'0000 to 0x93ff'ffff] {
          section ExtFlashSection, section FontFlashSection,
          section TextFlashSection };
initialize by copy { rw };

No sections matched the following patterns:

  section IntFlashSection  in "P1"


  Section                 Kind         Address      Size  Object
  -------                 ----         -------      ----  ------
"A0":                                              0x2ac
  .intvec                 ro code   0x800'0000     0x2ac  startup_stm32h7b3xxq.o [1]
                                  - 0x800'02ac     0x2ac

"P1":                                           0x1'a752
  .rodata                 const     0x800'02ac      0x14  ApplicationFontProvider.o [11]
  .rodata                 const     0x800'02c0      0x28  BitmapDatabase.o [13]
  .rodata                 const     0x800'02e8      0x10  FontCache.o [11]
  .rodata                 const     0x800'02f8      0x44  FontCache.o [11]
  .rodata                 const     0x800'033c      0x84  FontCache.o [11]
  .rodata                 const     0x800'03c0      0x54  FontCache.o [11]
  .rodata                 const     0x800'0414      0x44  FrontendApplication.o [15]
  .rodata                 const     0x800'0458      0x24  FrontendApplicationBase.o [12]
  .rodata                 const     0x800'047c      0x44  FrontendApplicationBase.o [12]
  .rodata                 const     0x800'04c0      0x18  FrontendApplicationBase.o [12]
  .rodata                 const     0x800'04d8      0x44  FrontendApplicationBase.o [12]
  .rodata                 const     0x800'051c      0x24  FrontendApplicationBase.o [12]
  .rodata                 const     0x800'0540      0x90  FrontendApplicationBase.o [12]
  .rodata                 const     0x800'05d0      0x84  FrontendApplicationBase.o [12]
  .rodata                 const     0x800'0654      0xa4  FrontendApplicationBase.o [12]
  .rodata                 const     0x800'06f8      0xa4  FrontendApplicationBase.o [12]
  .rodata                 const     0x800'079c      0x18  FrontendApplicationBase.o [12]
  .rodata                 const     0x800'07b4      0x2c  FrontendApplicationBase.o [12]
  .rodata                 const     0x800'07e0      0x90  FrontendApplicationBase.o [12]
  .rodata                 const     0x800'0870      0x84  FrontendApplicationBase.o [12]
  .rodata                 const     0x800'08f4      0xa4  FrontendApplicationBase.o [12]
  .rodata                 const     0x800'0998      0xa4  FrontendApplicationBase.o [12]
  .rodata                 const     0x800'0a3c      0x18  FrontendApplicationBase.o [12]
  .rodata                 const     0x800'0a54      0x2c  FrontendApplicationBase.o [12]
  .rodata                 const     0x800'0a80      0x90  FrontendApplicationBase.o [12]
  .rodata                 const     0x800'0b10      0x84  FrontendApplicationBase.o [12]
  .rodata                 const     0x800'0b94      0xa4  FrontendApplicationBase.o [12]
  .rodata                 const     0x800'0c38      0xa4  FrontendApplicationBase.o [12]
  .rodata                 const     0x800'0cdc       0x8  FrontendApplicationBase.o [12]
  .rodata                 const     0x800'0ce4       0x8  FrontendApplicationBase.o [12]
  .rodata                 const     0x800'0cec       0x8  FrontendApplicationBase.o [12]
  .rodata                 const     0x800'0cf4       0x8  FrontendApplicationBase.o [12]
  .rodata                 const     0x800'0cfc       0x8  FrontendApplicationBase.o [12]
  .rodata                 const     0x800'0d04       0x8  FrontendApplicationBase.o [12]
  .rodata                 const     0x800'0d0c       0x8  FrontendApplicationBase.o [12]
  .rodata                 const     0x800'0d14       0x8  FrontendApplicationBase.o [12]
  .rodata                 const     0x800'0d1c      0x58  GeneratedFont.o [11]
  .rodata                 const     0x800'0d74       0x4  heap_4.o [10]
  .rodata                 const     0x800'0d78       0xc  main.o [2]
  .rodata                 const     0x800'0d84       0xc  main.o [2]
  .rodata                 const     0x800'0d90      0x10  main.o [2]
  .rodata                 const     0x800'0da0      0x24  main.o [2]
  .rodata                 const     0x800'0dc4      0x24  main.o [2]
  .rodata                 const     0x800'0de8      0x24  main.o [2]
  .rodata                 const     0x800'0e0c      0x48  OSWrappers.o [5]
  .rodata                 const     0x800'0e54      0x60  OSWrappers.o [5]
  .rodata                 const     0x800'0eb4      0x40  OSWrappers.o [5]
  .rodata                 const     0x800'0ef4       0x4  port.o [10]
  .rodata                 const     0x800'0ef8      0x18  Screen1Presenter.o [17]
  .rodata                 const     0x800'0f10      0x10  Screen1Presenter.o [17]
  .rodata                 const     0x800'0f20      0x28  Screen1Presenter.o [17]
  .rodata                 const     0x800'0f48      0x34  Screen1View.o [17]
  .rodata                 const     0x800'0f7c      0x34  Screen1ViewBase.o [12]
  .rodata                 const     0x800'0fb0      0x18  Screen1ViewBase.o [12]
  .rodata                 const     0x800'0fc8      0x34  Screen1ViewBase.o [12]
  .rodata                 const     0x800'0ffc       0x8  Screen1ViewBase.o [12]
  .rodata                 const     0x800'1004      0x28  Screen2Presenter.o [18]
  .rodata                 const     0x800'102c      0x34  Screen2View.o [18]
  .rodata                 const     0x800'1060      0x34  Screen2ViewBase.o [12]
  .rodata                 const     0x800'1094      0x18  Screen2ViewBase.o [12]
  .rodata                 const     0x800'10ac      0x34  Screen2ViewBase.o [12]
  .rodata                 const     0x800'10e0       0x8  Screen2ViewBase.o [12]
  .rodata                 const     0x800'10e8      0x50  STM32DMA.o [5]
  .rodata                 const     0x800'1138      0x1c  STM32DMA.o [5]
  .rodata                 const     0x800'1154      0x60  STM32DMA.o [5]
  .rodata                 const     0x800'11b4      0x1c  STM32DMA.o [5]
  .rodata                 const     0x800'11d0      0x60  STM32DMA.o [5]
  .rodata                 const     0x800'1230      0x1c  STM32DMA.o [5]
  .rodata                 const     0x800'124c      0x60  STM32DMA.o [5]
  .rodata                 const     0x800'12ac      0x84  stm32h7b3i_discovery_bus.o [7]
  .rodata                 const     0x800'1330      0x18  stm32h7xx_hal_uart.o [9]
  .rodata                 const     0x800'1348       0x8  stm32h7xx_hal_uart_ex.o [9]
  .rodata                 const     0x800'1350       0x8  stm32h7xx_hal_uart_ex.o [9]
  .rodata                 const     0x800'1358      0x18  STM32TouchController.o [4]
  .rodata                 const     0x800'1370      0x10  system_stm32h7xx.o [8]
  .rodata                 const     0x800'1380       0x8  tasks.o [10]
  .rodata                 const     0x800'1388       0xc  Texts.o [14]
  .rodata                 const     0x800'1394      0x84  Texts.o [14]
  .rodata                 const     0x800'1418      0x10  Texts.o [14]
  .rodata                 const     0x800'1428      0x84  Texts.o [14]
  .rodata                 const     0x800'14ac       0xc  Texts.o [14]
  .rodata                 const     0x800'14b8      0x84  Texts.o [14]
  .rodata                 const     0x800'153c       0x4  Texts.o [14]
  .rodata                 const     0x800'1540       0x8  timers.o [10]
  .rodata                 const     0x800'1548       0x8  timers.o [10]
  .rodata                 const     0x800'1550      0x10  TouchGFXConfiguration.o [5]
  .rodata                 const     0x800'1560      0x14  TouchGFXConfiguration.o [5]
  .rodata                 const     0x800'1574      0x34  TouchGFXConfiguration.o [5]
  .rodata                 const     0x800'15a8      0x34  TouchGFXConfiguration.o [5]
  .rodata                 const     0x800'15dc      0x34  TouchGFXConfiguration.o [5]
  .rodata                 const     0x800'1610      0x14  TouchGFXConfiguration.o [5]
  .rodata                 const     0x800'1624      0x38  TouchGFXGeneratedHAL.o [5]
  .rodata                 const     0x800'165c      0x80  TouchGFXGeneratedHAL.o [5]
  .rodata                 const     0x800'16dc      0xd0  TouchGFXGeneratedHAL.o [5]
  .rodata                 const     0x800'17ac      0xd0  TouchGFXHAL.o [4]
  .rodata                 const     0x800'187c      0x10  User_Creation_Task.o [2]
  .rodata                 const     0x800'188c      0x30  User_Creation_Task.o [2]
  .rodata                 const     0x800'18bc      0x10  User_Creation_Task.o [2]
  .rodata                 const     0x800'18cc      0x20  User_Creation_Task.o [2]
  .rodata                 const     0x800'18ec      0x10  User_Timer.o [2]
  .rodata                 const     0x800'18fc      0x18  User_Timer.o [2]
  .rodata                 const     0x800'1914      0x10  User_Timer.o [2]
  .rodata                 const     0x800'1924       0xc  TextProvider.o [24]
  .rodata                 const     0x800'1930      0x9c  TextProvider.o [24]
  .rodata                 const     0x800'19cc       0xc  TextProvider.o [24]
  .rodata                 const     0x800'19d8      0x9c  TextProvider.o [24]
  .rodata                 const     0x800'1a74      0x14  TextProvider.o [24]
  .rodata                 const     0x800'1a88      0x9c  TextProvider.o [24]
  .rodata                 const     0x800'1b24       0xc  TextProvider.o [24]
  .rodata                 const     0x800'1b30      0x9c  TextProvider.o [24]
  .rodata                 const     0x800'1bcc      0x14  TextProvider.o [24]
  .rodata                 const     0x800'1be0      0x9c  TextProvider.o [24]
  .rodata                 const     0x800'1c7c      0x10  TextProvider.o [24]
  .rodata                 const     0x800'1c8c      0x9c  TextProvider.o [24]
  .rodata                 const     0x800'1d28       0xc  TextProvider.o [24]
  .rodata                 const     0x800'1d34      0x9c  TextProvider.o [24]
  .rodata                 const     0x800'1dd0      0x10  TextProvider.o [24]
  .rodata                 const     0x800'1de0      0x9c  TextProvider.o [24]
  .rodata                 const     0x800'1e7c      0x28  Application.o [24]
  .rodata                 const     0x800'1ea4      0x44  Application.o [24]
  .rodata                 const     0x800'1ee8      0x10  Application.o [24]
  .rodata                 const     0x800'1ef8      0x98  Application.o [24]
  .rodata                 const     0x800'1f90      0x30  Application.o [24]
  .rodata                 const     0x800'1fc0      0x98  Application.o [24]
  .rodata                 const     0x800'2058      0x10  Application.o [24]
  .rodata                 const     0x800'2068      0x98  Application.o [24]
  .rodata                 const     0x800'2100      0x6c  SnapshotWidget.o [24]
  .rodata                 const     0x800'216c     0x2b0  HAL.o [24]
  .rodata                 const     0x800'241c      0x14  Screen.o [24]
  .rodata                 const     0x800'2430      0x14  Screen.o [24]
  .rodata                 const     0x800'2444      0x14  Screen.o [24]
  .rodata                 const     0x800'2458      0x34  Screen.o [24]
  .rodata                 const     0x800'248c      0x50  LCD24bpp.o [24]
  .rodata                 const     0x800'24dc      0x44  LCD24bpp.o [24]
  .rodata                 const     0x800'2520      0xa4  LCD24bpp.o [24]
  .rodata                 const     0x800'25c4      0x14  LCD24bpp.o [24]
  .rodata                 const     0x800'25d8      0x14  LCD24bpp.o [24]
  .rodata                 const     0x800'25ec      0x14  LCD24bpp.o [24]
  .rodata                 const     0x800'2600      0x14  LCD24bpp.o [24]
  .rodata                 const     0x800'2614      0x14  LCD24bpp.o [24]
  .rodata                 const     0x800'2628      0x14  LCD24bpp.o [24]
  .rodata                 const     0x800'263c      0x14  LCD24bpp.o [24]
  .rodata                 const     0x800'2650      0x14  LCD24bpp.o [24]
  .rodata                 const     0x800'2664      0x14  LCD24bpp.o [24]
  .rodata                 const     0x800'2678      0x14  LCD24bpp.o [24]
  .rodata                 const     0x800'268c      0x14  LCD24bpp.o [24]
  .rodata                 const     0x800'26a0      0x14  LCD24bpp.o [24]
  .rodata                 const     0x800'26b4      0x14  LCD24bpp.o [24]
  .rodata                 const     0x800'26c8      0x14  LCD24bpp.o [24]
  .rodata                 const     0x800'26dc      0x14  LCD24bpp.o [24]
  .rodata                 const     0x800'26f0      0x14  LCD24bpp.o [24]
  .rodata                 const     0x800'2704      0x14  LCD24bpp.o [24]
  .rodata                 const     0x800'2718      0x14  LCD24bpp.o [24]
  .rodata                 const     0x800'272c      0x14  LCD24bpp.o [24]
  .rodata                 const     0x800'2740      0x14  LCD24bpp.o [24]
  .rodata                 const     0x800'2754     0x3b4  LCD24bpp.o [24]
  .rodata                 const     0x800'2b08      0x70  ButtonWithLabel.o [24]
  .rodata                 const     0x800'2b78      0x3c  Button.o [24]
  .rodata                 const     0x800'2bb4      0x98  Button.o [24]
  .rodata                 const     0x800'2c4c      0x70  Button.o [24]
  .rodata                 const     0x800'2cbc      0x78  TextArea.o [24]
  .rodata                 const     0x800'2d34      0x8c  Container.o [24]
  .rodata                 const     0x800'2dc0     0x110  Container.o [24]
  .rodata                 const     0x800'2ed0      0x40  Container.o [24]
  .rodata                 const     0x800'2f10      0x64  Box.o [24]
  .rodata                 const     0x800'2f74      0x24  DMA.o [24]
  .rodata                 const     0x800'2f98      0xe4  DMA.o [24]
  .rodata                 const     0x800'307c     0x578  Bitmap.o [24]
  .rodata                 const     0x800'35f4      0x6c  AbstractButton.o [24]
  .text                   ro code   0x800'3660       0xc  BitmapDatabase.o [13]
  .text                   ro code   0x800'366c     0x640  cmsis_os2.o [10]
  .text                   ro code   0x800'3cac     0xb9c  tasks.o [10]
  .text                   ro code   0x800'4848     0x224  port.o [10]
  .text                   ro code   0x800'4a6c     0x5ac  timers.o [10]
  .text                   ro code   0x800'5018     0x278  heap_4.o [10]
  .text                   ro code   0x800'5290     0xb2a  queue.o [10]
  .rodata                 const     0x800'5dba       0x2  xlocale_c.o [19]
  .text                   ro code   0x800'5dbc      0x66  ABImemset.o [22]
  .text                   ro code   0x800'5e22      0x98  list.o [10]
  .text                   ro code   0x800'5eba      0x26  CachedFont.o [11]
  .text                   ro code   0x800'5ee0      0x18  cmsis_os2.o [10]
  .text                   ro code   0x800'5ef8      0x34  port.o [10]
  CODE                    ro code   0x800'5f2c      0xb0  portasm.o [10]
  .text                   ro code   0x800'5fdc      0x18  cmsis_os2.o [10]
  .text                   ro code   0x800'5ff4      0xa6  ABImemcpy.o [22]
  .text                   ro code   0x800'609a       0xa  CachedFont.o [11]
  .text                   ro code   0x800'60a4      0x18  FrontendApplication.o [15]
  .text                   ro code   0x800'60bc     0x120  FrontendApplicationBase.o [12]
  .text                   ro code   0x800'61dc       0x8  FrontendApplicationBase.o [12]
  .text                   ro code   0x800'61e4      0x28  FrontendApplicationBase.o [12]
  .text                   ro code   0x800'620c       0xc  FrontendApplicationBase.o [12]
  .text                   ro code   0x800'6218     0x1cc  Texts.o [14]
  .text                   ro code   0x800'63e4      0x24  FrontendApplicationBase.o [12]
  LCD24bpp_enableTextureMapperAll
                          ro code   0x800'6408      0x24  LCD24bpp.o [24]
  .text                   ro code   0x800'642c      0x24  FrontendApplicationBase.o [12]
  .text                   ro code   0x800'6450      0x1e  FrontendApplicationBase.o [12]
  .text                   ro code   0x800'646e      0x22  FrontendApplicationBase.o [12]
  .text                   ro code   0x800'6490     0x1c8  FrontendApplicationBase.o [12]
  .text                   ro code   0x800'6658     0x1cc  FrontendApplicationBase.o [12]
  .text                   ro code   0x800'6824     0x1cc  FrontendApplicationBase.o [12]
  .text                   ro code   0x800'69f0      0x2c  FrontendApplicationBase.o [12]
  .text                   ro code   0x800'6a1c       0x8  FrontendApplicationBase.o [12]
  .text                   ro code   0x800'6a24     0x206  Font.o [24]
  .text                   ro code   0x800'6c2a       0x2  FrontendApplicationBase.o [12]
  .text                   ro code   0x800'6c2c      0x24  ABIassert.o [23]
  .text                   ro code   0x800'6c50     0xb42  TextProvider.o [24]
  .text                   ro code   0x800'7792       0x2  FrontendApplicationBase.o [12]
  .text                   ro code   0x800'7794     0x88a  LCD.o [24]
  .text                   ro code   0x800'801e       0x2  FrontendApplicationBase.o [12]
  .text                   ro code   0x800'8020      0x24  TypedTextDatabase.o [14]
  .text                   ro code   0x800'8044      0x1c  Texts.o [14]
  LCD24bpp_enableTextureMapperA4
                          ro code   0x800'8060      0x12  LCD24bpp.o [24]
  LCD24bpp_enableTextureMapperARGB8888
                          ro code   0x800'8072      0x12  LCD24bpp.o [24]
  LCD24bpp_enableTextureMapperL8_ARGB8888
                          ro code   0x800'8084      0x12  LCD24bpp.o [24]
  LCD24bpp_enableTextureMapperL8_RGB888
                          ro code   0x800'8096      0x12  LCD24bpp.o [24]
  LCD24bpp_enableTextureMapperRGB888
                          ro code   0x800'80a8      0x12  LCD24bpp.o [24]
  .text                   ro code   0x800'80ba       0x2  FrontendApplicationBase.o [12]
  .text                   ro code   0x800'80bc     0xf6c  Application.o [24]
  .text                   ro code   0x800'9028       0xc  FrontendApplicationBase.o [12]
  .text                   ro code   0x800'9034       0x4  FrontendApplicationBase.o [12]
  .text                   ro code   0x800'9038      0x18  FrontendApplicationBase.o [12]
  .text                   ro code   0x800'9050       0xc  FrontendApplicationBase.o [12]
  .text                   ro code   0x800'905c      0x28  Screen1View.o [17]
  .text                   ro code   0x800'9084       0xc  FrontendApplicationBase.o [12]
  .text                   ro code   0x800'9090      0x2c  Screen1Presenter.o [17]
  .text                   ro code   0x800'90bc       0x4  FrontendApplicationBase.o [12]
  .text                   ro code   0x800'90c0       0x4  FrontendApplicationBase.o [12]
  .text                   ro code   0x800'90c4       0x4  FrontendApplicationBase.o [12]
  .text                   ro code   0x800'90c8     0x574  Screen.o [24]
  .text                   ro code   0x800'963c       0xc  FrontendApplicationBase.o [12]
  .text                   ro code   0x800'9648      0x90  FrontendApplicationBase.o [12]
  .text                   ro code   0x800'96d8       0xc  FrontendApplicationBase.o [12]
  .text                   ro code   0x800'96e4      0x90  FrontendApplicationBase.o [12]
  .text                   ro code   0x800'9774       0xc  FrontendApplicationBase.o [12]
  .text                   ro code   0x800'9780      0x28  Screen2View.o [18]
  .text                   ro code   0x800'97a8       0xc  FrontendApplicationBase.o [12]
  .text                   ro code   0x800'97b4      0x2c  Screen2Presenter.o [18]
  .text                   ro code   0x800'97e0       0x4  FrontendApplicationBase.o [12]
  .text                   ro code   0x800'97e4       0x2  FrontendApplicationBase.o [12]
  .text                   ro code   0x800'97e6       0x6  abort.o [19]
  .text                   ro code   0x800'97ec      0x14  memset.o [22]
  .text                   ro code   0x800'9800      0x74  LCD.o [24]
  .text                   ro code   0x800'9874      0x64  Table_verdana_20_4bpp.o [11]
  .text                   ro code   0x800'98d8      0x64  Table_verdana_40_4bpp.o [11]
  .text                   ro code   0x800'993c      0x64  Table_verdana_10_4bpp.o [11]
  LCD24bpp_enableTextureMapperA4_BilinearInterpolation
                          ro code   0x800'99a0      0x20  LCD24bpp.o [24]
  LCD24bpp_enableTextureMapperA4_NearestNeighbor
                          ro code   0x800'99c0      0x20  LCD24bpp.o [24]
  LCD24bpp_enableTextureMapperARGB8888_BilinearInterpolation
                          ro code   0x800'99e0      0x20  LCD24bpp.o [24]
  LCD24bpp_enableTextureMapperARGB8888_NearestNeighbor
                          ro code   0x800'9a00      0x20  LCD24bpp.o [24]
  LCD24bpp_enableTextureMapperL8_ARGB8888_BilinearInterpolation
                          ro code   0x800'9a20      0x20  LCD24bpp.o [24]
  LCD24bpp_enableTextureMapperL8_ARGB8888_NearestNeighbor
                          ro code   0x800'9a40      0x20  LCD24bpp.o [24]
  LCD24bpp_enableTextureMapperL8_RGB888_BilinearInterpolation
                          ro code   0x800'9a60      0x20  LCD24bpp.o [24]
  LCD24bpp_enableTextureMapperL8_RGB888_NearestNeighbor
                          ro code   0x800'9a80      0x20  LCD24bpp.o [24]
  LCD24bpp_enableTextureMapperRGB888_BilinearInterpolation
                          ro code   0x800'9aa0      0x20  LCD24bpp.o [24]
  LCD24bpp_enableTextureMapperRGB888_NearestNeighbor
                          ro code   0x800'9ac0      0x20  LCD24bpp.o [24]
  .text                   ro code   0x800'9ae0      0x1c  Application.o [24]
  .text                   ro code   0x800'9afc      0xac  stm32_crc_lock.o [24]
  .text                   ro code   0x800'9ba8      0x90  Application.o [24]
  .text                   ro code   0x800'9c38      0x18  Application.o [24]
  .text                   ro code   0x800'9c50      0x90  Application.o [24]
  .text                   ro code   0x800'9ce0      0x4c  Application.o [24]
  .text                   ro code   0x800'9d2c      0x44  Application.o [24]
  .text                   ro code   0x800'9d70      0x44  Application.o [24]
  .text                   ro code   0x800'9db4      0x4c  Application.o [24]
  .text                   ro code   0x800'9e00       0x6  ABImemclr4.o [22]
  .text                   ro code   0x800'9e06       0x6  FrontendApplicationBase.o [12]
  .text                   ro code   0x800'9e0c      0xe0  DisplayTransformation.o [24]
  .text                   ro code   0x800'9eec       0x8  FrontendApplicationBase.o [12]
  .text                   ro code   0x800'9ef4     0x1f6  Screen1ViewBase.o [12]
  .text                   ro code   0x800'a0ea       0x2  Screen1View.o [17]
  .text                   ro code   0x800'a0ec       0x8  Screen1Presenter.o [17]
  .text                   ro code   0x800'a0f4       0x8  Screen1Presenter.o [17]
  .text                   ro code   0x800'a0fc      0x38  Screen.o [24]
  .text                   ro code   0x800'a134     0x148  Drawable.o [24]
  .text                   ro code   0x800'a27c     0x416  Container.o [24]
  .text                   ro code   0x800'a692      0x14  Screen.o [24]
  .text                   ro code   0x800'a6a6      0x3e  Screen.o [24]
  .text                   ro code   0x800'a6e4      0x28  Screen.o [24]
  .text                   ro code   0x800'a70c      0x28  Screen.o [24]
  .text                   ro code   0x800'a734      0x20  Screen.o [24]
  .text                   ro code   0x800'a754      0x1c  Screen.o [24]
  .text                   ro code   0x800'a770     0x160  SnapshotWidget.o [24]
  .text                   ro code   0x800'a8d0      0x24  FrontendApplicationBase.o [12]
  .text                   ro code   0x800'a8f4      0x24  FrontendApplicationBase.o [12]
  .text                   ro code   0x800'a918      0x24  FrontendApplicationBase.o [12]
  .text                   ro code   0x800'a93c     0x1f6  Screen2ViewBase.o [12]
  .text                   ro code   0x800'ab32       0x2  FrontendApplicationBase.o [12]
  .text                   ro code   0x800'ab34      0x14  exit.o [23]
  .text                   ro code   0x800'ab48      0xd0  GeneratedFont.o [11]
  .text                   ro code   0x800'ac18      0x28  cxxabi.o [20]
  .text                   ro code   0x800'ac40      0x32  ABImemset48.o [22]
  .text                   ro code   0x800'ac72       0x2  FrontendApplicationBase.o [12]
  .text                   ro code   0x800'ac74      0x14  FrontendApplicationBase.o [12]
  .text                   ro code   0x800'ac88       0x8  Screen1ViewBase.o [12]
  .text                   ro code   0x800'ac90      0x30  Screen1ViewBase.o [12]
  .text                   ro code   0x800'acc0      0x54  Screen1ViewBase.o [12]
  .text                   ro code   0x800'ad14     0x2a4  ButtonWithLabel.o [24]
  .text                   ro code   0x800'afb8      0x24  Screen1ViewBase.o [12]
  .text                   ro code   0x800'afdc       0x4  Screen1ViewBase.o [12]
  .text                   ro code   0x800'afe0       0x4  Screen1ViewBase.o [12]
  .text                   ro code   0x800'afe4      0x1e  FrontendApplicationBase.o [12]
  .text                   ro code   0x800'b002      0x1a  FrontendApplicationBase.o [12]
  .text                   ro code   0x800'b01c       0xc  Screen1ViewBase.o [12]
  .text                   ro code   0x800'b028     0x490  TextArea.o [24]
  .text                   ro code   0x800'b4b8       0x4  Screen1ViewBase.o [12]
  .text                   ro code   0x800'b4bc     0x12c  Button.o [24]
  .text                   ro code   0x800'b5e8      0x14  Screen1ViewBase.o [12]
  .text                   ro code   0x800'b5fc       0x4  Screen1ViewBase.o [12]
  .text                   ro code   0x800'b600       0x4  Screen1ViewBase.o [12]
  .text                   ro code   0x800'b604       0x4  Screen1ViewBase.o [12]
  .text                   ro code   0x800'b608       0xa  Screen1ViewBase.o [12]
  .text                   ro code   0x800'b612       0x8  Screen1ViewBase.o [12]
  .text                   ro code   0x800'b61a      0x1a  FrontendApplicationBase.o [12]
  .text                   ro code   0x800'b634       0xc  Screen1Presenter.o [17]
  .text                   ro code   0x800'b640      0x10  Screen1Presenter.o [17]
  .text                   ro code   0x800'b650      0x30  Container.o [24]
  .text                   ro code   0x800'b680     0x3f4  Bitmap.o [24]
  .text                   ro code   0x800'ba74       0x8  FrontendApplicationBase.o [12]
  .text                   ro code   0x800'ba7c      0x1e  FrontendApplicationBase.o [12]
  .text                   ro code   0x800'ba9a       0x8  Screen2ViewBase.o [12]
  .text                   ro code   0x800'baa2       0x2  Screen1Presenter.o [17]
  .text                   ro code   0x800'baa4      0x24  Screen2ViewBase.o [12]
  .text                   ro code   0x800'bac8       0x8  Screen2ViewBase.o [12]
  .text                   ro code   0x800'bad0     0x12c  ConstFont.o [24]
  .text                   ro code   0x800'bbfc      0x1c  Screen1ViewBase.o [12]
  .text                   ro code   0x800'bc18       0x8  Screen1ViewBase.o [12]
  .text                   ro code   0x800'bc20       0x8  Screen1ViewBase.o [12]
  .text                   ro code   0x800'bc28      0x2a  TextArea.o [24]
  .text                   ro code   0x800'bc52       0x6  Screen1ViewBase.o [12]
  .text                   ro code   0x800'bc58     0x100  Screen1ViewBase.o [12]
  .text                   ro code   0x800'bd58       0x2  FrontendApplicationBase.o [12]
  .text                   ro code   0x800'bd5a       0x2  Screen1Presenter.o [17]
  .text                   ro code   0x800'bd5c      0x1c  Screen2ViewBase.o [12]
  .text                   ro code   0x800'bd78       0xe  Screen1ViewBase.o [12]
  .text                   ro code   0x800'bd86       0x2  Screen1ViewBase.o [12]
  .text                   ro code   0x800'bd88       0x8  Screen1ViewBase.o [12]
  .text                   ro code   0x800'bd90      0x36  Screen1ViewBase.o [12]
  .text                   ro code   0x800'bdc6      0x12  Screen1ViewBase.o [12]
  .text                   ro code   0x800'bdd8      0xb4  FrontendApplicationBase.o [12]
  .text                   ro code   0x800'be8c       0x2  FrontendApplicationBase.o [12]
  .text                   ro code   0x800'be8e       0x2  Screen1Presenter.o [17]
  .text                   ro code   0x800'be90      0xf0  EasingEquations.o [24]
  .text                   ro code   0x800'bf80       0x6  FrontendApplicationBase.o [12]
  .text                   ro code   0x800'bf86       0x2  Screen1Presenter.o [17]
  .text                   ro code   0x800'bf88      0xb4  FrontendApplicationBase.o [12]
  .text                   ro code   0x800'c03c      0x28  FrontendApplicationBase.o [12]
  .text                   ro code   0x800'c064      0x28  FrontendApplicationBase.o [12]
  .text                   ro code   0x800'c08c      0x44  FrontendApplicationBase.o [12]
  .text                   ro code   0x800'c0d0       0x2  FrontendApplicationBase.o [12]
  .text                   ro code   0x800'c0d2       0x2  Screen1View.o [17]
  .text                   ro code   0x800'c0d4      0x44  FrontendApplicationBase.o [12]
  .text                   ro code   0x800'c118      0x1c  FrontendApplicationBase.o [12]
  .text                   ro code   0x800'c134      0x1c  FrontendApplicationBase.o [12]
  .text                   ro code   0x800'c150     0x286  ft5336.o [6]
  .text                   ro code   0x800'c3d6      0xcc  ft5336_reg.o [6]
  .text                   ro code   0x800'c4a2       0x2  Screen1View.o [17]
  .text                   ro code   0x800'c4a4     0x7fe  main.o [2]
  .text                   ro code   0x800'cca2       0x2  Screen1View.o [17]
  .text                   ro code   0x800'cca4      0x64  stm32h7xx_hal.o [9]
  .text                   ro code   0x800'cd08      0x10  app_touchgfx.o [3]
  .text                   ro code   0x800'cd18      0x8c  stm32h7xx_hal_pwr_ex.o [9]
  .text                   ro code   0x800'cda4     0x60c  stm32h7xx_hal_rcc.o [9]
  .text                   ro code   0x800'd3b0     0x584  stm32h7xx_hal_rcc.o [9]
  .text                   ro code   0x800'd934      0x8c  stm32h7xx_hal_crc.o [9]
  .text                   ro code   0x800'd9c0     0x2c4  stm32h7xx_hal_dma2d.o [9]
  .text                   ro code   0x800'dc84     0x83c  stm32h7xx_hal_i2c.o [9]
  .text                   ro code   0x800'e4c0      0xbe  stm32h7xx_hal_i2c_ex.o [9]
  .text                   ro code   0x800'e57e       0x2  Screen1View.o [17]
  .text                   ro code   0x800'e580     0x4c4  stm32h7xx_hal_ltdc.o [9]
  .text                   ro code   0x800'ea44    0x1244  stm32h7xx_hal_ospi.o [9]
  .text                   ro code   0x800'fc88     0x8c0  stm32h7b3i_discovery_ospi.o [7]
  .text                   ro code   0x801'0548     0x998  stm32h7xx_hal_uart.o [9]
  .text                   ro code   0x801'0ee0     0x154  stm32h7xx_hal_uart_ex.o [9]
  .text                   ro code   0x801'1034     0x424  stm32h7xx_hal_gpio.o [9]
  .text                   ro code   0x801'1458     0x1b8  stm32h7xx_hal_cortex.o [9]
  .text                   ro code   0x801'1610      0xc8  User_Timer.o [2]
  .text                   ro code   0x801'16d8      0x18  stm32h7xx_hal.o [9]
  .text                   ro code   0x801'16f0      0x9c  stm32h7xx_hal_timebase_tim.o [2]
  .text                   ro code   0x801'178c     0x57c  stm32h7xx_hal_msp.o [2]
  .text                   ro code   0x801'1d08      0x90  TouchGFXConfiguration.o [5]
  .text                   ro code   0x801'1d98       0xc  stm32h7xx_hal.o [9]
  .text                   ro code   0x801'1da4      0x6c  stm32h7xx_hal_crc_ex.o [9]
  .text                   ro code   0x801'1e10       0x2  stm32h7xx_hal_dma2d.o [9]
  .text                   ro code   0x801'1e12       0x2  stm32h7xx_hal_dma2d.o [9]
  .text                   ro code   0x801'1e14       0x2  stm32h7xx_hal_ltdc.o [9]
  .text                   ro code   0x801'1e16      0x22  Screen1ViewBase.o [12]
  .text                   ro code   0x801'1e38     0x298  TouchGFXGeneratedHAL.o [5]
  .text                   ro code   0x801'20d0       0x2  stm32h7xx_hal_ltdc.o [9]
  .text                   ro code   0x801'20d2       0x2  stm32h7xx_hal_ospi.o [9]
  .text                   ro code   0x801'20d4       0x2  stm32h7xx_hal_ospi.o [9]
  .text                   ro code   0x801'20d6       0x2  stm32h7xx_hal_ospi.o [9]
  .text                   ro code   0x801'20d8       0x2  stm32h7xx_hal_ospi.o [9]
  .text                   ro code   0x801'20da       0x2  stm32h7xx_hal_ospi.o [9]
  .text                   ro code   0x801'20dc       0x2  stm32h7xx_hal_ospi.o [9]
  .text                   ro code   0x801'20de       0x2  stm32h7xx_hal_ospi.o [9]
  .text                   ro code   0x801'20e0      0xae  stm32h7xx_hal_mdma.o [9]
  .text                   ro code   0x801'218e       0x2  stm32h7xx_hal_ospi.o [9]
  .text                   ro code   0x801'2190     0x8d0  mx25lm51245g.o [6]
  .text                   ro code   0x801'2a60      0x58  stm32h7b3i_discovery_ospi.o [7]
  .text                   ro code   0x801'2ab8      0x28  stm32h7xx_hal.o [9]
  .text                   ro code   0x801'2ae0    0x1074  stm32h7xx_hal_rcc_ex.o [9]
  .text                   ro code   0x801'3b54     0x230  I64DivMod.o [22]
  .text                   ro code   0x801'3d84       0x2  stm32h7xx_hal_gpio.o [9]
  .text                   ro code   0x801'3d86       0x2  Screen1ViewBase.o [12]
  .text                   ro code   0x801'3d88    0x14d4  dlmalloc.o [19]
  .text                   ro code   0x801'525c       0x4  heaptramp0.o [19]
  .text                   ro code   0x801'5260      0x28  printf.o [19]
  .text                   ro code   0x801'5288     0x3b4  stm32h7xx_hal_tim.o [9]
  .text                   ro code   0x801'563c      0x18  TouchGFXConfiguration.o [5]
  .text                   ro code   0x801'5654     0x394  STM32DMA.o [5]
  .text                   ro code   0x801'59e8    0x1320  LCD24bpp.o [24]
  .text                   ro code   0x801'6d08      0x24  TouchGFXConfiguration.o [5]
  .text                   ro code   0x801'6d2c       0xc  TouchGFXConfiguration.o [5]
  .text                   ro code   0x801'6d38       0xc  FontManager.o [24]
  .text                   ro code   0x801'6d44      0x20  TouchGFXConfiguration.o [5]
  .text                   ro code   0x801'6d64      0xe0  TouchGFXHAL.o [4]
  .text                   ro code   0x801'6e44     0x99e  HAL.o [24]
  .text                   ro code   0x801'77e2       0xc  TouchGFXGeneratedHAL.o [5]
  .text                   ro code   0x801'77ee       0x2  Screen1ViewBase.o [12]
  .text                   ro code   0x801'77f0      0xcc  OSWrappers.o [5]
  .text                   ro code   0x801'78bc      0xf0  TouchGFXGPIO.o [4]
  .text                   ro code   0x801'79ac       0xa  TouchGFXGeneratedHAL.o [5]
  .text                   ro code   0x801'79b6       0x2  Screen1ViewBase.o [12]
  .text                   ro code   0x801'79b8       0x2  I64DivZer.o [22]
  .text                   ro code   0x801'79ba       0x2  Screen2Presenter.o [18]
  .text                   ro code   0x801'79bc      0x2c  xgetmemchunk.o [19]
  .text                   ro code   0x801'79e8     0xf2e  xprintffull_nomb.o [19]
  .text                   ro code   0x801'8916       0x2  stm32h7xx_hal_tim.o [9]
  .text                   ro code   0x801'8918       0x2  stm32h7xx_hal_tim.o [9]
  .text                   ro code   0x801'891a       0x2  stm32h7xx_hal_tim.o [9]
  .text                   ro code   0x801'891c       0x2  stm32h7xx_hal_tim.o [9]
  .text                   ro code   0x801'891e       0x2  stm32h7xx_hal_tim_ex.o [9]
  .text                   ro code   0x801'8920       0x2  stm32h7xx_hal_tim_ex.o [9]
  .text                   ro code   0x801'8922       0x2  stm32h7xx_hal_tim.o [9]
  .text                   ro code   0x801'8924       0x2  stm32h7xx_hal_tim_ex.o [9]
  .text                   ro code   0x801'8926       0x8  TouchGFXConfiguration.o [5]
  .text                   ro code   0x801'892e      0x10  STM32DMA.o [5]
  .text                   ro code   0x801'893e       0x8  STM32DMA.o [5]
  .text                   ro code   0x801'8946       0x2  Screen2View.o [18]
  .text                   ro code   0x801'8948     0x256  DMA.o [24]
  .text                   ro code   0x801'8b9e      0x22  Screen2ViewBase.o [12]
  .text                   ro code   0x801'8bc0      0x44  STM32DMA.o [5]
  .text                   ro code   0x801'8c04      0x40  STM32DMA.o [5]
  .text                   ro code   0x801'8c44       0x4  STM32DMA.o [5]
  .text                   ro code   0x801'8c48      0x14  TouchGFXConfiguration.o [5]
  .text                   ro code   0x801'8c5c      0x60  TouchGFXConfiguration.o [5]
  .text                   ro code   0x801'8cbc     0x178  Gestures.o [24]
  .text                   ro code   0x801'8e34      0x24  HAL.o [24]
  .text                   ro code   0x801'8e58     0x1f4  TouchCalibration.o [24]
  .text                   ro code   0x801'904c      0x16  strchr.o [22]
  .text                   ro code   0x801'9062       0x2  Screen2ViewBase.o [12]
  .text                   ro code   0x801'9064      0x40  xfail_s.o [19]
  .text                   ro code   0x801'90a4      0x36  strlen.o [22]
  .text                   ro code   0x801'90da       0x2  Screen2ViewBase.o [12]
  .text                   ro code   0x801'90dc      0x58  memchr.o [22]
  .text                   ro code   0x801'9134      0x70  frexp.o [21]
  .text                   ro code   0x801'91a4      0x34  DblCmpLe.o [21]
  .text                   ro code   0x801'91d8      0x34  DblCmpGe.o [21]
  .text                   ro code   0x801'920c     0x104  ldexp.o [21]
  .text                   ro code   0x801'9310       0xe  DblToS32.o [21]
  .text                   ro code   0x801'931e       0xe  S32ToDbl.o [21]
  .text                   ro code   0x801'932c      0x12  DblSub.o [21]
  .text                   ro code   0x801'933e      0x12  DblDiv.o [21]
  .text                   ro code   0x801'9350       0xe  DblToU32.o [21]
  .text                   ro code   0x801'935e       0xe  U32ToDbl.o [21]
  .text                   ro code   0x801'936c      0x12  DblMul.o [21]
  .text                   ro code   0x801'937e       0xa  STM32DMA.o [5]
  .text                   ro code   0x801'9388       0x8  xlocale_c.o [19]
  .text                   ro code   0x801'9390       0x2  TouchGFXConfiguration.o [5]
  .text                   ro code   0x801'9392       0xc  STM32DMA.o [5]
  .text                   ro code   0x801'939e       0xa  STM32DMA.o [5]
  .text                   ro code   0x801'93a8      0x24  TouchGFXConfiguration.o [5]
  .text                   ro code   0x801'93cc       0xc  TouchGFXConfiguration.o [5]
  .text                   ro code   0x801'93d8      0x18  TouchGFXConfiguration.o [5]
  .text                   ro code   0x801'93f0      0x18  TouchGFXConfiguration.o [5]
  .text                   ro code   0x801'9408      0x18  TouchGFXConfiguration.o [5]
  .text                   ro code   0x801'9420       0x8  Model.o [16]
  .text                   ro code   0x801'9428       0xa  TouchGFXConfiguration.o [5]
  .text                   ro code   0x801'9432      0x14  TouchGFXConfiguration.o [5]
  .text                   ro code   0x801'9446       0x6  TouchGFXConfiguration.o [5]
  .text                   ro code   0x801'944c      0x1c  TouchGFXConfiguration.o [5]
  .text                   ro code   0x801'9468       0x8  AbstractPartition.o [24]
  .text                   ro code   0x801'9470     0x10c  TouchGFXConfiguration.o [5]
  .text                   ro code   0x801'957c       0xc  TouchGFXConfiguration.o [5]
  .text                   ro code   0x801'9588      0x16  TouchGFXConfiguration.o [5]
  .text                   ro code   0x801'959e       0xa  TouchGFXConfiguration.o [5]
  .text                   ro code   0x801'95a8      0x18  TouchGFXConfiguration.o [5]
  .text                   ro code   0x801'95c0      0x22  TouchGFXConfiguration.o [5]
  .text                   ro code   0x801'95e2       0xe  TouchGFXConfiguration.o [5]
  .text                   ro code   0x801'95f0      0x10  startup_stm32h7b3xxq.o [1]
  .text                   ro code   0x801'9600     0x550  stm32h7b3i_discovery_bus.o [7]
  .text                   ro code   0x801'9b50      0x56  stm32h7b3i_discovery_bus.o [7]
  .text                   ro code   0x801'9ba6       0x6  TouchGFXGeneratedHAL.o [5]
  .text                   ro code   0x801'9bac     0x2b0  stm32h7b3i_discovery_ts.o [7]
  .text                   ro code   0x801'9e5c      0x50  stm32h7xx_it.o [2]
  .text                   ro code   0x801'9eac      0x6e  STM32TouchController.o [4]
  .text                   ro code   0x801'9f1a       0x2  Application.o [24]
  .text                   ro code   0x801'9f1c      0xdc  system_stm32h7xx.o [8]
  .text                   ro code   0x801'9ff8      0x5c  TouchGFXGeneratedHAL.o [5]
  .text                   ro code   0x801'a054      0x50  TouchGFXGeneratedHAL.o [5]
  .text                   ro code   0x801'a0a4      0xd0  User_Button.o [2]
  .text                   ro code   0x801'a174      0x5c  User_Creation_Task.o [2]
  .text                   ro code   0x801'a1d0      0x40  User_Usart.o [2]
  .text                   ro code   0x801'a210      0x2c  LCD24bpp.o [24]
  .text                   ro code   0x801'a23c      0x64  Box.o [24]
  .text                   ro code   0x801'a2a0      0x1c  cstartup_M.o [22]
  .text                   ro code   0x801'a2bc      0x22  fpinit_M.o [21]
  .text                   ro code   0x801'a2de       0x2  Application.o [24]
  .text                   ro code   0x801'a2e0      0x1e  cmain.o [22]
  .text                   ro code   0x801'a2fe       0x4  low_level_init.o [19]
  .text                   ro code   0x801'a302       0x2  Application.o [24]
  .text                   ro code   0x801'a304      0x28  data_init.o [22]
  .text                   ro code   0x801'a32c       0x4  exit.o [19]
  .text                   ro code   0x801'a330       0xa  cexit.o [22]
  .text                   ro code   0x801'a33a       0x2  Application.o [24]
  .text                   ro code   0x801'a33c      0x18  cppinit.o [19]
  .text                   ro code   0x801'a354      0x44  putchar.o [19]
  .text                   ro code   0x801'a398      0x20  cmain_call_ctors.o [22]
  FontSearchFlashSection  const     0x801'a3b8       0x4  Kerning_verdana_10_4bpp.o [11]
  FontSearchFlashSection  const     0x801'a3bc       0x4  Kerning_verdana_20_4bpp.o [11]
  FontSearchFlashSection  const     0x801'a3c0       0x4  Kerning_verdana_40_4bpp.o [11]
  FontSearchFlashSection  const     0x801'a3c4       0x4  Table_verdana_10_4bpp.o [11]
  FontSearchFlashSection  const     0x801'a3c8       0x4  Table_verdana_20_4bpp.o [11]
  FontSearchFlashSection  const     0x801'a3cc       0x4  Table_verdana_40_4bpp.o [11]
  SHT$$PREINIT_ARRAY                0x801'a3d0       0x0  <Block>
  SHT$$INIT_ARRAY                   0x801'a3d0       0x8  <Block>
    .init_array           const     0x801'a3d0       0x4  TouchGFXConfiguration.o [5]
    .init_array           const     0x801'a3d4       0x4  TypedTextDatabase.o [14]
  __iar_tls$$INIT_ARRAY             0x801'a3d8       0x0  <Block>
  .text                   ro code   0x801'a3d8       0x4  CachedFont.o [11]
  .text                   ro code   0x801'a3dc       0x4  CachedFont.o [11]
  .text                   ro code   0x801'a3e0       0x4  CachedFont.o [11]
  .text                   ro code   0x801'a3e4       0x8  CachedFont.o [11]
  .text                   ro code   0x801'a3ec       0x8  CachedFont.o [11]
  .text                   ro code   0x801'a3f4       0x8  FrontendApplication.o [15]
  .text                   ro code   0x801'a3fc      0x34  FrontendApplication.o [15]
  .text                   ro code   0x801'a430      0x14  FrontendApplication.o [15]
  .text                   ro code   0x801'a444      0x20  FrontendApplicationBase.o [12]
  .text                   ro code   0x801'a464      0x20  FrontendApplicationBase.o [12]
  .text                   ro code   0x801'a484      0x20  FrontendApplicationBase.o [12]
  .text                   ro code   0x801'a4a4       0xe  FrontendApplicationBase.o [12]
  .text                   ro code   0x801'a4b2       0x4  FrontendApplicationBase.o [12]
  .text                   ro code   0x801'a4b6       0x4  GeneratedFont.o [11]
  .text                   ro code   0x801'a4ba       0x4  GeneratedFont.o [11]
  .text                   ro code   0x801'a4be      0x20  Screen1ViewBase.o [12]
  .text                   ro code   0x801'a4de      0x20  Screen2ViewBase.o [12]
  .text                   ro code   0x801'a4fe       0x4  startup_stm32h7b3xxq.o [1]
  .text                   ro code   0x801'a502       0x4  startup_stm32h7b3xxq.o [1]
  .text                   ro code   0x801'a506       0x4  startup_stm32h7b3xxq.o [1]
  .text                   ro code   0x801'a50a       0x4  startup_stm32h7b3xxq.o [1]
  .text                   ro code   0x801'a50e       0x4  startup_stm32h7b3xxq.o [1]
  .text                   ro code   0x801'a512       0x4  startup_stm32h7b3xxq.o [1]
  .text                   ro code   0x801'a516       0x4  startup_stm32h7b3xxq.o [1]
  .text                   ro code   0x801'a51a       0x4  startup_stm32h7b3xxq.o [1]
  .text                   ro code   0x801'a51e       0x4  startup_stm32h7b3xxq.o [1]
  .text                   ro code   0x801'a522       0x4  startup_stm32h7b3xxq.o [1]
  .text                   ro code   0x801'a526       0x4  startup_stm32h7b3xxq.o [1]
  .text                   ro code   0x801'a52a       0x4  startup_stm32h7b3xxq.o [1]
  .text                   ro code   0x801'a52e       0x4  startup_stm32h7b3xxq.o [1]
  .text                   ro code   0x801'a532       0x4  startup_stm32h7b3xxq.o [1]
  .text                   ro code   0x801'a536       0x4  startup_stm32h7b3xxq.o [1]
  .text                   ro code   0x801'a53a       0x4  startup_stm32h7b3xxq.o [1]
  .text                   ro code   0x801'a53e       0x4  startup_stm32h7b3xxq.o [1]
  .text                   ro code   0x801'a542       0x4  startup_stm32h7b3xxq.o [1]
  .text                   ro code   0x801'a546       0x4  startup_stm32h7b3xxq.o [1]
  .text                   ro code   0x801'a54a       0x4  startup_stm32h7b3xxq.o [1]
  .text                   ro code   0x801'a54e       0x4  startup_stm32h7b3xxq.o [1]
  .text                   ro code   0x801'a552       0x4  startup_stm32h7b3xxq.o [1]
  .text                   ro code   0x801'a556       0x4  startup_stm32h7b3xxq.o [1]
  .text                   ro code   0x801'a55a       0x4  startup_stm32h7b3xxq.o [1]
  .text                   ro code   0x801'a55e       0x4  startup_stm32h7b3xxq.o [1]
  .text                   ro code   0x801'a562       0x4  startup_stm32h7b3xxq.o [1]
  .text                   ro code   0x801'a566       0x4  startup_stm32h7b3xxq.o [1]
  .text                   ro code   0x801'a56a       0x4  startup_stm32h7b3xxq.o [1]
  .text                   ro code   0x801'a56e       0x4  startup_stm32h7b3xxq.o [1]
  .text                   ro code   0x801'a572       0x4  startup_stm32h7b3xxq.o [1]
  .text                   ro code   0x801'a576       0x4  startup_stm32h7b3xxq.o [1]
  .text                   ro code   0x801'a57a       0x4  startup_stm32h7b3xxq.o [1]
  .text                   ro code   0x801'a57e       0x4  startup_stm32h7b3xxq.o [1]
  .text                   ro code   0x801'a582       0x4  startup_stm32h7b3xxq.o [1]
  .text                   ro code   0x801'a586       0x4  startup_stm32h7b3xxq.o [1]
  .text                   ro code   0x801'a58a       0x4  startup_stm32h7b3xxq.o [1]
  .text                   ro code   0x801'a58e       0x4  startup_stm32h7b3xxq.o [1]
  .text                   ro code   0x801'a592       0x4  startup_stm32h7b3xxq.o [1]
  .text                   ro code   0x801'a596       0x4  startup_stm32h7b3xxq.o [1]
  .text                   ro code   0x801'a59a       0x4  startup_stm32h7b3xxq.o [1]
  .text                   ro code   0x801'a59e       0x4  startup_stm32h7b3xxq.o [1]
  .text                   ro code   0x801'a5a2       0x4  startup_stm32h7b3xxq.o [1]
  .text                   ro code   0x801'a5a6       0x4  startup_stm32h7b3xxq.o [1]
  .text                   ro code   0x801'a5aa       0x4  startup_stm32h7b3xxq.o [1]
  .text                   ro code   0x801'a5ae       0x4  startup_stm32h7b3xxq.o [1]
  .text                   ro code   0x801'a5b2       0x4  startup_stm32h7b3xxq.o [1]
  .text                   ro code   0x801'a5b6       0x4  startup_stm32h7b3xxq.o [1]
  .text                   ro code   0x801'a5ba       0x4  startup_stm32h7b3xxq.o [1]
  .text                   ro code   0x801'a5be       0x4  startup_stm32h7b3xxq.o [1]
  .text                   ro code   0x801'a5c2       0x4  startup_stm32h7b3xxq.o [1]
  .text                   ro code   0x801'a5c6       0x4  startup_stm32h7b3xxq.o [1]
  .text                   ro code   0x801'a5ca       0x4  startup_stm32h7b3xxq.o [1]
  .text                   ro code   0x801'a5ce       0x4  startup_stm32h7b3xxq.o [1]
  .text                   ro code   0x801'a5d2       0x4  startup_stm32h7b3xxq.o [1]
  .text                   ro code   0x801'a5d6       0x4  startup_stm32h7b3xxq.o [1]
  .text                   ro code   0x801'a5da       0x4  startup_stm32h7b3xxq.o [1]
  .text                   ro code   0x801'a5de       0x4  startup_stm32h7b3xxq.o [1]
  .text                   ro code   0x801'a5e2       0x4  startup_stm32h7b3xxq.o [1]
  .text                   ro code   0x801'a5e6       0x4  startup_stm32h7b3xxq.o [1]
  .text                   ro code   0x801'a5ea       0x4  startup_stm32h7b3xxq.o [1]
  .text                   ro code   0x801'a5ee       0x4  startup_stm32h7b3xxq.o [1]
  .text                   ro code   0x801'a5f2       0x4  startup_stm32h7b3xxq.o [1]
  .text                   ro code   0x801'a5f6       0x4  startup_stm32h7b3xxq.o [1]
  .text                   ro code   0x801'a5fa       0x4  startup_stm32h7b3xxq.o [1]
  .text                   ro code   0x801'a5fe       0x4  startup_stm32h7b3xxq.o [1]
  .text                   ro code   0x801'a602       0x4  startup_stm32h7b3xxq.o [1]
  .text                   ro code   0x801'a606       0x4  startup_stm32h7b3xxq.o [1]
  .text                   ro code   0x801'a60a       0x4  startup_stm32h7b3xxq.o [1]
  .text                   ro code   0x801'a60e       0x4  startup_stm32h7b3xxq.o [1]
  .text                   ro code   0x801'a612       0x4  startup_stm32h7b3xxq.o [1]
  .text                   ro code   0x801'a616       0x4  startup_stm32h7b3xxq.o [1]
  .text                   ro code   0x801'a61a       0x4  startup_stm32h7b3xxq.o [1]
  .text                   ro code   0x801'a61e       0x4  startup_stm32h7b3xxq.o [1]
  .text                   ro code   0x801'a622       0x4  startup_stm32h7b3xxq.o [1]
  .text                   ro code   0x801'a626       0x4  startup_stm32h7b3xxq.o [1]
  .text                   ro code   0x801'a62a       0x4  startup_stm32h7b3xxq.o [1]
  .text                   ro code   0x801'a62e       0x4  startup_stm32h7b3xxq.o [1]
  .text                   ro code   0x801'a632       0x4  startup_stm32h7b3xxq.o [1]
  .text                   ro code   0x801'a636       0x4  startup_stm32h7b3xxq.o [1]
  .text                   ro code   0x801'a63a       0x4  startup_stm32h7b3xxq.o [1]
  .text                   ro code   0x801'a63e       0x4  startup_stm32h7b3xxq.o [1]
  .text                   ro code   0x801'a642       0x4  startup_stm32h7b3xxq.o [1]
  .text                   ro code   0x801'a646       0x4  startup_stm32h7b3xxq.o [1]
  .text                   ro code   0x801'a64a       0x4  startup_stm32h7b3xxq.o [1]
  .text                   ro code   0x801'a64e       0x4  startup_stm32h7b3xxq.o [1]
  .text                   ro code   0x801'a652       0x4  startup_stm32h7b3xxq.o [1]
  .text                   ro code   0x801'a656       0x4  startup_stm32h7b3xxq.o [1]
  .text                   ro code   0x801'a65a       0x4  startup_stm32h7b3xxq.o [1]
  .text                   ro code   0x801'a65e       0x4  startup_stm32h7b3xxq.o [1]
  .text                   ro code   0x801'a662       0x4  startup_stm32h7b3xxq.o [1]
  .text                   ro code   0x801'a666       0x4  startup_stm32h7b3xxq.o [1]
  .text                   ro code   0x801'a66a       0x4  startup_stm32h7b3xxq.o [1]
  .text                   ro code   0x801'a66e       0x4  startup_stm32h7b3xxq.o [1]
  .text                   ro code   0x801'a672       0x4  startup_stm32h7b3xxq.o [1]
  .text                   ro code   0x801'a676       0x4  startup_stm32h7b3xxq.o [1]
  .text                   ro code   0x801'a67a       0x4  startup_stm32h7b3xxq.o [1]
  .text                   ro code   0x801'a67e       0x4  startup_stm32h7b3xxq.o [1]
  .text                   ro code   0x801'a682       0x4  startup_stm32h7b3xxq.o [1]
  .text                   ro code   0x801'a686       0x4  startup_stm32h7b3xxq.o [1]
  .text                   ro code   0x801'a68a       0x4  startup_stm32h7b3xxq.o [1]
  .text                   ro code   0x801'a68e       0x4  startup_stm32h7b3xxq.o [1]
  .text                   ro code   0x801'a692       0x4  startup_stm32h7b3xxq.o [1]
  .text                   ro code   0x801'a696       0x4  startup_stm32h7b3xxq.o [1]
  .text                   ro code   0x801'a69a       0x4  startup_stm32h7b3xxq.o [1]
  .text                   ro code   0x801'a69e       0x4  startup_stm32h7b3xxq.o [1]
  .text                   ro code   0x801'a6a2       0x4  startup_stm32h7b3xxq.o [1]
  .text                   ro code   0x801'a6a6       0x4  startup_stm32h7b3xxq.o [1]
  .text                   ro code   0x801'a6aa       0x4  startup_stm32h7b3xxq.o [1]
  .text                   ro code   0x801'a6ae       0x4  startup_stm32h7b3xxq.o [1]
  .text                   ro code   0x801'a6b2       0x4  startup_stm32h7b3xxq.o [1]
  .text                   ro code   0x801'a6b6       0x4  startup_stm32h7b3xxq.o [1]
  .text                   ro code   0x801'a6ba       0x4  startup_stm32h7b3xxq.o [1]
  .text                   ro code   0x801'a6be       0x4  startup_stm32h7b3xxq.o [1]
  .text                   ro code   0x801'a6c2       0x4  startup_stm32h7b3xxq.o [1]
  .text                   ro code   0x801'a6c6       0x4  startup_stm32h7b3xxq.o [1]
  .text                   ro code   0x801'a6ca       0x4  startup_stm32h7b3xxq.o [1]
  .text                   ro code   0x801'a6ce       0x4  startup_stm32h7b3xxq.o [1]
  .text                   ro code   0x801'a6d2       0x4  startup_stm32h7b3xxq.o [1]
  .text                   ro code   0x801'a6d6       0x4  startup_stm32h7b3xxq.o [1]
  .text                   ro code   0x801'a6da       0x4  startup_stm32h7b3xxq.o [1]
  .text                   ro code   0x801'a6de       0x4  startup_stm32h7b3xxq.o [1]
  .text                   ro code   0x801'a6e2       0x4  startup_stm32h7b3xxq.o [1]
  .text                   ro code   0x801'a6e6       0x4  startup_stm32h7b3xxq.o [1]
  .text                   ro code   0x801'a6ea       0x4  startup_stm32h7b3xxq.o [1]
  .text                   ro code   0x801'a6ee       0x4  startup_stm32h7b3xxq.o [1]
  .text                   ro code   0x801'a6f2       0x4  startup_stm32h7b3xxq.o [1]
  .text                   ro code   0x801'a6f6       0x4  startup_stm32h7b3xxq.o [1]
  .text                   ro code   0x801'a6fa       0x4  startup_stm32h7b3xxq.o [1]
  .text                   ro code   0x801'a6fe       0x4  startup_stm32h7b3xxq.o [1]
  .text                   ro code   0x801'a702       0x4  startup_stm32h7b3xxq.o [1]
  .text                   ro code   0x801'a706       0x4  startup_stm32h7b3xxq.o [1]
  .text                   ro code   0x801'a70a       0x6  STM32DMA.o [5]
  .text                   ro code   0x801'a710      0x10  STM32DMA.o [5]
  .text                   ro code   0x801'a720       0x4  TouchGFXConfiguration.o [5]
  .text                   ro code   0x801'a724       0x4  TouchGFXConfiguration.o [5]
  .text                   ro code   0x801'a728       0xc  TouchGFXConfiguration.o [5]
  .text                   ro code   0x801'a734       0xc  TouchGFXGeneratedHAL.o [5]
  .text                   ro code   0x801'a740      0x1c  TouchGFXGeneratedHAL.o [5]
  .text                   ro code   0x801'a75c      0x16  TouchGFXGeneratedHAL.o [5]
  .text                   ro code   0x801'a772      0x14  TouchGFXGeneratedHAL.o [5]
  .text                   ro code   0x801'a786       0x2  Application.o [24]
  .text                   ro code   0x801'a788       0x4  SnapshotWidget.o [24]
  .text                   ro code   0x801'a78c       0x4  SnapshotWidget.o [24]
  .text                   ro code   0x801'a790       0x4  SnapshotWidget.o [24]
  .text                   ro code   0x801'a794       0x4  SnapshotWidget.o [24]
  .text                   ro code   0x801'a798       0x2  SnapshotWidget.o [24]
  .text                   ro code   0x801'a79a       0x2  SnapshotWidget.o [24]
  .text                   ro code   0x801'a79c       0x2  SnapshotWidget.o [24]
  .text                   ro code   0x801'a79e       0x2  SnapshotWidget.o [24]
  .text                   ro code   0x801'a7a0      0x12  SnapshotWidget.o [24]
  .text                   ro code   0x801'a7b2      0x12  SnapshotWidget.o [24]
  .text                   ro code   0x801'a7c4       0x2  Screen.o [24]
  .text                   ro code   0x801'a7c6       0x4  LCD24bpp.o [24]
  .text                   ro code   0x801'a7ca      0x20  ButtonWithLabel.o [24]
  .text                   ro code   0x801'a7ea      0x14  TextArea.o [24]
  .text                   ro code   0x801'a7fe      0x3c  AbstractButton.o [24]
  .text                   ro code   0x801'a83a       0x4  xpurevirtual.o [19]
  .text                   ro code   0x801'a83e      0x16  xprout.o [19]
  .text                   ro code   0x801'a854      0x38  zero_init3.o [22]
  .text                   ro code   0x801'a88c      0x78  lz77_init_single.o [22]
  .iar.init_table         const     0x801'a904      0x2c  - Linker created -
  .rodata                 const     0x801'a930       0x1  unwind_debug.o [23]
  .rodata                 const     0x801'a931       0x1  xlocale_c.o [19]
  .rodata                 const     0x801'a932       0x0  zero_init3.o [22]
  .rodata                 const     0x801'a932       0x0  lz77_init_single.o [22]
  Initializer bytes       const     0x801'a932      0xcc  <for P2-1>
                                  - 0x801'a9fe  0x1'a752

"P2", part 1 of 3:                                 0x165
  P2-1                             0x2400'0000     0x165  <Init block>
    .data                 inited   0x2400'0000      0x30  ft5336.o [6]
    .data                 inited   0x2400'0030       0x4  OSWrappers.o [5]
    .data                 inited   0x2400'0034       0x4  port.o [10]
    .data                 inited   0x2400'0038       0x4  stm32h7xx_hal.o [9]
    .data                 inited   0x2400'003c       0x4  system_stm32h7xx.o [8]
    .data                 inited   0x2400'0040       0x4  system_stm32h7xx.o [8]
    .data                 inited   0x2400'0044       0x4  TouchGFXConfiguration.o [5]
    .data                 inited   0x2400'0048       0x8  User_Button.o [2]
    .data                 inited   0x2400'0050      0x1c  Application.o [24]
    .data                 inited   0x2400'006c       0xc  LCD24bpp.o [24]
    .data                 inited   0x2400'0078       0xc  LCD24bpp.o [24]
    .data                 inited   0x2400'0084       0xc  LCD24bpp.o [24]
    .data                 inited   0x2400'0090       0xc  LCD24bpp.o [24]
    .data                 inited   0x2400'009c       0xc  LCD24bpp.o [24]
    .data                 inited   0x2400'00a8       0xc  LCD24bpp.o [24]
    .data                 inited   0x2400'00b4       0xc  LCD24bpp.o [24]
    .data                 inited   0x2400'00c0       0xc  LCD24bpp.o [24]
    .data                 inited   0x2400'00cc       0xc  LCD24bpp.o [24]
    .data                 inited   0x2400'00d8       0xc  LCD24bpp.o [24]
    .data                 inited   0x2400'00e4      0x38  xlocale_c.o [19]
    .data                 inited   0x2400'011c      0x48  xfiles.o [19]
    .data                 inited   0x2400'0164       0x1  stm32h7xx_hal.o [9]
                                 - 0x2400'0165     0x165

"P2", part 2 of 3:                                0xae98
  .bss                    zero     0x2400'0168    0x8000  heap_4.o [10]
  .bss                    zero     0x2400'8168     0xc20  TouchGFXConfiguration.o [5]
  .bss                    zero     0x2400'8d88     0xa00  stm32h7b3i_discovery_bus.o [7]
  .bss                    zero     0x2400'9788     0x460  tasks.o [10]
  .bss                    zero     0x2400'9be8     0x400  cmsis_os2.o [10]
  .bss                    zero     0x2400'9fe8     0x318  TouchGFXConfiguration.o [5]
  .bss                    zero     0x2400'a300     0x200  cmsis_os2.o [10]
  .bss                    zero     0x2400'a500     0x1d8  dlmalloc.o [19]
  .bss                    zero     0x2400'a6d8      0xa8  main.o [2]
  .bss                    zero     0x2400'a780      0xa0  timers.o [10]
  .bss                    zero     0x2400'a820      0x90  main.o [2]
  .bss                    zero     0x2400'a8b0      0x7c  TouchGFXConfiguration.o [5]
  .bss                    zero     0x2400'a92c      0x68  main.o [2]
  .bss                    zero     0x2400'a994      0x60  main.o [2]
  .bss                    zero     0x2400'a9f4      0x60  stm32h7b3i_discovery_ospi.o [7]
  .bss                    zero     0x2400'aa54      0x5c  cmsis_os2.o [10]
  .bss                    zero     0x2400'aab0      0x5c  cmsis_os2.o [10]
  .bss                    zero     0x2400'ab0c      0x58  TouchGFXConfiguration.o [5]
  .bss                    zero     0x2400'ab64      0x50  timers.o [10]
  .bss                    zero     0x2400'abb4      0x50  xfiles.o [19]
  .bss                    zero     0x2400'ac04      0x4c  main.o [2]
  .bss                    zero     0x2400'ac50      0x4c  stm32h7b3i_discovery_bus.o [7]
  .bss                    zero     0x2400'ac9c      0x4c  stm32h7xx_hal_timebase_tim.o [2]
  .bss                    zero     0x2400'ace8      0x40  queue.o [10]
  .bss                    zero     0x2400'ad28      0x2c  TouchCalibration.o [24]
  .bss                    zero     0x2400'ad54      0x28  stm32h7b3i_discovery_ts.o [7]
  .bss                    zero     0x2400'ad7c      0x28  Table_verdana_10_4bpp.o [11]
  .bss                    zero     0x2400'ada4      0x28  Table_verdana_20_4bpp.o [11]
  .bss                    zero     0x2400'adcc      0x28  Table_verdana_40_4bpp.o [11]
  .bss                    zero     0x2400'adf4      0x24  main.o [2]
  .bss                    zero     0x2400'ae18      0x24  Bitmap.o [24]
  .bss                    zero     0x2400'ae3c      0x20  stm32h7b3i_discovery_ts.o [7]
  .bss                    zero     0x2400'ae5c      0x18  dlmalloc.o [19]
  .bss                    zero     0x2400'ae74      0x14  tasks.o [10]
  .bss                    zero     0x2400'ae88      0x14  tasks.o [10]
  .bss                    zero     0x2400'ae9c      0x14  tasks.o [10]
  .bss                    zero     0x2400'aeb0      0x14  tasks.o [10]
  .bss                    zero     0x2400'aec4      0x14  tasks.o [10]
  .bss                    zero     0x2400'aed8      0x14  timers.o [10]
  .bss                    zero     0x2400'aeec      0x14  timers.o [10]
  .bss                    zero     0x2400'af00      0x10  HAL.o [24]
  .bss                    zero     0x2400'af10       0xc  TypedTextDatabase.o [14]
  .bss                    zero     0x2400'af1c       0x8  heap_4.o [10]
  .bss                    zero     0x2400'af24       0x8  stm32h7b3i_discovery_ospi.o [7]
  .bss                    zero     0x2400'af2c       0x4  cmsis_os2.o [10]
  .bss                    zero     0x2400'af30       0x4  heap_4.o [10]
  .bss                    zero     0x2400'af34       0x4  heap_4.o [10]
  .bss                    zero     0x2400'af38       0x4  heap_4.o [10]
  .bss                    zero     0x2400'af3c       0x4  heap_4.o [10]
[...]
                         0x800'1b24       0xc  Data  Gb  TextProvider.o [24]
touchgfx::TextProvider::circularBuffer<(unsigned int)10>::popBack()::string (instance 2)
                         0x800'1b30      0x9c  Data  Gb  TextProvider.o [24]
touchgfx::TextProvider::circularBuffer<(unsigned int)10>::popFront()::string
                         0x800'1924       0xc  Data  Gb  TextProvider.o [24]
touchgfx::TextProvider::circularBuffer<(unsigned int)10>::popFront()::string (instance 2)
                         0x800'1930      0x9c  Data  Gb  TextProvider.o [24]
touchgfx::TextProvider::circularBuffer<(unsigned int)10>::pushBack(unsigned short)::string
                         0x800'1d28       0xc  Data  Gb  TextProvider.o [24]
touchgfx::TextProvider::circularBuffer<(unsigned int)10>::pushBack(unsigned short)::string (instance 2)
                         0x800'1d34      0x9c  Data  Gb  TextProvider.o [24]
touchgfx::TextProvider::circularBuffer<(unsigned int)10>::replaceAt(unsigned short, unsigned short)::string
                         0x800'1c7c      0x10  Data  Gb  TextProvider.o [24]
touchgfx::TextProvider::circularBuffer<(unsigned int)10>::replaceAt(unsigned short, unsigned short)::string (instance 2)
                         0x800'1c8c      0x9c  Data  Gb  TextProvider.o [24]
touchgfx::TextProvider::circularBuffer<(unsigned int)2>::allocateFront(unsigned short)::string
                         0x800'1a74      0x14  Data  Gb  TextProvider.o [24]
touchgfx::TextProvider::circularBuffer<(unsigned int)2>::allocateFront(unsigned short)::string (instance 2)
                         0x800'1a88      0x9c  Data  Gb  TextProvider.o [24]
touchgfx::TextProvider::circularBuffer<(unsigned int)2>::peekChar(unsigned short)::string
                         0x800'1dd0      0x10  Data  Gb  TextProvider.o [24]
touchgfx::TextProvider::circularBuffer<(unsigned int)2>::peekChar(unsigned short)::string (instance 2)
                         0x800'1de0      0x9c  Data  Gb  TextProvider.o [24]
touchgfx::TextProvider::fillInputBuffer()
                         0x800'74a9      0xe6  Code  Gb  TextProvider.o [24]
touchgfx::TextProvider::getNextChar()
                         0x800'6c9f      0x5e  Code  Gb  TextProvider.o [24]
touchgfx::TextProvider::getNextCharInternal()
                         0x800'6e75      0x60  Code  Gb  TextProvider.o [24]
touchgfx::TextProvider::getNextLigature(unsigned char)
                         0x800'622b      0xd6  Code  Gb  Texts.o [14]
touchgfx::TextProvider::getNextLigature(unsigned char, touchgfx::Font const *, touchgfx::GlyphNode const *&)
                         0x800'6cfd      0xb0  Code  Gb  TextProvider.o [24]
touchgfx::TextProvider::getNextLigature(unsigned char, touchgfx::Font const *, touchgfx::GlyphNode const *&, unsigned char const *&, unsigned char &)
                         0x800'6dad      0xb8  Code  Gb  TextProvider.o [24]
touchgfx::TextProvider::gsubRuleMatch(unsigned short const *, unsigned short, unsigned short, unsigned short)
                         0x800'7651      0xae  Code  Gb  TextProvider.o [24]
touchgfx::TextProvider::gsubTableBinarySearch(unsigned short, unsigned short const *, unsigned short) const
                         0x800'774d      0x46  Code  Gb  TextProvider.o [24]
touchgfx::TextProvider::initialize(unsigned short const *, __va_list, unsigned short const *, touchgfx::FontContextualFormsTable const *)
                         0x800'6ed5      0x2c  Code  Gb  TextProvider.o [24]
touchgfx::TextProvider::initializeInternal()
                         0x800'6301       0x8  Code  Gb  Texts.o [14]
touchgfx::TextProvider::replaceInputCharacters(unsigned short, unsigned short, unsigned short const *)
                         0x800'738d     0x11c  Code  Gb  TextProvider.o [24]
touchgfx::TextProvider::substituteGlyphs()
                         0x800'758f      0x58  Code  Gb  TextProvider.o [24]
touchgfx::TextProvider::thaiLookupGlyph(touchgfx::GlyphNode const *, touchgfx::Font const *, unsigned short) const
                         0x800'6f2f      0x16  Code  Gb  TextProvider.o [24]
touchgfx::Texts::currentLanguage
                        0x2400'aff0       0x2  Data  Gb  Texts.o [14]
touchgfx::Texts::getText(unsigned short) const
                         0x800'639b      0x14  Code  Gb  Texts.o [14]
touchgfx::Texts::setLanguage(unsigned short)
                         0x800'6323      0x78  Code  Gb  Texts.o [14]
touchgfx::TouchCalibration::clzu(unsigned int)
                         0x801'8f99      0x3a  Code  Gb  TouchCalibration.o [24]
touchgfx::TouchCalibration::matrix
                        0x2400'ad28      0x2c  Data  Gb  TouchCalibration.o [24]
touchgfx::TouchCalibration::muldiv(int, int, int, int, int &)
                         0x801'8e59      0x90  Code  Gb  TouchCalibration.o [24]
touchgfx::TouchCalibration::muldivu(unsigned int, unsigned int, unsigned int, unsigned int, unsigned int, unsigned int &)
                         0x801'8ee9      0xa8  Code  Gb  TouchCalibration.o [24]
touchgfx::TouchCalibration::translatePoint(touchgfx::Point &)
                         0x801'8fd3      0x74  Code  Gb  TouchCalibration.o [24]
touchgfx::Transition::handleTickEvent()
                         0x800'be8d       0x2  Code  Wk  FrontendApplicationBase.o [12]
touchgfx::Transition::setScreenContainer(touchgfx::Container &)
                         0x801'a4b3       0x4  Code  Wk  FrontendApplicationBase.o [12]
touchgfx::TypedText::TypedText(unsigned short)
                         0x800'b01d       0xc  Code  Wk  Screen1ViewBase.o [12]
touchgfx::TypedText::assertValid() const::string (instance 2)
                         0x800'02f8      0x44  Data  Wk  FontCache.o [11]
touchgfx::TypedText::assertValid() const::string (instance 3)
                         0x800'033c      0x84  Data  Wk  FontCache.o [11]
touchgfx::TypedText::assertValid() const::string (instance 5)
                         0x800'03c0      0x54  Data  Wk  FontCache.o [11]
touchgfx::TypedText::fonts
                        0x2400'afe0       0x4  Data  Gb  TypedText.o [24]
touchgfx::TypedText::numberOfTypedTexts
                        0x2400'aff6       0x2  Data  Gb  TypedText.o [24]
touchgfx::TypedText::texts
                        0x2400'afdc       0x4  Data  Gb  TypedText.o [24]
touchgfx::TypedText::typedTexts
                        0x2400'afd8       0x4  Data  Gb  TypedText.o [24]
touchgfx::UIEventListener::handleClickEvent(touchgfx::ClickEvent const &)
                         0x801'9f1b       0x2  Code  Gb  Application.o [24]
touchgfx::UIEventListener::handleDragEvent(touchgfx::DragEvent const &)
                         0x801'a2df       0x2  Code  Gb  Application.o [24]
touchgfx::UIEventListener::handleGestureEvent(touchgfx::GestureEvent const &)
                         0x801'a303       0x2  Code  Gb  Application.o [24]
touchgfx::UIEventListener::handleKeyEvent(unsigned char)
                         0x801'a33b       0x2  Code  Gb  Application.o [24]
touchgfx::UIEventListener::handleTickEvent()
                         0x801'a787       0x2  Code  Gb  Application.o [24]
touchgfx::Vector<touchgfx::Drawable *, (unsigned short)32>::removeAt(unsigned short)::string
                         0x800'2058      0x10  Data  Gb  Application.o [24]
touchgfx::Vector<touchgfx::Drawable *, (unsigned short)32>::removeAt(unsigned short)::string (instance 2)
                         0x800'2068      0x98  Data  Gb  Application.o [24]
touchgfx::Vector<touchgfx::Rect, (unsigned short)8>::Vector()
                         0x800'9ae1      0x1c  Code  Gb  Application.o [24]
touchgfx::Vector<touchgfx::Rect, (unsigned short)8>::add(touchgfx::Rect)
                         0x800'9db5      0x4c  Code  Gb  Application.o [24]
touchgfx::Vector<touchgfx::Rect, (unsigned short)8>::add(touchgfx::Rect)::string (instance 2)
                         0x800'1f90      0x30  Data  Gb  Application.o [24]
touchgfx::Vector<touchgfx::Rect, (unsigned short)8>::add(touchgfx::Rect)::string (instance 3)
                         0x800'1fc0      0x98  Data  Gb  Application.o [24]
touchgfx::Vector<touchgfx::Rect, (unsigned short)8>::quickRemoveAt(unsigned short)
                         0x800'9ce1      0x4c  Code  Gb  Application.o [24]
touchgfx::Vector<touchgfx::Rect, (unsigned short)8>::quickRemoveAt(unsigned short)::string
                         0x800'1ee8      0x10  Data  Gb  Application.o [24]
touchgfx::Vector<touchgfx::Rect, (unsigned short)8>::quickRemoveAt(unsigned short)::string (instance 2)
                         0x800'1ef8      0x98  Data  Gb  Application.o [24]
touchgfx::View<Screen1Presenter>::~View()
                         0x801'77ef       0x2  Code  Wk  Screen1ViewBase.o [12]
touchgfx::View<Screen2Presenter>::~View()
                         0x801'9063       0x2  Code  Wk  Screen2ViewBase.o [12]
touchgfx::Widget::getLastChild(short, short, touchgfx::Drawable **)
                         0x801'a7b3      0x12  Code  Gb  SnapshotWidget.o [24]
touchgfx::colortype::colortype(unsigned int)
                         0x800'afdd       0x4  Code  Wk  Screen1ViewBase.o [12]
touchgfx_fonts          0x2400'af10       0xc  Data  Gb  TypedTextDatabase.o [14]
touchgfx_init            0x801'1d3b      0x3a  Code  Gb  TouchGFXConfiguration.o [5]
touchgfx_taskEntry       0x801'1d75       0xa  Code  Gb  TouchGFXConfiguration.o [5]
typedTextDatabaseArray  0x9000'753c       0x4  Data  Gb  TypedTextDatabase.o [14]
typedText_database_DEFAULT
                        0x9000'7534       0x8  Data  Gb  TypedTextDatabase.o [14]
ucHeap                  0x2400'0168    0x8000  Data  Lc  heap_4.o [10]
ucMaxSysCallPriority    0x2400'affa       0x1  Data  Lc  port.o [10]
ulMaxPRIGROUPValue      0x2400'af5c       0x4  Data  Lc  port.o [10]
unicodes_verdana_10_4bpp
                         0x801'a3c4       0x4  Data  Gb  Table_verdana_10_4bpp.o [11]
unicodes_verdana_10_4bpp_0
                        0x9000'74ec      0x18  Data  Gb  Font_verdana_10_4bpp_0.o [11]
unicodes_verdana_20_4bpp
                         0x801'a3c8       0x4  Data  Gb  Table_verdana_20_4bpp.o [11]
unicodes_verdana_20_4bpp_0
                        0x9000'7080     0x2a0  Data  Gb  Font_verdana_20_4bpp_0.o [11]
unicodes_verdana_40_4bpp
                         0x801'a3cc       0x4  Data  Gb  Table_verdana_40_4bpp.o [11]
unicodes_verdana_40_4bpp_0
                        0x9000'7320     0x118  Data  Gb  Font_verdana_40_4bpp_0.o [11]
uwTick                  0x2400'af70       0x4  Data  Gb  stm32h7xx_hal.o [9]
uwTickFreq              0x2400'0164       0x1  Data  Gb  stm32h7xx_hal.o [9]
uwTickPrio              0x2400'0038       0x4  Data  Gb  stm32h7xx_hal.o [9]
uxCriticalNesting       0x2400'0034       0x4  Data  Lc  port.o [10]
uxCurrentNumberOfTasks  0x2400'af84       0x4  Data  Lc  tasks.o [10]
uxDeletedTasksWaitingCleanUp
                        0x2400'af80       0x4  Data  Lc  tasks.o [10]
uxListRemove             0x800'5e95      0x26  Code  Gb  list.o [10]
uxSchedulerSuspended    0x2400'afac       0x4  Data  Lc  tasks.o [10]
uxTaskNumber            0x2400'afa0       0x4  Data  Lc  tasks.o [10]
uxTopReadyPriority      0x2400'af8c       0x4  Data  Lc  tasks.o [10]
vApplicationGetIdleTaskMemory
                         0x800'5ee1      0x18  Code  Wk  cmsis_os2.o [10]
vApplicationGetIdleTaskMemory::Idle_Stack
                        0x2400'a300     0x200  Data  Lc  cmsis_os2.o [10]
vApplicationGetIdleTaskMemory::Idle_TCB
                        0x2400'aa54      0x5c  Data  Lc  cmsis_os2.o [10]
vApplicationGetTimerTaskMemory
                         0x800'5fdd      0x18  Code  Wk  cmsis_os2.o [10]
vApplicationGetTimerTaskMemory::Timer_Stack
                        0x2400'9be8     0x400  Data  Lc  cmsis_os2.o [10]
vApplicationGetTimerTaskMemory::Timer_TCB
                        0x2400'aab0      0x5c  Data  Lc  cmsis_os2.o [10]
vListInitialise          0x800'5e23      0x1e  Code  Gb  list.o [10]
vListInitialiseItem      0x800'5e41       0x6  Code  Gb  list.o [10]
vListInsert              0x800'5e5f      0x36  Code  Gb  list.o [10]
vListInsertEnd           0x800'5e47      0x18  Code  Gb  list.o [10]
vPortEnableVFP           0x800'5fc1            Code  Gb  portasm.o [10]
vPortEnterCritical       0x800'4969      0x34  Code  Gb  port.o [10]
vPortExitCritical        0x800'499d      0x2c  Code  Gb  port.o [10]
vPortFree                0x800'5135      0x7a  Code  Gb  heap_4.o [10]
vPortStartFirstTask      0x800'5fa1            Code  Gb  portasm.o [10]
vPortValidateInterruptPriority
                         0x800'49f1      0x4a  Code  Gb  port.o [10]
vQueueAddToRegistry      0x800'5d21      0x24  Code  Gb  queue.o [10]
vQueueDelete             0x800'5b87      0x2e  Code  Gb  queue.o [10]
vQueueUnregisterQueue    0x800'5d45      0x26  Code  Gb  queue.o [10]
vQueueWaitForMessageRestricted
                         0x800'5d71      0x4a  Code  Gb  queue.o [10]
vTaskDelay               0x800'3fa7      0x4c  Code  Gb  tasks.o [10]
vTaskDelayUntil          0x800'3f03      0xa4  Code  Gb  tasks.o [10]
vTaskInternalSetTimeOutState
                         0x800'43e9      0x12  Code  Gb  tasks.o [10]
vTaskMissedYield         0x800'4483       0xa  Code  Gb  tasks.o [10]
vTaskPlaceOnEventList    0x800'42e3      0x2e  Code  Gb  tasks.o [10]
vTaskPlaceOnEventListRestricted
                         0x800'4311      0x38  Code  Gb  tasks.o [10]
vTaskPriorityDisinheritAfterTimeout
                         0x800'46e9      0x96  Code  Gb  tasks.o [10]
vTaskStartScheduler      0x800'3ff3      0x96  Code  Gb  tasks.o [10]
vTaskSuspendAll          0x800'4089       0xc  Code  Gb  tasks.o [10]
vTaskSwitchContext       0x800'4271      0x72  Code  Gb  tasks.o [10]
vsync_queue             0x2400'af58       0x4  Data  Lc  OSWrappers.o [5]
xActiveTimerList1       0x2400'aed8      0x14  Data  Lc  timers.o [10]
xActiveTimerList2       0x2400'aeec      0x14  Data  Lc  timers.o [10]
xBlockAllocatedBit      0x2400'af44       0x4  Data  Lc  heap_4.o [10]
xDelayedTaskList1       0x2400'ae74      0x14  Data  Lc  tasks.o [10]
xDelayedTaskList2       0x2400'ae88      0x14  Data  Lc  tasks.o [10]
xFreeBytesRemaining     0x2400'af34       0x4  Data  Lc  heap_4.o [10]
xHeapStructSize          0x800'0d74       0x4  Data  Lc  heap_4.o [10]
xIdleTaskHandle         0x2400'afa8       0x4  Data  Lc  tasks.o [10]
xMinimumEverFreeBytesRemaining
                        0x2400'af38       0x4  Data  Lc  heap_4.o [10]
xNextTaskUnblockTime    0x2400'afa4       0x4  Data  Lc  tasks.o [10]
xNumOfOverflows         0x2400'af9c       0x4  Data  Lc  tasks.o [10]
xNumberOfSuccessfulAllocations
                        0x2400'af3c       0x4  Data  Lc  heap_4.o [10]
xNumberOfSuccessfulFrees
                        0x2400'af40       0x4  Data  Lc  heap_4.o [10]
xPendedTicks            0x2400'af94       0x4  Data  Lc  tasks.o [10]
xPendingReadyList       0x2400'ae9c      0x14  Data  Lc  tasks.o [10]
xPortStartScheduler      0x800'489b      0xce  Code  Gb  port.o [10]
xPortSysTickHandler      0x800'49c9      0x28  Code  Gb  port.o [10]
xQueueCreateCountingSemaphore
                         0x800'5479      0x3c  Code  Gb  queue.o [10]
xQueueCreateCountingSemaphoreStatic
                         0x800'5437      0x42  Code  Gb  queue.o [10]
xQueueGenericCreate      0x800'53cb      0x4a  Code  Gb  queue.o [10]
xQueueGenericCreateStatic
                         0x800'5323      0xa8  Code  Gb  queue.o [10]
xQueueGenericReset       0x800'5291      0x92  Code  Gb  queue.o [10]
xQueueGenericSend        0x800'54b5     0x196  Code  Gb  queue.o [10]
xQueueGenericSendFromISR
                         0x800'564b      0xe0  Code  Gb  queue.o [10]
xQueueGiveFromISR        0x800'572b      0xb8  Code  Gb  queue.o [10]
xQueueReceive            0x800'57e3     0x15c  Code  Gb  queue.o [10]
xQueueReceiveFromISR     0x800'5ad9      0xae  Code  Gb  queue.o [10]
xQueueRegistry          0x2400'ace8      0x40  Data  Gb  queue.o [10]
xQueueSemaphoreTake      0x800'593f     0x196  Code  Gb  queue.o [10]
xSchedulerRunning       0x2400'af90       0x4  Data  Lc  tasks.o [10]
xStart                  0x2400'af1c       0x8  Data  Lc  heap_4.o [10]
xSuspendedTaskList      0x2400'aec4      0x14  Data  Lc  tasks.o [10]
xTaskCheckForTimeOut     0x800'4401      0x82  Code  Gb  tasks.o [10]
xTaskCreate              0x800'3d31      0x72  Code  Gb  tasks.o [10]
xTaskCreateStatic        0x800'3cad      0x84  Code  Gb  tasks.o [10]
xTaskGetSchedulerState   0x800'45b9      0x20  Code  Gb  tasks.o [10]
xTaskGetTickCount        0x800'4179       0x8  Code  Gb  tasks.o [10]
xTaskIncrementTick       0x800'4181      0xf0  Code  Gb  tasks.o [10]
xTaskPriorityDisinherit
                         0x800'465b      0x8a  Code  Gb  tasks.o [10]
xTaskPriorityInherit     0x800'45d9      0x82  Code  Gb  tasks.o [10]
xTaskRemoveFromEventList
                         0x800'4365      0x80  Code  Gb  tasks.o [10]
xTaskResumeAll           0x800'4095      0xe4  Code  Gb  tasks.o [10]
xTasksWaitingTermination
                        0x2400'aeb0      0x14  Data  Lc  tasks.o [10]
xTickCount              0x2400'af88       0x4  Data  Lc  tasks.o [10]
xTimerCreate             0x800'4ad7      0x36  Code  Gb  timers.o [10]
xTimerCreateStatic       0x800'4b0d      0x4c  Code  Gb  timers.o [10]
xTimerCreateTimerTask    0x800'4a6d      0x6a  Code  Gb  timers.o [10]
xTimerGenericCommand     0x800'4bad      0x64  Code  Gb  timers.o [10]
xTimerIsTimerActive      0x800'4f8f      0x32  Code  Gb  timers.o [10]
xTimerQueue             0x2400'afc4       0x4  Data  Lc  timers.o [10]
xTimerTaskHandle        0x2400'afc8       0x4  Data  Lc  timers.o [10]
xYieldPending           0x2400'af98       0x4  Data  Lc  tasks.o [10]


[1] = D:\001_Project\B_TouchGFX_Stm32\TouchGFX\MyApplication\EWARM\STM32H7B3I-DK\Obj\Application\EWARM
[2] = D:\001_Project\B_TouchGFX_Stm32\TouchGFX\MyApplication\EWARM\STM32H7B3I-DK\Obj\Application\User\Core
[3] = D:\001_Project\B_TouchGFX_Stm32\TouchGFX\MyApplication\EWARM\STM32H7B3I-DK\Obj\Application\User\TouchGFX\App
[4] = D:\001_Project\B_TouchGFX_Stm32\TouchGFX\MyApplication\EWARM\STM32H7B3I-DK\Obj\Application\User\TouchGFX\target
[5] = D:\001_Project\B_TouchGFX_Stm32\TouchGFX\MyApplication\EWARM\STM32H7B3I-DK\Obj\Application\User\TouchGFX\target\generated
[6] = D:\001_Project\B_TouchGFX_Stm32\TouchGFX\MyApplication\EWARM\STM32H7B3I-DK\Obj\Drivers\BSP\Components
[7] = D:\001_Project\B_TouchGFX_Stm32\TouchGFX\MyApplication\EWARM\STM32H7B3I-DK\Obj\Drivers\BSP\STM32H7B3I-DK
[8] = D:\001_Project\B_TouchGFX_Stm32\TouchGFX\MyApplication\EWARM\STM32H7B3I-DK\Obj\Drivers\CMSIS
[9] = D:\001_Project\B_TouchGFX_Stm32\TouchGFX\MyApplication\EWARM\STM32H7B3I-DK\Obj\Drivers\STM32H7xx_HAL_Driver
[10] = D:\001_Project\B_TouchGFX_Stm32\TouchGFX\MyApplication\EWARM\STM32H7B3I-DK\Obj\Middlewares\FreeRTOS
[11] = D:\001_Project\B_TouchGFX_Stm32\TouchGFX\MyApplication\EWARM\STM32H7B3I-DK\Obj\TouchGFX\generated\fonts
[12] = D:\001_Project\B_TouchGFX_Stm32\TouchGFX\MyApplication\EWARM\STM32H7B3I-DK\Obj\TouchGFX\generated\gui_generated
[13] = D:\001_Project\B_TouchGFX_Stm32\TouchGFX\MyApplication\EWARM\STM32H7B3I-DK\Obj\TouchGFX\generated\images
[14] = D:\001_Project\B_TouchGFX_Stm32\TouchGFX\MyApplication\EWARM\STM32H7B3I-DK\Obj\TouchGFX\generated\texts
[15] = D:\001_Project\B_TouchGFX_Stm32\TouchGFX\MyApplication\EWARM\STM32H7B3I-DK\Obj\TouchGFX\gui\common
[16] = D:\001_Project\B_TouchGFX_Stm32\TouchGFX\MyApplication\EWARM\STM32H7B3I-DK\Obj\TouchGFX\gui\model
[17] = D:\001_Project\B_TouchGFX_Stm32\TouchGFX\MyApplication\EWARM\STM32H7B3I-DK\Obj\TouchGFX\gui\screen1_screen
[18] = D:\001_Project\B_TouchGFX_Stm32\TouchGFX\MyApplication\EWARM\STM32H7B3I-DK\Obj\TouchGFX\gui\screen2_screen
[19] = dl7M_tlf.a
[20] = dlpprt7M_tl_fc.a
[21] = m7M_tlv.a
[22] = rt7M_tl.a
[23] = shb_l.a
[24] = touchgfx_core.a

   95'534 bytes of readonly  code memory
   43'536 bytes of readonly  data memory
  836'605 bytes of readwrite data memory

Errors: none
Warnings: none
